[2026-03-06 17:00:01.382887] Alpha Scanner starting...
  Camel analyses: 10
  Feed entries: 2
  Positions loaded: True
  Prices loaded: True
  High-conviction calls extracted: 231
  Mapped to 1256 instruments: 169
  Ideas in report: 13
  New auto-generated: 10
  Written to /Users/zekezirk/zeke-portfolio/state/alpha-ideas.json
[2026-03-06 17:00:01.441779] Alpha Scanner complete.
[2026-03-07 17:00:02.028061] Alpha Scanner starting...
  Camel analyses: 10
  Feed entries: 2
  Positions loaded: True
  Prices loaded: True
  High-conviction calls extracted: 232
  Mapped to 1256 instruments: 145
  Ideas in report: 13
  New auto-generated: 10
  Written to /Users/zekezirk/zeke-portfolio/state/alpha-ideas.json
[2026-03-07 17:00:02.087754] Alpha Scanner complete.
[2026-03-08 17:00:02.621902] Alpha Scanner starting...
  Camel analyses: 10
  Feed entries: 2
  Positions loaded: True
  Prices loaded: True
  High-conviction calls extracted: 232
  Mapped to 1256 instruments: 145
  Ideas in report: 13
  New auto-generated: 10
  Written to /Users/zekezirk/zeke-portfolio/state/alpha-ideas.json
[2026-03-08 17:00:02.682828] Alpha Scanner complete.
[2026-03-09 17:00:03.215328] Alpha Scanner starting...
  Camel analyses: 10
  Feed entries: 2
  Positions loaded: True
  Prices loaded: True
  High-conviction calls extracted: 232
  Mapped to 1256 instruments: 145
  Ideas in report: 15
  New auto-generated: 10
  Written to /Users/zekezirk/zeke-portfolio/state/alpha-ideas.json
[2026-03-09 17:00:03.279745] Alpha Scanner complete.
[2026-03-10 17:00:00.617826] Alpha Scanner starting...
  Camel analyses: 10
  Feed entries: 2
  Positions loaded: True
  Prices loaded: True
  High-conviction calls extracted: 241
  Mapped to 1256 instruments: 146
  Ideas in report: 16
  New auto-generated: 10
  Written to /Users/zekezirk/zeke-portfolio/state/alpha-ideas.json
[2026-03-10 17:00:00.683263] Alpha Scanner complete.
[2026-03-11 17:00:02.485574] Alpha Scanner starting...
  Camel analyses: 10
  Feed entries: 2
  Positions loaded: True
  Prices loaded: True
  High-conviction calls extracted: 241
  Mapped to 1256 instruments: 146
  Ideas in report: 16
  New auto-generated: 10
  Written to /Users/zekezirk/zeke-portfolio/state/alpha-ideas.json
[2026-03-11 17:00:02.547413] Alpha Scanner complete.
[2026-03-12 17:00:01.126949] Alpha Scanner starting...
  Camel analyses: 10
  Feed entries: 2
  Positions loaded: True
  Prices loaded: True
  High-conviction calls extracted: 274
  Mapped to 1256 instruments: 173
  Ideas in report: 16
  New auto-generated: 10
  Written to /Users/zekezirk/zeke-portfolio/state/alpha-ideas.json
[2026-03-12 17:00:01.190451] Alpha Scanner complete.
[17:00:01] Alpha Scanner V2 starting...
  Loading price histories...
  Loaded 16/16 histories
  [1/3] Running quantitative screens...
    → 6 ideas
  [2/3] Running correlation scanner...
    → 2 ideas
  [3/3] Running options optimizer...
    → 8 ideas
  [4/4] Running portfolio break-even scanner...
    → 11 ideas
  Written 21 total ideas to /Users/zekezirk/zeke-portfolio/state/alpha-ideas.json
    Manual/legacy preserved: 0
    New v2 (deduplicated): 21
      quant_screens: 6
      correlation: 2
      options_opt: 8
      breakeven: 11
  Sending 4 high-conviction Telegram alerts...
[17:00:01] Alpha Scanner V2 complete.
[17:00:04] Alpha Scanner V2 starting...
  Loading price histories...
  Loaded 16/16 histories
  [1/3] Running quantitative screens...
    → 7 ideas
  [2/3] Running correlation scanner...
    → 2 ideas
  [3/3] Running options optimizer...
    → 8 ideas
  [4/4] Running portfolio break-even scanner...
    → 11 ideas
  Written 22 total ideas to /Users/zekezirk/zeke-portfolio/state/alpha-ideas.json
    Manual/legacy preserved: 0
    New v2 (deduplicated): 22
      quant_screens: 7
      correlation: 2
      options_opt: 8
      breakeven: 11
  Sending 4 high-conviction Telegram alerts...
[17:00:04] Alpha Scanner V2 complete.
[17:00:01] Alpha Scanner V2 starting...
  Loading price histories...
  Loaded 16/16 histories
  [1/3] Running quantitative screens...
    → 7 ideas
  [2/3] Running correlation scanner...
    → 2 ideas
  [3/3] Running options optimizer...
    → 8 ideas
  [4/4] Running portfolio break-even scanner...
    → 11 ideas
  Written 22 total ideas to /Users/zekezirk/zeke-portfolio/state/alpha-ideas.json
    Manual/legacy preserved: 0
    New v2 (deduplicated): 22
      quant_screens: 7
      correlation: 2
      options_opt: 8
      breakeven: 11
  Sending 4 high-conviction Telegram alerts...
[17:00:01] Alpha Scanner V2 complete.
[17:00:01] Alpha Scanner V2 starting...
  Loading price histories...
  Loaded 16/16 histories
  [1/3] Running quantitative screens...
    → 2 ideas
  [2/3] Running correlation scanner...
    → 2 ideas
  [3/3] Running options optimizer...
    → 8 ideas
  [4/4] Running portfolio break-even scanner...
    → 11 ideas
  Written 17 total ideas to /Users/zekezirk/zeke-portfolio/state/alpha-ideas.json
    Manual/legacy preserved: 0
    New v2 (deduplicated): 17
      quant_screens: 2
      correlation: 2
      options_opt: 8
      breakeven: 11
  Sending 3 high-conviction Telegram alerts...
[17:00:01] Alpha Scanner V2 complete.
[17:00:01] Alpha Scanner V2 starting...
  Loading price histories...
  Loaded 16/16 histories
  [1/3] Running quantitative screens...
    → 6 ideas
  [2/3] Running correlation scanner...
    → 2 ideas
  [3/3] Running options optimizer...
    → 8 ideas
  [4/4] Running portfolio break-even scanner...
    → 11 ideas
  Written 21 total ideas to /Users/zekezirk/zeke-portfolio/state/alpha-ideas.json
    Manual/legacy preserved: 0
    New v2 (deduplicated): 21
      quant_screens: 6
      correlation: 2
      options_opt: 8
      breakeven: 11
  Sending 3 high-conviction Telegram alerts...
[17:00:01] Alpha Scanner V2 complete.
[17:00:01] Alpha Scanner V2 starting...
  Loading price histories...
  Loaded 16/16 histories
  [1/3] Running quantitative screens...
    → 4 ideas
  [2/3] Running correlation scanner...
    → 2 ideas
  [3/3] Running options optimizer...
    → 8 ideas
  [4/4] Running portfolio break-even scanner...
    → 11 ideas
  Written 19 total ideas to /Users/zekezirk/zeke-portfolio/state/alpha-ideas.json
    Manual/legacy preserved: 0
    New v2 (deduplicated): 19
      quant_screens: 4
      correlation: 2
      options_opt: 8
      breakeven: 11
[17:00:01] Alpha Scanner V2 complete.
[17:00:01] Alpha Scanner V2 starting...
  Loading price histories...
  Loaded 16/16 histories
  [1/3] Running quantitative screens...
    → 3 ideas
  [2/3] Running correlation scanner...
    → 1 ideas
  [3/3] Running options optimizer...
    → 8 ideas
  [4/4] Running portfolio break-even scanner...
    → 11 ideas
  Written 17 total ideas to /Users/zekezirk/zeke-portfolio/state/alpha-ideas.json
    Manual/legacy preserved: 0
    New v2 (deduplicated): 17
      quant_screens: 3
      correlation: 1
      options_opt: 8
      breakeven: 11
  Sending 2 high-conviction Telegram alerts...
[17:00:01] Alpha Scanner V2 complete.
[17:00:01] Alpha Scanner V2 starting...
  Loading price histories...
  Loaded 16/16 histories
  [1/3] Running quantitative screens...
    → 4 ideas
  [2/3] Running correlation scanner...
    → 2 ideas
  [3/3] Running options optimizer...
    → 6 ideas
  [4/4] Running portfolio break-even scanner...
    → 12 ideas
  Written 18 total ideas to /Users/zekezirk/zeke-portfolio/state/alpha-ideas.json
    Manual/legacy preserved: 0
    New v2 (deduplicated): 18
      quant_screens: 4
      correlation: 2
      options_opt: 6
      breakeven: 12
  Sending 4 high-conviction Telegram alerts...
[17:00:01] Alpha Scanner V2 complete.
[17:00:04] Alpha Scanner V2 starting...
  Loading price histories...
  Loaded 16/16 histories
  [1/3] Running quantitative screens...
    → 3 ideas
  [2/3] Running correlation scanner...
    → 2 ideas
  [3/3] Running options optimizer...
    → 6 ideas
  [4/4] Running portfolio break-even scanner...
    → 12 ideas
  Written 17 total ideas to /Users/zekezirk/zeke-portfolio/state/alpha-ideas.json
    Manual/legacy preserved: 0
    New v2 (deduplicated): 17
      quant_screens: 3
      correlation: 2
      options_opt: 6
      breakeven: 12
  Sending 2 high-conviction Telegram alerts...
[17:00:04] Alpha Scanner V2 complete.
[17:00:04] Alpha Scanner V2 starting...
  Loading price histories...
  Loaded 16/16 histories
  [1/3] Running quantitative screens...
    → 3 ideas
  [2/3] Running correlation scanner...
    → 2 ideas
  [3/3] Running options optimizer...
    → 6 ideas
  [4/4] Running portfolio break-even scanner...
    → 12 ideas
  Written 17 total ideas to /Users/zekezirk/zeke-portfolio/state/alpha-ideas.json
    Manual/legacy preserved: 0
    New v2 (deduplicated): 17
      quant_screens: 3
      correlation: 2
      options_opt: 6
      breakeven: 12
  Sending 2 high-conviction Telegram alerts...
[17:00:04] Alpha Scanner V2 complete.
[17:00:01] Alpha Scanner V2 starting...
  Loading price histories...
  Loaded 16/16 histories
  [1/3] Running quantitative screens...
    → 3 ideas
  [2/3] Running correlation scanner...
    → 1 ideas
  [3/3] Running options optimizer...
    → 7 ideas
  [4/4] Running portfolio break-even scanner...
    → 11 ideas
  Written 17 total ideas to /Users/zekezirk/zeke-portfolio/state/alpha-ideas.json
    Manual/legacy preserved: 0
    New v2 (deduplicated): 17
      quant_screens: 3
      correlation: 1
      options_opt: 7
      breakeven: 11
  3 high-conviction ideas (Telegram DISABLED - dashboard only)
[17:00:01] Alpha Scanner V2 complete.
[17:00:01] Alpha Scanner V2 starting...
  Loading price histories...
  Loaded 16/16 histories
  [1/3] Running quantitative screens...
    → 4 ideas
  [2/3] Running correlation scanner...
    → 1 ideas
  [3/3] Running options optimizer...
    → 7 ideas
  [4/4] Running portfolio break-even scanner...
    → 12 ideas
  Written 18 total ideas to /Users/zekezirk/zeke-portfolio/state/alpha-ideas.json
    Manual/legacy preserved: 0
    New v2 (deduplicated): 18
      quant_screens: 4
      correlation: 1
      options_opt: 7
      breakeven: 12
  4 high-conviction ideas (Telegram DISABLED - dashboard only)
[17:00:01] Alpha Scanner V2 complete.
[17:00:01] Alpha Scanner V2 starting...
  Loading price histories...
  Loaded 16/16 histories
  [1/3] Running quantitative screens...
    → 2 ideas
  [2/3] Running correlation scanner...
    → 1 ideas
  [3/3] Running options optimizer...
    → 9 ideas
  [4/4] Running portfolio break-even scanner...
    → 11 ideas
  Written 16 total ideas to /Users/zekezirk/zeke-portfolio/state/alpha-ideas.json
    Manual/legacy preserved: 0
    New v2 (deduplicated): 16
      quant_screens: 2
      correlation: 1
      options_opt: 9
      breakeven: 11
  3 high-conviction ideas (Telegram DISABLED - dashboard only)
[17:00:01] Alpha Scanner V2 complete.
[17:00:01] Alpha Scanner V2 starting...
  Loading price histories...
  Loaded 16/16 histories
  [1/3] Running quantitative screens...
    → 3 ideas
  [2/3] Running correlation scanner...
    → 2 ideas
  [3/3] Running options optimizer...
    → 9 ideas
  [4/4] Running portfolio break-even scanner...
    → 16 ideas
  Written 19 total ideas to /Users/zekezirk/zeke-portfolio/state/alpha-ideas.json
    Manual/legacy preserved: 0
    New v2 (deduplicated): 19
      quant_screens: 3
      correlation: 2
      options_opt: 9
      breakeven: 16
  SKIP alert STAGFLATION HEDGE: /MCL short (entry on break) + TLT sizing review: already in previous run (cooldown will enforce 24h gap)
  SKIP alert STAGFLATION REGIME: /MCL short + review TLT thesis (crude/SPX divergence): already in previous run (cooldown will enforce 24h gap)
  SKIP alert IBIT $48.0C Jun26 — THETA CLIFF: missing entry/stop/target
  3 high-conviction ideas → 0 Telegram alert(s) sent
[17:00:01] Alpha Scanner V2 complete.
[17:00:01] Alpha Scanner V2 starting...
  Loading price histories...
  Loaded 16/16 histories
  [1/3] Running quantitative screens...
    → 4 ideas
  [2/3] Running correlation scanner...
    → 2 ideas
  [3/3] Running options optimizer...
    → 10 ideas
  [4/4] Running portfolio break-even scanner...
    → 17 ideas
  Written 20 total ideas to /Users/zekezirk/zeke-portfolio/state/alpha-ideas.json
    Manual/legacy preserved: 0
    New v2 (deduplicated): 20
      quant_screens: 4
      correlation: 2
      options_opt: 10
      breakeven: 17
  SKIP alert STAGFLATION HEDGE: /MCL short (entry on break) + TLT sizing review: already in previous run (cooldown will enforce 24h gap)
  SKIP alert STAGFLATION REGIME: /MCL short + review TLT thesis (crude/SPX divergence): already in previous run (cooldown will enforce 24h gap)
  SKIP alert IBIT $48.0C Jun26 — THETA CLIFF: missing entry/stop/target
  SKIP alert NOW $112.0C Jun26 — THETA CLIFF: missing entry/stop/target
  4 high-conviction ideas → 0 Telegram alert(s) sent
[17:00:01] Alpha Scanner V2 complete.
[17:00:03] Alpha Scanner V2 starting...
  Loading price histories...
  Loaded 16/16 histories
  [1/3] Running quantitative screens...
    → 4 ideas
  [2/3] Running correlation scanner...
    → 2 ideas
  [3/3] Running options optimizer...
    → 10 ideas
  [4/4] Running portfolio break-even scanner...
    → 17 ideas
  Written 20 total ideas to /Users/zekezirk/zeke-portfolio/state/alpha-ideas.json
    Manual/legacy preserved: 0
    New v2 (deduplicated): 20
      quant_screens: 4
      correlation: 2
      options_opt: 10
      breakeven: 17
  SKIP alert STAGFLATION HEDGE: /MCL short (entry on break) + TLT sizing review: already in previous run (cooldown will enforce 24h gap)
  SKIP alert STAGFLATION REGIME: /MCL short + review TLT thesis (crude/SPX divergence): already in previous run (cooldown will enforce 24h gap)
  SKIP alert IBIT $48.0C Jun26 — THETA CLIFF: missing entry/stop/target
  SKIP alert NOW $112.0C Jun26 — THETA CLIFF: missing entry/stop/target
  4 high-conviction ideas → 0 Telegram alert(s) sent
[17:00:03] Alpha Scanner V2 complete.
[17:00:01] Alpha Scanner V2 starting...
  Loading price histories...
  Loaded 16/16 histories
  [1/3] Running quantitative screens...
    → 4 ideas
  [2/3] Running correlation scanner...
    → 2 ideas
  [3/3] Running options optimizer...
    → 10 ideas
  [4/4] Running portfolio break-even scanner...
    → 17 ideas
  Written 20 total ideas to /Users/zekezirk/zeke-portfolio/state/alpha-ideas.json
    Manual/legacy preserved: 0
    New v2 (deduplicated): 20
      quant_screens: 4
      correlation: 2
      options_opt: 10
      breakeven: 17
  SKIP alert STAGFLATION HEDGE: /MCL short (entry on break) + TLT sizing review: already in previous run (cooldown will enforce 24h gap)
  SKIP alert STAGFLATION REGIME: /MCL short + review TLT thesis (crude/SPX divergence): already in previous run (cooldown will enforce 24h gap)
  SKIP alert IBIT $48.0C Jun26 — THETA CLIFF: missing entry/stop/target
  SKIP alert NOW $112.0C Jun26 — THETA CLIFF: missing entry/stop/target
  4 high-conviction ideas → 0 Telegram alert(s) sent
[17:00:01] Alpha Scanner V2 complete.
[17:00:01] Alpha Scanner V2 starting...
  Loading price histories...
  Loaded 16/16 histories
  [1/3] Running quantitative screens...
    → 3 ideas
  [2/3] Running correlation scanner...
    → 2 ideas
  [3/3] Running options optimizer...
    → 10 ideas
  [4/4] Running portfolio break-even scanner...
    → 16 ideas
  Written 19 total ideas to /Users/zekezirk/zeke-portfolio/state/alpha-ideas.json
    Manual/legacy preserved: 0
    New v2 (deduplicated): 19
      quant_screens: 3
      correlation: 2
      options_opt: 10
      breakeven: 16
  SKIP alert STAGFLATION HEDGE: /MCL short (entry on break) + TLT sizing review: already in previous run (cooldown will enforce 24h gap)
  SKIP alert STAGFLATION REGIME: /MCL short + review TLT thesis (crude/SPX divergence): already in previous run (cooldown will enforce 24h gap)
  SKIP alert IBIT $48.0C Jun26 — THETA CLIFF: missing entry/stop/target
  3 high-conviction ideas → 0 Telegram alert(s) sent
[17:00:01] Alpha Scanner V2 complete.
[17:00:03] Alpha Scanner V2 starting...
  Loading price histories...
  Loaded 16/16 histories
  [1/3] Running quantitative screens...
    → 2 ideas
  [2/3] Running correlation scanner...
    → 2 ideas
  [3/3] Running options optimizer...
    → 11 ideas
  [4/4] Running portfolio break-even scanner...
    → 15 ideas
  Written 18 total ideas to /Users/zekezirk/zeke-portfolio/state/alpha-ideas.json
    Manual/legacy preserved: 0
    New v2 (deduplicated): 18
      quant_screens: 2
      correlation: 2
      options_opt: 11
      breakeven: 15
  SKIP alert STAGFLATION HEDGE: /MCL short (entry on break) + TLT sizing review: already in previous run (cooldown will enforce 24h gap)
  SKIP alert STAGFLATION REGIME: /MCL short + review TLT thesis (crude/SPX divergence): already in previous run (cooldown will enforce 24h gap)
  SKIP alert IBIT $48.0C Jun26 — THETA CLIFF: missing entry/stop/target
  3 high-conviction ideas → 0 Telegram alert(s) sent
[17:00:03] Alpha Scanner V2 complete.
[17:00:04] Alpha Scanner V2 starting...
  Loading price histories...
  Loaded 16/16 histories
  [1/3] Running quantitative screens...
    → 2 ideas
  [2/3] Running correlation scanner...
    → 2 ideas
  [3/3] Running options optimizer...
    → 11 ideas
  [4/4] Running portfolio break-even scanner...
    → 15 ideas
  Written 18 total ideas to /Users/zekezirk/zeke-portfolio/state/alpha-ideas.json
    Manual/legacy preserved: 0
    New v2 (deduplicated): 18
      quant_screens: 2
      correlation: 2
      options_opt: 11
      breakeven: 15
  SKIP alert STAGFLATION HEDGE: /MCL short (entry on break) + TLT sizing review: already in previous run (cooldown will enforce 24h gap)
  SKIP alert STAGFLATION REGIME: /MCL short + review TLT thesis (crude/SPX divergence): already in previous run (cooldown will enforce 24h gap)
  SKIP alert IBIT $48.0C Jun26 — THETA CLIFF: missing entry/stop/target
  3 high-conviction ideas → 0 Telegram alert(s) sent
[17:00:04] Alpha Scanner V2 complete.
[17:00:01] Alpha Scanner V2 starting...
  Loading price histories...
  Loaded 16/16 histories
  [1/3] Running quantitative screens...
    → 2 ideas
  [2/3] Running correlation scanner...
    → 1 ideas
  [3/3] Running options optimizer...
    → 11 ideas
  [4/4] Running portfolio break-even scanner...
    → 15 ideas
  Written 17 total ideas to /Users/zekezirk/zeke-portfolio/state/alpha-ideas.json
    Manual/legacy preserved: 0
    New v2 (deduplicated): 17
      quant_screens: 2
      correlation: 1
      options_opt: 11
      breakeven: 15
  SKIP alert STAGFLATION HEDGE: /MCL short (entry on break) + TLT sizing review: already in previous run (cooldown will enforce 24h gap)
  SKIP alert STAGFLATION REGIME: /MCL short + review TLT thesis (crude/SPX divergence): already in previous run (cooldown will enforce 24h gap)
  SKIP alert IBIT $48.0C Jun26 — THETA CLIFF: missing entry/stop/target
  SKIP alert NOW $112.0C Jun26 — THETA CLIFF: missing entry/stop/target
  4 high-conviction ideas → 0 Telegram alert(s) sent
[17:00:01] Alpha Scanner V2 complete.
[17:00:01] Alpha Scanner V2 starting...
  Loading price histories...
  Loaded 16/16 histories
  [1/3] Running quantitative screens...
    → 2 ideas
  [2/3] Running correlation scanner...
    → 2 ideas
  [3/3] Running options optimizer...
    → 11 ideas
  [4/4] Running portfolio break-even scanner...
    → 15 ideas
  Written 18 total ideas to /Users/zekezirk/zeke-portfolio/state/alpha-ideas.json
    Manual/legacy preserved: 0
    New v2 (deduplicated): 18
      quant_screens: 2
      correlation: 2
      options_opt: 11
      breakeven: 15
  SKIP alert STAGFLATION HEDGE: /MCL short (entry on break) + TLT sizing review: already in previous run (cooldown will enforce 24h gap)
  SKIP alert STAGFLATION REGIME: /MCL short + review TLT thesis (crude/SPX divergence): already in previous run (cooldown will enforce 24h gap)
  SKIP alert IBIT $48.0C Jun26 — THETA CLIFF: missing entry/stop/target
  SKIP alert NOW $112.0C Jun26 — THETA CLIFF: missing entry/stop/target
  4 high-conviction ideas → 0 Telegram alert(s) sent
[17:00:01] Alpha Scanner V2 complete.
[17:00:02] Alpha Scanner V2 starting...
  Loading price histories...
  Loaded 16/16 histories
  [1/3] Running quantitative screens...
    → 2 ideas
  [2/3] Running correlation scanner...
    → 2 ideas
  [3/3] Running options optimizer...
    → 11 ideas
  [4/4] Running portfolio break-even scanner...
    → 15 ideas
  Written 18 total ideas to /Users/zekezirk/zeke-portfolio/state/alpha-ideas.json
    Manual/legacy preserved: 0
    New v2 (deduplicated): 18
      quant_screens: 2
      correlation: 2
      options_opt: 11
      breakeven: 15
  SKIP alert STAGFLATION HEDGE: /MCL short (entry on break) + TLT sizing review: already in previous run (cooldown will enforce 24h gap)
  SKIP alert STAGFLATION REGIME: /MCL short + review TLT thesis (crude/SPX divergence): already in previous run (cooldown will enforce 24h gap)
  SKIP alert IBIT $48.0C Jun26 — THETA CLIFF: missing entry/stop/target
  SKIP alert NOW $112.0C Jun26 — THETA CLIFF: missing entry/stop/target
  4 high-conviction ideas → 0 Telegram alert(s) sent
[17:00:02] Alpha Scanner V2 complete.
[17:00:01] Alpha Scanner V2 starting...
  Loading price histories...
  Loaded 16/16 histories
  [1/3] Running quantitative screens...
    → 2 ideas
  [2/3] Running correlation scanner...
    → 1 ideas
  [3/3] Running options optimizer...
    → 11 ideas
  [4/4] Running portfolio break-even scanner...
    → 15 ideas
  Written 17 total ideas to /Users/zekezirk/zeke-portfolio/state/alpha-ideas.json
    Manual/legacy preserved: 0
    New v2 (deduplicated): 17
      quant_screens: 2
      correlation: 1
      options_opt: 11
      breakeven: 15
  SKIP alert STAGFLATION HEDGE: /MCL short (entry on break) + TLT sizing review: already in previous run (cooldown will enforce 24h gap)
  SKIP alert STAGFLATION REGIME: /MCL short + review TLT thesis (crude/SPX divergence): already in previous run (cooldown will enforce 24h gap)
  SKIP alert IBIT $48.0C Jun26 — THETA CLIFF: missing entry/stop/target
  SKIP alert NOW $112.0C Jun26 — THETA CLIFF: missing entry/stop/target
  4 high-conviction ideas → 0 Telegram alert(s) sent
[17:00:01] Alpha Scanner V2 complete.
[17:00:02] Alpha Scanner V2 starting...
  Loading price histories...
  Loaded 16/16 histories
  [1/3] Running quantitative screens...
    → 3 ideas
  [2/3] Running correlation scanner...
    → 1 ideas
  [3/3] Running options optimizer...
    → 11 ideas
  [4/4] Running portfolio break-even scanner...
    → 15 ideas
  Written 18 total ideas to /Users/zekezirk/zeke-portfolio/state/alpha-ideas.json
    Manual/legacy preserved: 0
    New v2 (deduplicated): 18
      quant_screens: 3
      correlation: 1
      options_opt: 11
      breakeven: 15
[2026-04-06T21:00:02Z] SENT [ACTION][alpha_high_conviction] key='alpha_CRUDE': CRUDE — reduce / add short hedge — CRUDE within 0.0% of 20-day high (112.90) on 63% of average volume. RSI: 71.9. Volume
  ✓ Telegram sent: CRUDE — reduce / add short hedge (conviction 10/10)
  SKIP alert STAGFLATION HEDGE: /MCL short (entry on break) + TLT sizing review: already in previous run (cooldown will enforce 24h gap)
  SKIP alert STAGFLATION REGIME: /MCL short + review TLT thesis (crude/SPX divergence): already in previous run (cooldown will enforce 24h gap)
  SKIP alert IBIT $48.0C Jun26 — THETA CLIFF: missing entry/stop/target
  SKIP alert NOW $112.0C Jun26 — THETA CLIFF: missing entry/stop/target
  5 high-conviction ideas → 1 Telegram alert(s) sent
[17:00:02] Alpha Scanner V2 complete.
[17:00:01] Alpha Scanner V2 starting...
  Camel thesis loaded: 11 active calls
  Loading price histories...
  Loaded 16/16 histories
  [1/3] Running quantitative screens...
    → 3 ideas
  [2/3] Running correlation scanner...
    → 1 ideas
  [3/3] Running options optimizer...
    → 11 ideas
  [4/4] Running portfolio break-even scanner...
    → 15 ideas
  Universe filter: 18 -> 15 (dropped 3 irrelevant)
  Written 15 total ideas to /Users/zekezirk/zeke-portfolio/state/alpha-ideas.json
    Manual/legacy preserved: 0
    New v2 (deduplicated): 15
      quant_screens: 3
      correlation: 1
      options_opt: 11
      breakeven: 15
  SKIP alert Silver left translation risk (day 17): already in previous run (cooldown will enforce 24h gap)
  SKIP alert IBIT $48.0C Jun26 — THETA CLIFF: missing entry/stop/target
  SKIP alert NOW $112.0C Jun26 — THETA CLIFF: missing entry/stop/target
  3 high-conviction ideas → 0 Telegram alert(s) sent
  Fed 1 cycle findings to learning feed
[17:00:01] Alpha Scanner V2 complete.
[17:00:01] Alpha Scanner V2 starting...
  Camel thesis loaded: 11 active calls
  Loading price histories...
  Loaded 16/16 histories
  [1/3] Running quantitative screens...
    → 2 ideas
  [2/3] Running correlation scanner...
    → 2 ideas
  [3/3] Running options optimizer...
    → 10 ideas
  [4/4] Running portfolio break-even scanner...
    → 14 ideas
  Universe filter: 18 -> 15 (dropped 3 irrelevant)
  Written 15 total ideas to /Users/zekezirk/zeke-portfolio/state/alpha-ideas.json
    Manual/legacy preserved: 0
    New v2 (deduplicated): 15
      quant_screens: 2
      correlation: 2
      options_opt: 10
      breakeven: 14
  [skip telegram] SPX — reduce / add short hedge: saved for morning briefing
  ✗ Alert suppressed (cooldown/rate limit): SPX — reduce / add short hedge
  SKIP alert IBIT $48.0C Jun26 — THETA CLIFF: missing entry/stop/target
  SKIP alert NOW $112.0C Jun26 — THETA CLIFF: missing entry/stop/target
  3 high-conviction ideas → 0 Telegram alert(s) sent
[17:00:01] Alpha Scanner V2 complete.
[17:00:01] Alpha Scanner V2 starting...
  Camel thesis loaded: 13 active calls
  Loading price histories...
  Loaded 16/16 histories
  [1/3] Running quantitative screens...
    → 2 ideas
  [2/3] Running correlation scanner...
    → 3 ideas
  [3/3] Running options optimizer...
    → 10 ideas
  [4/4] Running portfolio break-even scanner...
    → 13 ideas
  Universe filter: 18 -> 14 (dropped 4 irrelevant)
  Written 14 total ideas to /Users/zekezirk/zeke-portfolio/state/alpha-ideas.json
    Manual/legacy preserved: 0
    New v2 (deduplicated): 14
      quant_screens: 2
      correlation: 3
      options_opt: 10
      breakeven: 13
  SKIP alert SPX — reduce / add short hedge: already in previous run (cooldown will enforce 24h gap)
  SKIP alert IBIT $48.0C Jun26 — THETA CLIFF: missing entry/stop/target
  SKIP alert NOW $112.0C Jun26 — THETA CLIFF: missing entry/stop/target
  3 high-conviction ideas → 0 Telegram alert(s) sent
[17:00:01] Alpha Scanner V2 complete.
[17:00:01] Alpha Scanner V2 starting...
  Camel thesis loaded: 14 active calls
  Loading price histories...
  Loaded 16/16 histories
  [1/3] Running quantitative screens...
    → 2 ideas
  [2/3] Running correlation scanner...
    → 1 ideas
  [3/3] Running options optimizer...
    → 9 ideas
  [4/4] Running portfolio break-even scanner...
    → 14 ideas
  Universe filter: 16 -> 14 (dropped 2 irrelevant)
  Written 14 total ideas to /Users/zekezirk/zeke-portfolio/state/alpha-ideas.json
    Manual/legacy preserved: 0
    New v2 (deduplicated): 14
      quant_screens: 2
      correlation: 1
      options_opt: 9
      breakeven: 14
  SKIP alert SPX — reduce / add short hedge: already in previous run (cooldown will enforce 24h gap)
  SKIP alert IBIT $48.0C Jun26 — THETA CLIFF: missing entry/stop/target
  SKIP alert NOW $112.0C Jun26 — THETA CLIFF: missing entry/stop/target
  3 high-conviction ideas → 0 Telegram alert(s) sent
[17:00:01] Alpha Scanner V2 complete.
[17:00:01] Alpha Scanner V2 starting...
  Camel thesis loaded: 14 active calls
  Loading price histories...
  Loaded 16/16 histories
  [1/3] Running quantitative screens...
    → 1 ideas
  [2/3] Running correlation scanner...
    → 1 ideas
  [3/3] Running options optimizer...
    → 9 ideas
  [4/4] Running portfolio break-even scanner...
    → 14 ideas
  Universe filter: 15 -> 13 (dropped 2 irrelevant)
  Written 13 total ideas to /Users/zekezirk/zeke-portfolio/state/alpha-ideas.json
    Manual/legacy preserved: 0
    New v2 (deduplicated): 13
      quant_screens: 1
      correlation: 1
      options_opt: 9
      breakeven: 14
  SKIP alert IBIT $48.0C Jun26 — THETA CLIFF: missing entry/stop/target
  SKIP alert NOW $112.0C Jun26 — THETA CLIFF: missing entry/stop/target
  2 high-conviction ideas → 0 Telegram alert(s) sent
[17:00:01] Alpha Scanner V2 complete.
[17:00:01] Alpha Scanner V2 starting...
  Camel thesis loaded: 14 active calls
  Loading price histories...
  Loaded 16/16 histories
  [1/3] Running quantitative screens...
    → 1 ideas
  [2/3] Running correlation scanner...
    → 1 ideas
  [3/3] Running options optimizer...
    → 9 ideas
  [4/4] Running portfolio break-even scanner...
    → 14 ideas
  Universe filter: 15 -> 13 (dropped 2 irrelevant)
  Written 13 total ideas to /Users/zekezirk/zeke-portfolio/state/alpha-ideas.json
    Manual/legacy preserved: 0
    New v2 (deduplicated): 13
      quant_screens: 1
      correlation: 1
      options_opt: 9
      breakeven: 14
  SKIP alert IBIT $48.0C Jun26 — THETA CLIFF: missing entry/stop/target
  SKIP alert NOW $112.0C Jun26 — THETA CLIFF: missing entry/stop/target
  2 high-conviction ideas → 0 Telegram alert(s) sent
[17:00:01] Alpha Scanner V2 complete.
[17:00:01] Alpha Scanner V2 starting...
  Camel thesis loaded: 10 active calls
  Loading price histories...
  Loaded 16/16 histories
  [1/3] Running quantitative screens...
    → 2 ideas
  [2/3] Running correlation scanner...
    → 1 ideas
  [3/3] Running options optimizer...
    → 9 ideas
  [4/4] Running portfolio break-even scanner...
    → 12 ideas
  Universe filter: 14 -> 12 (dropped 2 irrelevant)
  PENALIZED SLV: CONTRADICTS_CAMEL_BEARISH (1->1)
  PENALIZED TLT: CONTRADICTS_CAMEL_BEARISH (1->1)
  PENALIZED GDX: CONTRADICTS_CAMEL_BEARISH (1->1)
  Written 12 total ideas to /Users/zekezirk/zeke-portfolio/state/alpha-ideas.json
    Manual/legacy preserved: 0
    New v2 (deduplicated): 12
      quant_screens: 2
      correlation: 1
      options_opt: 9
      breakeven: 12
  [skip telegram] SPX — reduce / add short hedge: saved for morning briefing
  ✗ Alert suppressed (cooldown/rate limit): SPX — reduce / add short hedge
  SKIP alert IBIT $48.0C Jun26 — THETA CLIFF: missing entry/stop/target
  2 high-conviction ideas → 0 Telegram alert(s) sent
[17:00:01] Alpha Scanner V2 complete.
