[2026-04-20T02:16:26.396948+00:00] === briefing prestage starting ===
[2026-04-20T02:16:26.397327+00:00] START fetch_prices
[2026-04-20T02:16:31.830670+00:00]   OK fetch_prices (5.4s)
[2026-04-20T02:16:31.830908+00:00] START fetch_option_quotes
[2026-04-20T02:16:36.888823+00:00]   OK fetch_option_quotes (5.1s)
[2026-04-20T02:16:36.889029+00:00] START refresh_positions
[2026-04-20T02:16:36.907346+00:00]   OK refresh_positions (0.0s)
[2026-04-20T02:16:36.907464+00:00] START camel_yt_posts
[2026-04-20T02:16:47.903289+00:00]   OK camel_yt_posts (11.0s)
[2026-04-20T02:16:47.903562+00:00] START multi_x_monitor
[2026-04-20T02:18:19.127342+00:00]   OK multi_x_monitor (91.2s)
[2026-04-20T02:18:19.127805+00:00] START scenario_tracker
[2026-04-20T02:18:19.156913+00:00]   OK scenario_tracker (0.0s)
[2026-04-20T02:18:19.157067+00:00] START ct_confluence
[2026-04-20T02:18:19.183219+00:00]   OK ct_confluence (0.0s)
[2026-04-20T02:18:19.183304+00:00] === briefing prestage done (112.8s total) ===
[2026-04-20T09:45:01.992964+00:00] === briefing prestage starting ===
[2026-04-20T09:45:01.993656+00:00] START fetch_prices
[2026-04-20T09:45:07.083429+00:00]   OK fetch_prices (5.1s)
[2026-04-20T09:45:07.083656+00:00] START fetch_option_quotes
[2026-04-20T09:45:11.369676+00:00]   OK fetch_option_quotes (4.3s)
[2026-04-20T09:45:11.369882+00:00] START refresh_positions
[2026-04-20T09:45:11.391273+00:00]   OK refresh_positions (0.0s)
[2026-04-20T09:45:11.391443+00:00] START camel_yt_posts
[2026-04-20T09:45:22.692823+00:00]   OK camel_yt_posts (11.3s)
[2026-04-20T09:45:22.693258+00:00] START multi_x_monitor
