
=== BTC TRAILING-STOP BACKTEST ===
  Cycles: 165  Triggers: 158 (95.8%)
  Capture mean: 0.8861  (q25 0.8664)
  DD avoided mean: 7.89%
  Days peak→trigger median: 4.0

=== LIVE READOUT ===
  BTC: 77612  peak 79468 (3d ago)  drop 2.34% / 0.77 ATR  tier=hold

Wrote /Users/zekezirk/zeke-portfolio/state/btc-trailing-monitor.json

=== BTC TRAILING-STOP BACKTEST ===
  Cycles: 165  Triggers: 158 (95.8%)
  Capture mean: 0.8861  (q25 0.8664)
  DD avoided mean: 7.89%
  Days peak→trigger median: 4.0

=== LIVE READOUT ===
  BTC: 77612  peak 79468 (3d ago)  drop 2.34% / 0.77 ATR  tier=hold

Wrote /Users/zekezirk/zeke-portfolio/state/btc-trailing-monitor.json

=== BTC TRAILING-STOP BACKTEST ===
  Cycles: 165  Triggers: 158 (95.8%)
  Capture mean: 0.8861  (q25 0.8664)
  DD avoided mean: 7.89%
  Days peak→trigger median: 4.0

=== LIVE READOUT ===
  BTC: 78658  peak 79468 (4d ago)  drop 1.02% / 0.34 ATR  tier=hold

Wrote /Users/zekezirk/zeke-portfolio/state/btc-trailing-monitor.json
