[2026-03-22T03:00:04Z] === L2 Cross-Domain Synthesis ===
[2026-03-22T03:00:04Z] Calling nemotron-3-super:120b with 15 findings...
[2026-03-22T03:03:11Z] Response (4201 chars): We need to produce 1-3 specific trade recommendations referencing positions we hold, citing evidence from findings, stating concrete action, confidence with justification.

We have many positions: GLD
[2026-03-22T03:03:11Z] Written 3 recommendations to /Users/zekezirk/zeke-portfolio/state/l2-recommendations.json
[2026-03-22T03:03:11Z] === Done. 3 recommendations. ===
[2026-03-23T03:00:03Z] === L2 Cross-Domain Synthesis ===
[2026-03-23T03:00:03Z] Calling nemotron-3-super:120b with 15 findings...
[2026-03-23T03:01:55Z] Response (2332 chars): We need to output only structured recommendations, no extra text. Must reference a specific position we hold (by ticker and strike). Must cite evidence from findings. Must state concrete action: HOLD,
[2026-03-23T03:01:55Z] Written 2 recommendations to /Users/zekezirk/zeke-portfolio/state/l2-recommendations.json
[2026-03-23T03:01:55Z] Telegram not configured
[2026-03-23T03:01:55Z] === Done. 2 recommendations. ===
[2026-03-24T03:00:04Z] === L2 Cross-Domain Synthesis ===
[2026-03-24T03:00:04Z] Calling nemotron-3-super:120b with 15 findings...
[2026-03-24T03:02:37Z] Response (4829 chars): We need to output only structured recommendations, no extra text. Must reference a specific position we hold (by ticker and strike). Use findings. Provide action: HOLD, ADD, TRIM, EXIT, SET STOP at $X
[2026-03-24T03:02:37Z] Written 7 recommendations to /Users/zekezirk/zeke-portfolio/state/l2-recommendations.json
[2026-03-24T03:02:37Z] Telegram not configured
[2026-03-24T03:02:37Z] === Done. 7 recommendations. ===
[2026-03-25T03:00:04Z] === L2 Cross-Domain Synthesis ===
[2026-03-25T03:00:04Z] Calling nemotron-3-super:120b with 15 findings...
[2026-03-25T03:01:58Z] Response (2115 chars): We need to output only structured recommendations, no extra text. Must reference a specific position we hold (by ticker and strike). Must cite evidence from findings above. Must state concrete action:
[2026-03-25T03:01:58Z] Written 2 recommendations to /Users/zekezirk/zeke-portfolio/state/l2-recommendations.json
[2026-03-25T03:01:58Z] === Done. 2 recommendations. ===
[2026-03-26T03:00:01Z] === L2 Cross-Domain Synthesis ===
[2026-03-26T03:00:01Z] Calling nemotron-3-super:120b with 15 findings...
[2026-03-26T03:02:59Z] Raw response (4217 chars): We need to output only recommendation block(s). Must reference a specific position listed under CURRENT POSITIONS (by ticker and strike). Must cite evidence from findings with specific data point. Must state concrete action: HOLD, ADD, TRIM, EXIT, SET STOP at $X, MONITOR level Y. Rate confidence 1-1
[2026-03-26T03:02:59Z] Cleaned response (518 chars): RECOMMENDATION: [specific action on specific position]
EVIDENCE: [which finding supports this, with the data point]
CONFIDENCE: [1-10] — [one sentence why]

No extra lines.





RECOMMENDATION: ADD GLD $470.0 call_option x5 exp 2026-12-18
EVIDENCE: As of 2026-03-25, GLD is trading at $182.50, with i
[2026-03-26T03:02:59Z] 
--- Evaluating recommendation 1 ---
[2026-03-26T03:02:59Z] RECOMMENDATION: [specific action on specific position]
EVIDENCE: [which finding supports this, with the data point]
CONFIDENCE: [1-10] — [one sentence why]

No extra lines.
[2026-03-26T03:02:59Z]   confidence=None, action=None, ticker=None
[2026-03-26T03:02:59Z]   ⚠ DISCARDED — No parseable confidence score
[2026-03-26T03:02:59Z] 
--- Evaluating recommendation 2 ---
[2026-03-26T03:02:59Z] RECOMMENDATION: ADD GLD $470.0 call_option x5 exp 2026-12-18
EVIDENCE: As of 2026-03-25, GLD is trading at $182.50, with its 20-day SMA at $178.30 and RSI at 52, indicating a potential bullish crossover above the SMA with momentum building.
CONFIDENC
[2026-03-26T03:02:59Z]   confidence=8, action=ADD, ticker=GLD
[2026-03-26T03:02:59Z]   ✓ PASSED all quality gates — surfacing recommendation
[2026-03-26T03:02:59Z] Logged 1 discarded recommendation(s) to /Users/zekezirk/zeke-portfolio/state/l2-discarded.json
[2026-03-26T03:02:59Z] Written 1 surfaced recommendation(s) to /Users/zekezirk/zeke-portfolio/state/l2-recommendations.json (1 discarded)
[2026-03-26T03:02:59Z] Telegram suppressed — no recs met confidence>=9 + time-sensitive criteria
[2026-03-26T03:02:59Z] === Done. 1 surfaced, 1 discarded. ===
