[2026-03-14T16:06:03Z] morning_briefing.py starting
[2026-03-14T16:06:03Z] WARN: could not load morning-briefing-state.json: [Errno 2] No such file or directory: '/Users/zekezirk/zeke-portfolio/state/morning-briefing-state.json'
[2026-03-14T16:06:03Z] Wrote morning-alpha.md
[2026-03-14T16:06:04Z] Telegram sent OK
[2026-03-14T16:06:04Z] Briefing sent and state updated
[2026-03-14T16:09:11Z] morning_briefing.py starting
[2026-03-14T16:09:11Z] Already sent today — skipping
[2026-03-15T10:30:02Z] morning_briefing.py starting
[2026-03-15T10:30:02Z] morning_briefing.py starting
[2026-03-15T10:30:02Z] Wrote morning-alpha.md
[2026-03-15T10:30:02Z] Wrote morning-alpha.md
[2026-03-15T10:30:03Z] Telegram sent OK
[2026-03-15T10:30:03Z] Telegram sent OK
[2026-03-15T10:30:03Z] Briefing sent and state updated
[2026-03-15T10:30:03Z] Briefing sent and state updated
[2026-03-16T10:30:02Z] morning_briefing.py starting
[2026-03-16T10:30:02Z] morning_briefing.py starting
[2026-03-16T10:30:02Z] Wrote morning-alpha.md
[2026-03-16T10:30:02Z] Wrote morning-alpha.md
[2026-03-16T10:30:03Z] Telegram sent OK
[2026-03-16T10:30:03Z] Telegram sent OK
[2026-03-16T10:30:03Z] Briefing sent and state updated
[2026-03-16T10:30:03Z] Briefing sent and state updated
[2026-03-17T10:30:00Z] morning_briefing.py starting
[2026-03-17T10:30:00Z] morning_briefing.py starting
[2026-03-17T10:30:00Z] Wrote morning-alpha.md
[2026-03-17T10:30:00Z] Wrote morning-alpha.md
[2026-03-17T10:30:00Z] Telegram sent OK
[2026-03-17T10:30:00Z] Telegram sent OK
[2026-03-17T10:30:00Z] Briefing sent and state updated
[2026-03-17T10:30:00Z] Briefing sent and state updated
[2026-03-18T10:30:03Z] morning_briefing.py starting
[2026-03-18T10:30:03Z] morning_briefing.py starting
[2026-03-18T10:30:03Z] Wrote morning-alpha.md
[2026-03-18T10:30:03Z] Wrote morning-alpha.md
[2026-03-18T10:30:08Z] Telegram sent OK
[2026-03-18T10:30:08Z] Telegram sent OK
[2026-03-18T10:30:08Z] Briefing sent and state updated
[2026-03-18T10:30:08Z] Briefing sent and state updated
[2026-03-19T10:30:01Z] morning_briefing.py starting
[2026-03-19T10:30:01Z] morning_briefing.py starting
[2026-03-19T10:30:01Z] Wrote morning-alpha.md
[2026-03-19T10:30:01Z] Wrote morning-alpha.md
[2026-03-19T10:30:01Z] Telegram sent OK
[2026-03-19T10:30:01Z] Telegram sent OK
[2026-03-19T10:30:01Z] Briefing sent and state updated
[2026-03-19T10:30:01Z] Briefing sent and state updated
[2026-03-20T10:30:00Z] morning_briefing.py starting
[2026-03-20T10:30:00Z] morning_briefing.py starting
[2026-03-20T10:30:00Z] Wrote morning-alpha.md
[2026-03-20T10:30:00Z] Wrote morning-alpha.md
[2026-03-20T10:30:00Z] Telegram sent OK
[2026-03-20T10:30:00Z] Telegram sent OK
[2026-03-20T10:30:00Z] Briefing sent and state updated
[2026-03-20T10:30:00Z] Briefing sent and state updated
[2026-03-21T10:30:01Z] Weekend - skipping
[2026-03-21T10:30:01Z] Weekend - skipping
[2026-03-22T10:30:04Z] Weekend - skipping
[2026-03-22T10:30:04Z] Weekend - skipping
[2026-03-23T10:30:03Z] morning_briefing.py starting
[2026-03-23T10:30:03Z] morning_briefing.py starting
[2026-03-23T10:30:03Z] Wrote morning-alpha.md
[2026-03-23T10:30:03Z] Wrote morning-alpha.md
[2026-03-23T10:30:04Z] Telegram sent OK
[2026-03-23T10:30:04Z] Telegram sent OK
[2026-03-23T10:30:04Z] Briefing sent and state updated
[2026-03-23T10:30:04Z] Briefing sent and state updated
