[2026-04-08 10:46:46] === Multi-X Monitor ===
[2026-04-08 10:46:46] Checking @camelfinance (cycle_trading)...
[2026-04-08 10:46:48]   No tweets found
[2026-04-08 10:46:48] Checking @LukeGromen (macro_gold)...
[2026-04-08 10:46:50]   No tweets found
[2026-04-08 10:46:50] Checking @LynAldenContact (macro_bonds)...
[2026-04-08 10:46:52]   No tweets found
[2026-04-08 10:46:52] Checking @JeffSnider_AIP (macro_bonds)...
[2026-04-08 10:46:52]   No tweets found
[2026-04-08 10:46:52] Checking @RussellNapier (macro_gold)...
[2026-04-08 10:46:53]   No tweets found
[2026-04-08 10:46:53] Checking @SantiagoAuFund (gold_specialist)...
[2026-04-08 10:46:54]   No tweets found
[2026-04-08 10:46:54] Checking @PeterSchiff (macro_gold)...
[2026-04-08 10:46:56]   No tweets found
[2026-04-08 10:46:56] Checking @Tradingnrg (commodities)...
[2026-04-08 10:46:56]   No tweets found
[2026-04-08 10:46:56] Checking @NorthstarCharts (cycle_trading)...
[2026-04-08 10:46:58]   No tweets found
[2026-04-08 10:46:58] Checking @TaviCosta (macro_gold)...
[2026-04-08 10:46:59]   No tweets found
[2026-04-08 10:46:59] Checking @biaborinux (macro_bonds)...
[2026-04-08 10:46:59]   No tweets found
[2026-04-08 10:46:59] Checking @GoldTelegraph_ (gold_specialist)...
[2026-04-08 10:47:00]   No tweets found
[2026-04-08 10:47:00] === Done: 0 new tweets across 12 accounts ===
[2026-04-08 10:48:11] Testing @LukeGromen...
[2026-04-08 10:48:17]   5 tweets, 3 new financial
[2026-04-08 10:48:17] Testing @LynAldenContact...
[2026-04-08 10:48:23]   4 tweets, 1 new financial
