[2026-04-19T21:27:05.935215+00:00] [INFO] === cycle 1 ===
[2026-04-19T21:27:06.356942+00:00] [INFO]   DETECT alpha-scanner ticker field missing
[2026-04-19T21:27:06.359027+00:00] [INFO]   wrote session briefing (10 capability groups, 2 broken integrations)
[2026-04-19T21:27:06.359177+00:00] [INFO]   cycle 1 done in 0.4s, 0 actions
[2026-04-19T21:28:35.826580+00:00] [INFO] === cycle 2 ===
[2026-04-19T21:28:36.253326+00:00] [INFO]   wrote session briefing (10 capability groups, 0 broken integrations)
[2026-04-19T21:28:36.253476+00:00] [INFO]   cycle 2 done in 0.4s, 0 actions
[2026-04-19T21:28:36.322604+00:00] [INFO] === ORCHESTRATOR STARTED pid=89993 ===
[2026-04-19T21:28:36.322995+00:00] [INFO] === cycle 3 ===
[2026-04-19T21:28:36.748166+00:00] [INFO]   wrote session briefing (10 capability groups, 0 broken integrations)
[2026-04-19T21:28:36.748301+00:00] [INFO]   cycle 3 done in 0.4s, 0 actions
[2026-04-19T21:28:46.350185+00:00] [INFO] signal 15, exiting cleanly
[2026-04-19T21:28:46.438825+00:00] [INFO] === ORCHESTRATOR STARTED pid=90012 ===
[2026-04-19T21:28:46.439236+00:00] [INFO] === cycle 4 ===
[2026-04-19T21:28:46.880179+00:00] [INFO]   wrote session briefing (10 capability groups, 0 broken integrations)
[2026-04-19T21:28:46.880326+00:00] [INFO]   cycle 4 done in 0.4s, 0 actions
[2026-04-19T21:41:31.209932+00:00] [INFO] signal 15, exiting cleanly
[2026-04-19T21:41:31.300093+00:00] [INFO] === ORCHESTRATOR STARTED pid=90414 ===
[2026-04-19T21:41:31.301125+00:00] [INFO] === cycle 5 ===
[2026-04-19T21:41:31.764166+00:00] [INFO]   wrote session briefing (10 capability groups, 0 broken integrations)
[2026-04-19T21:41:31.764311+00:00] [INFO]   cycle 5 done in 0.5s, 0 actions
[2026-04-19T22:41:31.939587+00:00] [INFO] === cycle 6 ===
[2026-04-19T22:41:32.597771+00:00] [INFO]   wrote session briefing (10 capability groups, 0 broken integrations)
[2026-04-19T22:41:32.597895+00:00] [INFO]   cycle 6 done in 0.7s, 0 actions
