ZEKE PORTFOLIO INTELLIGENCE — 2026-04-18 13:58 ET
============================================================

PRICES (last close):
  GLD: $445.93
  SLV: $73.63
  GDX: $100.34
  SILJ: $33.0
  TLT: $87.07

GOLD CYCLE: day 25 (window 22-28), weekly week 1
  DCL confirmed: False
  Camel: Phase: approaching_low. Thesis (7/10): True cycle low bottom is forming with early doors signs

ACTIONABLE SIGNALS:
  → GOLD DCL: day 25 IN WINDOW, NOT yet confirmed. Watch for swing low + SMA10 reclaim. DO NOT deploy yet.
  → /SIL: silver $73.63, stop $59.0 (19.9% room), P&L per contract ~$110
  → BIGGEST BLEEDER: TLT $101.0C x3150 -69% ($-281,056 unrealized loss)
  → EXIT PLAN REVIEW: Gold weekly week 1. Original May-June exit window assumed late-cycle. Fresh weekly → exit more likely Aug-Oct 2026. Validate with Camel updates.

IN-THE-MONEY POSITIONS:
  E*TRADE: SLV $65.0C x10 exp 2027-01-15 — intrinsic $8,630
  E*TRADE: GLD $430.0C x3 exp 2026-12-18 — intrinsic $4,779
  401k: GDX $100.0C x95 exp 2027-01-15 — intrinsic $3,230
  401k: GLD $395.0C x5 exp 2027-01-15 — intrinsic $25,465
  401k: SILJ $27.0C x25 exp 2027-01-15 — intrinsic $15,000
  401k: SLV $65.0C x35 exp 2027-06-17 — intrinsic $30,205

401k total unrealized P&L: $-646,604

✓ Snapshot: /Users/zekezirk/zeke-portfolio/state/portfolio-intelligence-latest.json
✓ Briefing: /Users/zekezirk/zeke-portfolio/state/portfolio-briefing-latest.txt

⚠ 1 action alert(s) required — briefing should be pushed.
