[2026-03-22 09:07 ET] Outside market hours. Exiting.
[2026-03-22 09:12 ET] Outside market hours. Exiting.
[2026-03-22 09:17 ET] Outside market hours. Exiting.
[2026-03-22 09:22 ET] Outside market hours. Exiting.
[2026-03-22 09:27 ET] Outside market hours. Exiting.
[2026-03-22 09:32 ET] Outside market hours. Exiting.
[2026-03-22 09:37 ET] Outside market hours. Exiting.
[2026-03-22 09:42 ET] Outside market hours. Exiting.
[2026-03-22 09:47 ET] Outside market hours. Exiting.
[2026-03-22 09:52 ET] Outside market hours. Exiting.
[2026-03-22 09:57 ET] Outside market hours. Exiting.
[2026-03-22 10:02 ET] Outside market hours. Exiting.
[2026-03-22 10:07 ET] Outside market hours. Exiting.
[2026-03-22 10:12 ET] Outside market hours. Exiting.
[2026-03-22 10:17 ET] Outside market hours. Exiting.
[2026-03-22 10:22 ET] Outside market hours. Exiting.
[2026-03-22 10:27 ET] Outside market hours. Exiting.
[2026-03-22 10:32 ET] Outside market hours. Exiting.
[2026-03-22 10:37 ET] Outside market hours. Exiting.
[2026-03-22 10:42 ET] Outside market hours. Exiting.
[2026-03-22 10:47 ET] Outside market hours. Exiting.
[2026-03-22 10:52 ET] Outside market hours. Exiting.
[2026-03-22 10:57 ET] Outside market hours. Exiting.
[2026-03-22 11:02 ET] Outside market hours. Exiting.
[2026-03-22 11:07 ET] Outside market hours. Exiting.
[2026-03-22 11:12 ET] Outside market hours. Exiting.
[2026-03-22 11:17 ET] Outside market hours. Exiting.
[2026-03-22 11:22 ET] Outside market hours. Exiting.
[2026-03-22 11:27 ET] Outside market hours. Exiting.
[2026-03-22 11:32 ET] Outside market hours. Exiting.
[2026-03-22 11:37 ET] Outside market hours. Exiting.
[2026-03-22 11:42 ET] Outside market hours. Exiting.
[2026-03-22 11:47 ET] Outside market hours. Exiting.
[2026-03-22 11:52 ET] Outside market hours. Exiting.
[2026-03-22 11:57 ET] Outside market hours. Exiting.
[2026-03-22 12:02 ET] Outside market hours. Exiting.
[2026-03-22 12:07 ET] Outside market hours. Exiting.
[2026-03-22 12:12 ET] Outside market hours. Exiting.
[2026-03-22 12:17 ET] Outside market hours. Exiting.
[2026-03-22 12:22 ET] Outside market hours. Exiting.
[2026-03-22 12:27 ET] Outside market hours. Exiting.
[2026-03-22 12:32 ET] Outside market hours. Exiting.
[2026-03-22 12:37 ET] Outside market hours. Exiting.
[2026-03-22 12:42 ET] Outside market hours. Exiting.
[2026-03-22 12:47 ET] Outside market hours. Exiting.
[2026-03-22 12:52 ET] Outside market hours. Exiting.
[2026-03-22 12:57 ET] Outside market hours. Exiting.
[2026-03-22 13:02 ET] Outside market hours. Exiting.
[2026-03-22 13:07 ET] Outside market hours. Exiting.
[2026-03-22 13:12 ET] Outside market hours. Exiting.
[2026-03-22 13:17 ET] Outside market hours. Exiting.
[2026-03-22 13:22 ET] Outside market hours. Exiting.
[2026-03-22 13:27 ET] Outside market hours. Exiting.
[2026-03-22 13:32 ET] Outside market hours. Exiting.
[2026-03-22 13:37 ET] Outside market hours. Exiting.
[2026-03-22 13:42 ET] Outside market hours. Exiting.
[2026-03-22 13:47 ET] Outside market hours. Exiting.
[2026-03-22 13:52 ET] Outside market hours. Exiting.
[2026-03-22 13:57 ET] Outside market hours. Exiting.
[2026-03-22 14:02 ET] Outside market hours. Exiting.
[2026-03-22 14:07 ET] Outside market hours. Exiting.
[2026-03-22 14:12 ET] Outside market hours. Exiting.
[2026-03-22 14:17 ET] Outside market hours. Exiting.
[2026-03-22 14:22 ET] Outside market hours. Exiting.
[2026-03-22 14:27 ET] Outside market hours. Exiting.
[2026-03-22 14:32 ET] Outside market hours. Exiting.
[2026-03-22 14:37 ET] Outside market hours. Exiting.
[2026-03-22 14:42 ET] Outside market hours. Exiting.
[2026-03-22 14:47 ET] Outside market hours. Exiting.
[2026-03-22 14:52 ET] Outside market hours. Exiting.
[2026-03-22 14:57 ET] Outside market hours. Exiting.
[2026-03-22 15:02 ET] Outside market hours. Exiting.
[2026-03-22 15:07 ET] Outside market hours. Exiting.
[2026-03-22 15:12 ET] Outside market hours. Exiting.
[2026-03-22 15:17 ET] Outside market hours. Exiting.
[2026-03-22 15:22 ET] Outside market hours. Exiting.
[2026-03-22 15:27 ET] Outside market hours. Exiting.
[2026-03-22 15:32 ET] Outside market hours. Exiting.
[2026-03-22 15:37 ET] Outside market hours. Exiting.
[2026-03-22 15:42 ET] Outside market hours. Exiting.
[2026-03-22 15:47 ET] Outside market hours. Exiting.
[2026-03-22 15:52 ET] Outside market hours. Exiting.
[2026-03-22 15:57 ET] Outside market hours. Exiting.
[2026-03-22 16:02 ET] Outside market hours. Exiting.
[2026-03-22 16:07 ET] Outside market hours. Exiting.
[2026-03-22 16:12 ET] Outside market hours. Exiting.
[2026-03-22 16:17 ET] Outside market hours. Exiting.
[2026-03-22 16:22 ET] Outside market hours. Exiting.
[2026-03-22 16:27 ET] Outside market hours. Exiting.
[2026-03-22 16:32 ET] Outside market hours. Exiting.
[2026-03-22 16:37 ET] Outside market hours. Exiting.
[2026-03-22 16:42 ET] Outside market hours. Exiting.
[2026-03-22 16:47 ET] Outside market hours. Exiting.
[2026-03-22 16:52 ET] Outside market hours. Exiting.
[2026-03-22 16:57 ET] Outside market hours. Exiting.
[2026-03-22 17:02 ET] Outside market hours. Exiting.
[2026-03-22 17:07 ET] Outside market hours. Exiting.
[2026-03-22 17:12 ET] Outside market hours. Exiting.
[2026-03-22 17:17 ET] Outside market hours. Exiting.
[2026-03-22 17:22 ET] Outside market hours. Exiting.
[2026-03-22 17:27 ET] Outside market hours. Exiting.
[2026-03-22 17:32 ET] Outside market hours. Exiting.
[2026-03-22 17:37 ET] Outside market hours. Exiting.
[2026-03-22 17:42 ET] Outside market hours. Exiting.
[2026-03-22 17:47 ET] Outside market hours. Exiting.
[2026-03-22 17:52 ET] Outside market hours. Exiting.
[2026-03-22 17:57 ET] Outside market hours. Exiting.
[2026-03-22 18:02 ET] Outside market hours. Exiting.
[2026-03-22 18:07 ET] Outside market hours. Exiting.
[2026-03-22 18:12 ET] Outside market hours. Exiting.
[2026-03-22 18:17 ET] Outside market hours. Exiting.
[2026-03-22 18:22 ET] Outside market hours. Exiting.
[2026-03-22 18:27 ET] Outside market hours. Exiting.
[2026-03-22 18:32 ET] Outside market hours. Exiting.
[2026-03-22 18:37 ET] Outside market hours. Exiting.
[2026-03-22 18:42 ET] Outside market hours. Exiting.
[2026-03-22 18:47 ET] Outside market hours. Exiting.
[2026-03-22 18:52 ET] Outside market hours. Exiting.
[2026-03-22 18:57 ET] Outside market hours. Exiting.
[2026-03-22 19:02 ET] Outside market hours. Exiting.
[2026-03-22 19:07 ET] Outside market hours. Exiting.
[2026-03-22 19:12 ET] Outside market hours. Exiting.
[2026-03-22 19:17 ET] Outside market hours. Exiting.
[2026-03-22 19:22 ET] Outside market hours. Exiting.
[2026-03-22 19:27 ET] Outside market hours. Exiting.
[2026-03-22 19:32 ET] Outside market hours. Exiting.
[2026-03-22 19:37 ET] Outside market hours. Exiting.
[2026-03-22 19:42 ET] Outside market hours. Exiting.
[2026-03-22 19:47 ET] Outside market hours. Exiting.
[2026-03-22 19:52 ET] Outside market hours. Exiting.
[2026-03-22 19:57 ET] Outside market hours. Exiting.
[2026-03-22 20:02 ET] Outside market hours. Exiting.
[2026-03-22 20:07 ET] Outside market hours. Exiting.
[2026-03-22 20:12 ET] Outside market hours. Exiting.
[2026-03-22 20:17 ET] Outside market hours. Exiting.
[2026-03-22 20:22 ET] Outside market hours. Exiting.
[2026-03-22 20:27 ET] Outside market hours. Exiting.
[2026-03-22 20:32 ET] Outside market hours. Exiting.
[2026-03-22 20:37 ET] Outside market hours. Exiting.
[2026-03-22 20:42 ET] Outside market hours. Exiting.
[2026-03-22 20:47 ET] Outside market hours. Exiting.
[2026-03-22 20:52 ET] Outside market hours. Exiting.
[2026-03-22 20:57 ET] Outside market hours. Exiting.
[2026-03-22 21:02 ET] Outside market hours. Exiting.
[2026-03-22 21:07 ET] Outside market hours. Exiting.
[2026-03-22 21:12 ET] Outside market hours. Exiting.
[2026-03-22 21:17 ET] Outside market hours. Exiting.
[2026-03-22 21:22 ET] Outside market hours. Exiting.
[2026-03-22 21:27 ET] Outside market hours. Exiting.
[2026-03-22 21:32 ET] Outside market hours. Exiting.
[2026-03-22 21:37 ET] Outside market hours. Exiting.
[2026-03-22 21:42 ET] Outside market hours. Exiting.
[2026-03-22 21:47 ET] Outside market hours. Exiting.
[2026-03-22 21:52 ET] Outside market hours. Exiting.
[2026-03-22 21:57 ET] Outside market hours. Exiting.
[2026-03-22 22:02 ET] Outside market hours. Exiting.
[2026-03-22 22:07 ET] Outside market hours. Exiting.
[2026-03-22 22:12 ET] Outside market hours. Exiting.
[2026-03-22 22:17 ET] Outside market hours. Exiting.
[2026-03-22 22:22 ET] Outside market hours. Exiting.
[2026-03-22 22:27 ET] Outside market hours. Exiting.
[2026-03-22 22:32 ET] Outside market hours. Exiting.
[2026-03-22 22:37 ET] Outside market hours. Exiting.
[2026-03-22 22:42 ET] Outside market hours. Exiting.
[2026-03-22 22:47 ET] Outside market hours. Exiting.
[2026-03-22 22:52 ET] Outside market hours. Exiting.
[2026-03-22 22:57 ET] Outside market hours. Exiting.
[2026-03-22 23:02 ET] Outside market hours. Exiting.
[2026-03-22 23:07 ET] Outside market hours. Exiting.
[2026-03-22 23:12 ET] Outside market hours. Exiting.
[2026-03-22 23:17 ET] Outside market hours. Exiting.
[2026-03-22 23:22 ET] Outside market hours. Exiting.
[2026-03-22 23:27 ET] Outside market hours. Exiting.
[2026-03-22 23:32 ET] Outside market hours. Exiting.
[2026-03-22 23:37 ET] Outside market hours. Exiting.
[2026-03-22 23:42 ET] Outside market hours. Exiting.
[2026-03-22 23:47 ET] Outside market hours. Exiting.
[2026-03-22 23:52 ET] Outside market hours. Exiting.
[2026-03-22 23:57 ET] Outside market hours. Exiting.
[2026-03-23 00:02 ET] Outside market hours. Exiting.
[2026-03-23 00:07 ET] Outside market hours. Exiting.
[2026-03-23 00:12 ET] Outside market hours. Exiting.
[2026-03-23 00:17 ET] Outside market hours. Exiting.
[2026-03-23 00:22 ET] Outside market hours. Exiting.
[2026-03-23 00:27 ET] Outside market hours. Exiting.
[2026-03-23 00:32 ET] Outside market hours. Exiting.
[2026-03-23 00:37 ET] Outside market hours. Exiting.
[2026-03-23 00:42 ET] Outside market hours. Exiting.
[2026-03-23 00:47 ET] Outside market hours. Exiting.
[2026-03-23 00:52 ET] Outside market hours. Exiting.
[2026-03-23 00:57 ET] Outside market hours. Exiting.
[2026-03-23 01:02 ET] Outside market hours. Exiting.
[2026-03-23 01:07 ET] Outside market hours. Exiting.
[2026-03-23 01:12 ET] Outside market hours. Exiting.
[2026-03-23 01:17 ET] Outside market hours. Exiting.
[2026-03-23 01:22 ET] Outside market hours. Exiting.
[2026-03-23 01:27 ET] Outside market hours. Exiting.
[2026-03-23 01:32 ET] Outside market hours. Exiting.
[2026-03-23 01:37 ET] Outside market hours. Exiting.
[2026-03-23 01:42 ET] Outside market hours. Exiting.
[2026-03-23 01:47 ET] Outside market hours. Exiting.
[2026-03-23 01:52 ET] Outside market hours. Exiting.
[2026-03-23 01:57 ET] Outside market hours. Exiting.
[2026-03-23 02:02 ET] Outside market hours. Exiting.
[2026-03-23 02:07 ET] Outside market hours. Exiting.
[2026-03-23 02:12 ET] Outside market hours. Exiting.
[2026-03-23 02:17 ET] Outside market hours. Exiting.
[2026-03-23 02:22 ET] Outside market hours. Exiting.
[2026-03-23 02:27 ET] Outside market hours. Exiting.
[2026-03-23 02:32 ET] Outside market hours. Exiting.
[2026-03-23 02:37 ET] Outside market hours. Exiting.
[2026-03-23 02:42 ET] Outside market hours. Exiting.
[2026-03-23 02:47 ET] Outside market hours. Exiting.
[2026-03-23 02:52 ET] Outside market hours. Exiting.
[2026-03-23 02:57 ET] Outside market hours. Exiting.
[2026-03-23 03:02 ET] Outside market hours. Exiting.
[2026-03-23 03:07 ET] Outside market hours. Exiting.
[2026-03-23 03:12 ET] Outside market hours. Exiting.
[2026-03-23 03:18 ET] Outside market hours. Exiting.
[2026-03-23 03:23 ET] Outside market hours. Exiting.
[2026-03-23 03:28 ET] Outside market hours. Exiting.
[2026-03-23 03:33 ET] Outside market hours. Exiting.
[2026-03-23 03:38 ET] Outside market hours. Exiting.
[2026-03-23 03:43 ET] Outside market hours. Exiting.
[2026-03-23 03:48 ET] Outside market hours. Exiting.
[2026-03-23 03:53 ET] Outside market hours. Exiting.
[2026-03-23 03:58 ET] Outside market hours. Exiting.
[2026-03-23 04:03 ET] Outside market hours. Exiting.
[2026-03-23 04:08 ET] Outside market hours. Exiting.
[2026-03-23 04:13 ET] Outside market hours. Exiting.
[2026-03-23 04:18 ET] Outside market hours. Exiting.
[2026-03-23 04:23 ET] Outside market hours. Exiting.
[2026-03-23 04:28 ET] Outside market hours. Exiting.
[2026-03-23 04:33 ET] Outside market hours. Exiting.
[2026-03-23 04:38 ET] Outside market hours. Exiting.
[2026-03-23 04:43 ET] Outside market hours. Exiting.
[2026-03-23 04:48 ET] Outside market hours. Exiting.
[2026-03-23 04:53 ET] Outside market hours. Exiting.
[2026-03-23 04:58 ET] Outside market hours. Exiting.
[2026-03-23 05:03 ET] Outside market hours. Exiting.
[2026-03-23 05:08 ET] Outside market hours. Exiting.
[2026-03-23 05:13 ET] Outside market hours. Exiting.
[2026-03-23 05:18 ET] Outside market hours. Exiting.
[2026-03-23 05:23 ET] Outside market hours. Exiting.
[2026-03-23 05:28 ET] Outside market hours. Exiting.
[2026-03-23 05:33 ET] Outside market hours. Exiting.
[2026-03-23 05:38 ET] Outside market hours. Exiting.
[2026-03-23 05:43 ET] Outside market hours. Exiting.
[2026-03-23 05:48 ET] Outside market hours. Exiting.
[2026-03-23 05:53 ET] Outside market hours. Exiting.
[2026-03-23 05:58 ET] Outside market hours. Exiting.
[2026-03-23 06:03 ET] Outside market hours. Exiting.
[2026-03-23 06:08 ET] Outside market hours. Exiting.
[2026-03-23 06:13 ET] Outside market hours. Exiting.
[2026-03-23 06:18 ET] Outside market hours. Exiting.
[2026-03-23 06:23 ET] Outside market hours. Exiting.
[2026-03-23 06:28 ET] Outside market hours. Exiting.
[2026-03-23 06:33 ET] Outside market hours. Exiting.
[2026-03-23 06:38 ET] Outside market hours. Exiting.
[2026-03-23 06:43 ET] Outside market hours. Exiting.
[2026-03-23 06:48 ET] Outside market hours. Exiting.
[2026-03-23 06:53 ET] Outside market hours. Exiting.
[2026-03-23 06:58 ET] Outside market hours. Exiting.
[2026-03-23 07:03 ET] Outside market hours. Exiting.
[2026-03-23 07:08 ET] Outside market hours. Exiting.
[2026-03-23 07:13 ET] Outside market hours. Exiting.
[2026-03-23 07:18 ET] Outside market hours. Exiting.
[2026-03-23 07:23 ET] Outside market hours. Exiting.
[2026-03-23 07:28 ET] Outside market hours. Exiting.
[2026-03-23 07:33 ET] Outside market hours. Exiting.
[2026-03-23 07:38 ET] Outside market hours. Exiting.
[2026-03-23 07:43 ET] Outside market hours. Exiting.
[2026-03-23 07:48 ET] Outside market hours. Exiting.
[2026-03-23 07:53 ET] Outside market hours. Exiting.
[2026-03-23 07:58 ET] Outside market hours. Exiting.
[2026-03-23 08:03 ET] Outside market hours. Exiting.
[2026-03-23 08:08 ET] Outside market hours. Exiting.
[2026-03-23 08:13 ET] Outside market hours. Exiting.
[2026-03-23 08:18 ET] Outside market hours. Exiting.
[2026-03-23 08:23 ET] Outside market hours. Exiting.
[2026-03-23 08:28 ET] Outside market hours. Exiting.
[2026-03-23 08:33 ET] Outside market hours. Exiting.
[2026-03-23 08:38 ET] Outside market hours. Exiting.
[2026-03-23 08:43 ET] Outside market hours. Exiting.
[2026-03-23 08:48 ET] Outside market hours. Exiting.
[2026-03-23 08:53 ET] Outside market hours. Exiting.
[2026-03-23 08:58 ET] Outside market hours. Exiting.
[2026-03-23 09:03 ET] Outside market hours. Exiting.
[2026-03-23 09:08 ET] Outside market hours. Exiting.
[2026-03-23 09:13 ET] Outside market hours. Exiting.
[2026-03-23 09:18 ET] Outside market hours. Exiting.
[2026-03-23 09:23 ET] Outside market hours. Exiting.
[2026-03-23 09:28 ET] Market hours active — running price check.
[fetch] prices updated.
[move]  GLD: -3.06% — alert sent
[research] seeded: GLD -3.06%
[move]  SLV: -6.33% — alert sent
[research] seeded: SLV -6.33%
[move]  GDX: -3.35% — alert sent
[research] seeded: GDX -3.35%
[move]  SILJ: -4.01% — alert sent
[research] seeded: SILJ -4.01%
[move]  TLT: -1.90% — alert sent
[research] seeded: TLT -1.90%
[move]  TMF: -5.68% — alert sent
[research] seeded: TMF -5.68%
[move]  BITF: -7.32% — alert sent
[research] seeded: BITF -7.32%
[move]  NOW: -2.55% — alert sent
[research] seeded: NOW -2.55%
[move]  ALM: -5.70% — alert sent
[research] seeded: ALM -5.70%
[move]  XAUUSD: -2.78% — alert sent
[research] seeded: XAUUSD -2.78%
[move]  SPX: -1.51% — alert sent
[research] seeded: SPX -1.51%
[move]  NASDAQ: -2.01% — alert sent
[research] seeded: NASDAQ -2.01%
[move]  VIX: -9.60% — alert sent
[research] seeded: VIX -9.60%
[move]  BTC: +4.43% — alert sent
[research] seeded: BTC +4.43%
[move]  ETH: +4.84% — alert sent
[research] seeded: ETH +4.84%
[move]  CRUDE: -8.13% — alert sent
[research] seeded: CRUDE -8.13%
[move]  NATGAS: -5.53% — alert sent
[research] seeded: NATGAS -5.53%
[done]  17 alert(s) sent, 17 research task(s) seeded.
[conviction] Big movers: ['GLD', 'SLV', 'GDX', 'SILJ', 'XAUUSD', 'BTC'] — triggering backtest re-run
[conviction] Alert engine triggered in background
[2026-03-23 09:33 ET] Market hours active — running price check.
[fetch] prices updated.
[research] seeded: XAGUSD -1.11%
[done]  0 alert(s) sent, 1 research task(s) seeded.
[conviction] Big movers: ['XAUUSD', 'BTC'] — triggering backtest re-run
[2026-03-23 09:38 ET] Market hours active — running price check.
[fetch] prices updated.
[research] seeded: IBIT +1.24%
[move]  XAGUSD: -1.84% — alert sent
[done]  1 alert(s) sent, 1 research task(s) seeded.
[conviction] Big movers: ['GDX', 'SILJ', 'XAUUSD', 'BTC'] — triggering backtest re-run
[2026-03-23 09:48 ET] Market hours active — running price check.
[fetch] prices updated.
[done]  0 alert(s) sent, 0 research task(s) seeded.
[2026-03-23 09:53 ET] Market hours active — running price check.
[fetch] prices updated.
[move]  IBIT: +1.76% — alert sent
[done]  1 alert(s) sent, 0 research task(s) seeded.
[2026-03-23 09:58 ET] Market hours active — running price check.
[fetch] prices updated.
[done]  0 alert(s) sent, 0 research task(s) seeded.
[2026-03-23 10:03 ET] Market hours active — running price check.
[fetch] prices updated.
[done]  0 alert(s) sent, 0 research task(s) seeded.
[2026-03-23 10:12 ET] Market hours active — running price check.
[fetch] prices updated.
[done]  0 alert(s) sent, 0 research task(s) seeded.
[2026-03-23 10:17 ET] Market hours active — running price check.
[fetch] prices updated.
[done]  0 alert(s) sent, 0 research task(s) seeded.
[2026-03-23 10:22 ET] Market hours active — running price check.
[fetch] prices updated.
[done]  0 alert(s) sent, 0 research task(s) seeded.
[2026-03-23 10:27 ET] Market hours active — running price check.
[fetch] prices updated.
[done]  0 alert(s) sent, 0 research task(s) seeded.
[2026-03-23 10:32 ET] Market hours active — running price check.
[fetch] prices updated.
[move]  SLV: +3.50% — alert sent
[move]  GDX: +5.70% — alert sent
[move]  SILJ: +6.23% — alert sent
[move]  TMF: +2.29% — alert sent
[move]  BITF: +5.76% — alert sent
[move]  NOW: +1.67% — alert sent
[move]  ALM: +6.06% — alert sent
[move]  XAUUSD: -1.66% — alert sent
[move]  SPX: +1.93% — alert sent
[move]  NASDAQ: +2.20% — alert sent
[move]  VIX: -9.71% — alert sent
[move]  BTC: +5.16% — alert sent
[move]  ETH: +6.06% — alert sent
[move]  CRUDE: -9.95% — alert sent
[move]  NATGAS: -5.53% — alert sent
[done]  15 alert(s) sent, 0 research task(s) seeded.
[2026-03-23 10:37 ET] Market hours active — running price check.
[fetch] prices updated.
[done]  0 alert(s) sent, 0 research task(s) seeded.
[2026-03-23 10:42 ET] Market hours active — running price check.
[fetch] prices updated.
[move]  XAGUSD: +1.69% — alert sent
[done]  1 alert(s) sent, 0 research task(s) seeded.
[2026-03-23 10:47 ET] Market hours active — running price check.
[fetch] prices updated.
[done]  0 alert(s) sent, 0 research task(s) seeded.
[2026-03-23 10:53 ET] Market hours active — running price check.
[fetch] prices updated.
[done]  0 alert(s) sent, 0 research task(s) seeded.
[2026-03-23 10:58 ET] Market hours active — running price check.
[fetch] prices updated.
[move]  IBIT: +1.80% — alert sent
[done]  1 alert(s) sent, 0 research task(s) seeded.
[2026-03-23 11:03 ET] Market hours active — running price check.
[fetch] prices updated.
[done]  0 alert(s) sent, 0 research task(s) seeded.
[2026-03-23 11:08 ET] Market hours active — running price check.
[fetch] prices updated.
[move]  SLV: +3.77% — batched
[research] seeded: SLV +3.77%
[move]  GDX: +5.87% — batched
[research] seeded: GDX +5.87%
[move]  SILJ: +6.80% — batched
[research] seeded: SILJ +6.80%
[research] seeded: TMF +2.74%
[research] seeded: IBIT +1.92%
[move]  BITF: +8.30% — batched
[research] seeded: BITF +8.30%
[research] seeded: NOW +1.82%
[move]  ALM: +7.59% — batched
[research] seeded: ALM +7.59%
[research] seeded: XAUUSD -2.14%
[research] seeded: XAGUSD +1.43%
[research] seeded: SPX +2.20%
[research] seeded: NASDAQ +2.44%
[move]  VIX: -8.74% — batched
[research] seeded: VIX -8.74%
[move]  BTC: +5.47% — batched
[research] seeded: BTC +5.47%
[move]  ETH: +6.38% — batched
[research] seeded: ETH +6.38%
[move]  CRUDE: -9.12% — batched
[research] seeded: CRUDE -9.12%
[move]  NATGAS: -5.91% — batched
[research] seeded: NATGAS -5.91%
[batch] 10 movers sent as 1 message
[done]  1 alert(s) sent, 17 research task(s) seeded.
[2026-03-23 11:13 ET] Market hours active — running price check.
[fetch] prices updated.
[done]  0 alert(s) sent, 0 research task(s) seeded.
[2026-03-23 11:18 ET] Market hours active — running price check.
[fetch] prices updated.
[research] seeded: GLD -1.33%
[done]  0 alert(s) sent, 1 research task(s) seeded.
[2026-03-23 11:23 ET] Market hours active — running price check.
[fetch] prices updated.
[done]  0 alert(s) sent, 0 research task(s) seeded.
[2026-03-23 11:28 ET] Market hours active — running price check.
[fetch] prices updated.
[done]  0 alert(s) sent, 0 research task(s) seeded.
[2026-03-23 11:33 ET] Market hours active — running price check.
[fetch] prices updated.
[done]  0 alert(s) sent, 0 research task(s) seeded.
[2026-03-23 11:38 ET] Market hours active — running price check.
[fetch] prices updated.
[done]  0 alert(s) sent, 0 research task(s) seeded.
[2026-03-23 11:44 ET] Market hours active — running price check.
[fetch] prices updated.
[done]  0 alert(s) sent, 0 research task(s) seeded.
[2026-03-23 11:49 ET] Market hours active — running price check.
[fetch] prices updated.
[move]  XAUUSD: -3.22% — batched
[batch] 1 movers sent as 1 message
[done]  1 alert(s) sent, 0 research task(s) seeded.
[2026-03-23 11:54 ET] Market hours active — running price check.
[fetch] prices updated.
[done]  0 alert(s) sent, 0 research task(s) seeded.
[2026-03-23 11:59 ET] Market hours active — running price check.
[fetch] prices updated.
[move]  GLD: -3.13% — batched
[batch] 1 movers sent as 1 message
[done]  1 alert(s) sent, 0 research task(s) seeded.
[2026-03-23 12:04 ET] Market hours active — running price check.
[fetch] prices updated.
[done]  0 alert(s) sent, 0 research task(s) seeded.
[2026-03-23 12:09 ET] Market hours active — running price check.
[fetch] prices updated.
[done]  0 alert(s) sent, 0 research task(s) seeded.
[2026-03-23 12:14 ET] Market hours active — running price check.
[fetch] prices updated.
[done]  0 alert(s) sent, 0 research task(s) seeded.
[2026-03-23 12:19 ET] Market hours active — running price check.
[fetch] prices updated.
[done]  0 alert(s) sent, 0 research task(s) seeded.
[2026-03-23 12:24 ET] Market hours active — running price check.
[fetch] prices updated.
[done]  0 alert(s) sent, 0 research task(s) seeded.
[2026-03-23 12:29 ET] Market hours active — running price check.
[fetch] prices updated.
[done]  0 alert(s) sent, 0 research task(s) seeded.
[2026-03-23 12:35 ET] Market hours active — running price check.
[fetch] prices updated.
[done]  0 alert(s) sent, 0 research task(s) seeded.
[2026-03-23 12:40 ET] Market hours active — running price check.
[fetch] prices updated.
[done]  0 alert(s) sent, 0 research task(s) seeded.
[2026-03-23 12:45 ET] Market hours active — running price check.
[fetch] prices updated.
[done]  0 alert(s) sent, 0 research task(s) seeded.
[2026-03-23 12:50 ET] Market hours active — running price check.
[fetch] prices updated.
[done]  0 alert(s) sent, 0 research task(s) seeded.
[2026-03-23 12:55 ET] Market hours active — running price check.
[fetch] prices updated.
[done]  0 alert(s) sent, 0 research task(s) seeded.
[2026-03-23 13:00 ET] Market hours active — running price check.
[fetch] prices updated.
[done]  0 alert(s) sent, 0 research task(s) seeded.
[2026-03-23 13:05 ET] Market hours active — running price check.
[fetch] prices updated.
[done]  0 alert(s) sent, 0 research task(s) seeded.
[2026-03-23 13:10 ET] Market hours active — running price check.
[fetch] prices updated.
[research] seeded: SLV +1.84%
[research] seeded: GDX +3.73%
[research] seeded: SILJ +3.88%
[research] seeded: TMF +1.02%
[research] seeded: BITF +4.84%
[research] seeded: ALM +3.64%
[research] seeded: XAUUSD -4.02%
[research] seeded: SPX +1.24%
[research] seeded: NASDAQ +1.30%
[research] seeded: VIX -3.17%
[research] seeded: BTC +4.14%
[research] seeded: ETH +4.10%
[research] seeded: CRUDE -9.26%
[research] seeded: NATGAS -6.30%
[done]  0 alert(s) sent, 14 research task(s) seeded.
[2026-03-23 13:15 ET] Market hours active — running price check.
[fetch] prices updated.
[done]  0 alert(s) sent, 0 research task(s) seeded.
[2026-03-23 13:20 ET] Market hours active — running price check.
[fetch] prices updated.
[research] seeded: GLD -2.45%
[done]  0 alert(s) sent, 1 research task(s) seeded.
[2026-03-23 13:26 ET] Market hours active — running price check.
[fetch] prices updated.
[done]  0 alert(s) sent, 0 research task(s) seeded.
[2026-03-23 13:31 ET] Market hours active — running price check.
[fetch] prices updated.
[done]  0 alert(s) sent, 0 research task(s) seeded.
[2026-03-23 13:36 ET] Market hours active — running price check.
[fetch] prices updated.
[research] seeded: IBIT +1.11%
[done]  0 alert(s) sent, 1 research task(s) seeded.
[2026-03-23 13:41 ET] Market hours active — running price check.
[fetch] prices updated.
[done]  0 alert(s) sent, 0 research task(s) seeded.
[2026-03-23 13:46 ET] Market hours active — running price check.
[fetch] prices updated.
[done]  0 alert(s) sent, 0 research task(s) seeded.
[2026-03-23 13:51 ET] Market hours active — running price check.
[fetch] prices updated.
[done]  0 alert(s) sent, 0 research task(s) seeded.
[2026-03-23 13:56 ET] Market hours active — running price check.
[fetch] prices updated.
[done]  0 alert(s) sent, 0 research task(s) seeded.
[2026-03-23 14:01 ET] Market hours active — running price check.
[fetch] prices updated.
[done]  0 alert(s) sent, 0 research task(s) seeded.
[2026-03-23 14:06 ET] Market hours active — running price check.
[fetch] prices updated.
[done]  0 alert(s) sent, 0 research task(s) seeded.
[2026-03-23 14:11 ET] Market hours active — running price check.
[fetch] prices updated.
[done]  0 alert(s) sent, 0 research task(s) seeded.
[2026-03-23 14:17 ET] Market hours active — running price check.
[fetch] prices updated.
[done]  0 alert(s) sent, 0 research task(s) seeded.
[2026-03-23 14:22 ET] Market hours active — running price check.
[fetch] prices updated.
[done]  0 alert(s) sent, 0 research task(s) seeded.
[2026-03-23 14:27 ET] Market hours active — running price check.
[fetch] prices updated.
[done]  0 alert(s) sent, 0 research task(s) seeded.
[2026-03-23 14:32 ET] Market hours active — running price check.
[fetch] prices updated.
[done]  0 alert(s) sent, 0 research task(s) seeded.
[2026-03-23 14:37 ET] Market hours active — running price check.
[fetch] prices updated.
[research] seeded: NOW +1.02%
[research] seeded: XAGUSD +1.03%
[done]  0 alert(s) sent, 2 research task(s) seeded.
[2026-03-23 14:42 ET] Market hours active — running price check.
[fetch] prices updated.
[done]  0 alert(s) sent, 0 research task(s) seeded.
[2026-03-23 14:47 ET] Market hours active — running price check.
[fetch] prices updated.
[done]  0 alert(s) sent, 0 research task(s) seeded.
[2026-03-23 14:52 ET] Market hours active — running price check.
[fetch] prices updated.
[done]  0 alert(s) sent, 0 research task(s) seeded.
[2026-03-23 14:57 ET] Market hours active — running price check.
[fetch] prices updated.
[done]  0 alert(s) sent, 0 research task(s) seeded.
[2026-03-23 15:03 ET] Market hours active — running price check.
[fetch] prices updated.
[done]  0 alert(s) sent, 0 research task(s) seeded.
[2026-03-23 15:08 ET] Market hours active — running price check.
[fetch] prices updated.
[done]  0 alert(s) sent, 0 research task(s) seeded.
[2026-03-23 15:13 ET] Market hours active — running price check.
[fetch] prices updated.
[research] seeded: SLV +2.23%
[move]  GDX: +4.13% — batched
[research] seeded: GDX +4.13%
[move]  SILJ: +4.49% — batched
[research] seeded: SILJ +4.49%
[research] seeded: TMF +2.19%
[move]  BITF: +6.68% — batched
[research] seeded: BITF +6.68%
[move]  ALM: +4.91% — batched
[research] seeded: ALM +4.91%
[research] seeded: XAUUSD -2.72%
[research] seeded: SPX +1.57%
[research] seeded: NASDAQ +1.76%
[move]  VIX: -5.53% — batched
[research] seeded: VIX -5.53%
[move]  BTC: +4.62% — batched
[research] seeded: BTC +4.62%
[move]  ETH: +5.44% — batched
[research] seeded: ETH +5.44%
[move]  CRUDE: -10.83% — batched
[research] seeded: CRUDE -10.83%
[move]  NATGAS: -7.11% — batched
[research] seeded: NATGAS -7.11%
[batch] 9 movers sent as 1 message
[done]  1 alert(s) sent, 14 research task(s) seeded.
[2026-03-23 15:18 ET] Market hours active — running price check.
[fetch] prices updated.
[done]  0 alert(s) sent, 0 research task(s) seeded.
[2026-03-23 15:23 ET] Market hours active — running price check.
[fetch] prices updated.
[research] seeded: GLD -2.17%
[done]  0 alert(s) sent, 1 research task(s) seeded.
[2026-03-23 15:28 ET] Market hours active — running price check.
[fetch] prices updated.
[done]  0 alert(s) sent, 0 research task(s) seeded.
[2026-03-23 15:33 ET] Market hours active — running price check.
[fetch] prices updated.
[done]  0 alert(s) sent, 0 research task(s) seeded.
[2026-03-23 15:38 ET] Market hours active — running price check.
[fetch] prices updated.
[research] seeded: IBIT +1.16%
[done]  0 alert(s) sent, 1 research task(s) seeded.
[2026-03-23 15:43 ET] Market hours active — running price check.
[fetch] prices updated.
[done]  0 alert(s) sent, 0 research task(s) seeded.
[2026-03-23 15:48 ET] Market hours active — running price check.
[fetch] prices updated.
[done]  0 alert(s) sent, 0 research task(s) seeded.
[2026-03-23 15:54 ET] Market hours active — running price check.
[fetch] prices updated.
[move]  XAUUSD: -3.52% — batched
[batch] 1 movers sent as 1 message
[done]  1 alert(s) sent, 0 research task(s) seeded.
[2026-03-23 15:59 ET] Market hours active — running price check.
[fetch] prices updated.
[done]  0 alert(s) sent, 0 research task(s) seeded.
[2026-03-23 16:04 ET] Market hours active — running price check.
[fetch] prices updated.
[done]  0 alert(s) sent, 0 research task(s) seeded.
[2026-03-23 16:09 ET] Market hours active — running price check.
[fetch] prices updated.
[done]  0 alert(s) sent, 0 research task(s) seeded.
[2026-03-23 16:14 ET] Market hours active — running price check.
[fetch] prices updated.
[done]  0 alert(s) sent, 0 research task(s) seeded.
[2026-03-23 16:19 ET] Outside market hours. Exiting.
[2026-03-23 16:24 ET] Outside market hours. Exiting.
[2026-03-23 16:29 ET] Outside market hours. Exiting.
[2026-03-23 16:34 ET] Outside market hours. Exiting.
[2026-03-23 16:39 ET] Outside market hours. Exiting.
[2026-03-23 16:44 ET] Outside market hours. Exiting.
[2026-03-23 16:49 ET] Outside market hours. Exiting.
[2026-03-23 16:54 ET] Outside market hours. Exiting.
[2026-03-23 16:59 ET] Outside market hours. Exiting.
[2026-03-23 17:04 ET] Outside market hours. Exiting.
[2026-03-23 17:09 ET] Outside market hours. Exiting.
[2026-03-23 17:14 ET] Outside market hours. Exiting.
[2026-03-23 17:19 ET] Outside market hours. Exiting.
[2026-03-23 17:24 ET] Outside market hours. Exiting.
[2026-03-23 17:29 ET] Outside market hours. Exiting.
[2026-03-23 17:34 ET] Outside market hours. Exiting.
[2026-03-23 17:39 ET] Outside market hours. Exiting.
[2026-03-23 17:44 ET] Outside market hours. Exiting.
[2026-03-23 17:49 ET] Outside market hours. Exiting.
[2026-03-23 17:54 ET] Outside market hours. Exiting.
[2026-03-23 17:59 ET] Outside market hours. Exiting.
[2026-03-23 18:04 ET] Outside market hours. Exiting.
[2026-03-23 18:09 ET] Outside market hours. Exiting.
[2026-03-23 18:14 ET] Outside market hours. Exiting.
[2026-03-23 18:19 ET] Outside market hours. Exiting.
[2026-03-23 18:24 ET] Outside market hours. Exiting.
[2026-03-23 18:29 ET] Outside market hours. Exiting.
[2026-03-23 18:34 ET] Outside market hours. Exiting.
[2026-03-23 18:39 ET] Outside market hours. Exiting.
[2026-03-23 18:44 ET] Outside market hours. Exiting.
[2026-03-23 18:49 ET] Outside market hours. Exiting.
[2026-03-23 18:54 ET] Outside market hours. Exiting.
[2026-03-23 18:59 ET] Outside market hours. Exiting.
[2026-03-23 19:04 ET] Outside market hours. Exiting.
[2026-03-23 19:09 ET] Outside market hours. Exiting.
[2026-03-23 19:14 ET] Outside market hours. Exiting.
[2026-03-23 19:19 ET] Outside market hours. Exiting.
[2026-03-23 19:24 ET] Outside market hours. Exiting.
[2026-03-23 19:29 ET] Outside market hours. Exiting.
[2026-03-23 19:34 ET] Outside market hours. Exiting.
[2026-03-23 19:39 ET] Outside market hours. Exiting.
[2026-03-23 19:44 ET] Outside market hours. Exiting.
[2026-03-23 19:49 ET] Outside market hours. Exiting.
[2026-03-23 19:54 ET] Outside market hours. Exiting.
[2026-03-23 19:59 ET] Outside market hours. Exiting.
[2026-03-23 20:04 ET] Outside market hours. Exiting.
[2026-03-23 20:09 ET] Outside market hours. Exiting.
[2026-03-23 20:14 ET] Outside market hours. Exiting.
[2026-03-23 20:19 ET] Outside market hours. Exiting.
[2026-03-23 20:24 ET] Outside market hours. Exiting.
[2026-03-23 20:29 ET] Outside market hours. Exiting.
[2026-03-23 20:34 ET] Outside market hours. Exiting.
[2026-03-23 20:39 ET] Outside market hours. Exiting.
[2026-03-23 20:44 ET] Outside market hours. Exiting.
[2026-03-23 20:49 ET] Outside market hours. Exiting.
[2026-03-23 20:54 ET] Outside market hours. Exiting.
[2026-03-23 20:59 ET] Outside market hours. Exiting.
[2026-03-23 21:04 ET] Outside market hours. Exiting.
[2026-03-23 21:09 ET] Outside market hours. Exiting.
[2026-03-23 21:14 ET] Outside market hours. Exiting.
[2026-03-23 21:19 ET] Outside market hours. Exiting.
[2026-03-23 21:24 ET] Outside market hours. Exiting.
[2026-03-23 21:29 ET] Outside market hours. Exiting.
[2026-03-23 21:34 ET] Outside market hours. Exiting.
[2026-03-23 21:39 ET] Outside market hours. Exiting.
[2026-03-23 21:44 ET] Outside market hours. Exiting.
[2026-03-23 21:49 ET] Outside market hours. Exiting.
[2026-03-23 21:54 ET] Outside market hours. Exiting.
[2026-03-23 21:59 ET] Outside market hours. Exiting.
[2026-03-23 22:04 ET] Outside market hours. Exiting.
[2026-03-23 22:09 ET] Outside market hours. Exiting.
[2026-03-23 22:14 ET] Outside market hours. Exiting.
[2026-03-23 22:19 ET] Outside market hours. Exiting.
[2026-03-23 22:24 ET] Outside market hours. Exiting.
[2026-03-23 22:29 ET] Outside market hours. Exiting.
[2026-03-23 22:34 ET] Outside market hours. Exiting.
[2026-03-23 22:39 ET] Outside market hours. Exiting.
[2026-03-23 22:44 ET] Outside market hours. Exiting.
[2026-03-23 22:49 ET] Outside market hours. Exiting.
[2026-03-23 22:54 ET] Outside market hours. Exiting.
[2026-03-23 22:59 ET] Outside market hours. Exiting.
[2026-03-23 23:04 ET] Outside market hours. Exiting.
[2026-03-23 23:09 ET] Outside market hours. Exiting.
[2026-03-23 23:14 ET] Outside market hours. Exiting.
[2026-03-23 23:19 ET] Outside market hours. Exiting.
[2026-03-23 23:24 ET] Outside market hours. Exiting.
[2026-03-23 23:29 ET] Outside market hours. Exiting.
[2026-03-23 23:34 ET] Outside market hours. Exiting.
[2026-03-23 23:39 ET] Outside market hours. Exiting.
[2026-03-23 23:44 ET] Outside market hours. Exiting.
[2026-03-23 23:49 ET] Outside market hours. Exiting.
[2026-03-23 23:54 ET] Outside market hours. Exiting.
[2026-03-23 23:59 ET] Outside market hours. Exiting.
[2026-03-24 00:04 ET] Outside market hours. Exiting.
[2026-03-24 00:09 ET] Outside market hours. Exiting.
[2026-03-24 00:14 ET] Outside market hours. Exiting.
[2026-03-24 00:19 ET] Outside market hours. Exiting.
[2026-03-24 00:24 ET] Outside market hours. Exiting.
[2026-03-24 00:29 ET] Outside market hours. Exiting.
[2026-03-24 00:34 ET] Outside market hours. Exiting.
[2026-03-24 00:39 ET] Outside market hours. Exiting.
[2026-03-24 00:44 ET] Outside market hours. Exiting.
[2026-03-24 00:49 ET] Outside market hours. Exiting.
[2026-03-24 00:54 ET] Outside market hours. Exiting.
[2026-03-24 00:59 ET] Outside market hours. Exiting.
[2026-03-24 01:04 ET] Outside market hours. Exiting.
[2026-03-24 01:09 ET] Outside market hours. Exiting.
[2026-03-24 01:14 ET] Outside market hours. Exiting.
[2026-03-24 01:19 ET] Outside market hours. Exiting.
[2026-03-24 01:24 ET] Outside market hours. Exiting.
[2026-03-24 01:29 ET] Outside market hours. Exiting.
[2026-03-24 01:34 ET] Outside market hours. Exiting.
[2026-03-24 01:39 ET] Outside market hours. Exiting.
[2026-03-24 01:44 ET] Outside market hours. Exiting.
[2026-03-24 01:49 ET] Outside market hours. Exiting.
[2026-03-24 01:54 ET] Outside market hours. Exiting.
[2026-03-24 01:59 ET] Outside market hours. Exiting.
[2026-03-24 02:04 ET] Outside market hours. Exiting.
[2026-03-24 02:09 ET] Outside market hours. Exiting.
[2026-03-24 02:14 ET] Outside market hours. Exiting.
[2026-03-24 02:19 ET] Outside market hours. Exiting.
[2026-03-24 02:24 ET] Outside market hours. Exiting.
[2026-03-24 02:29 ET] Outside market hours. Exiting.
[2026-03-24 02:34 ET] Outside market hours. Exiting.
[2026-03-24 02:39 ET] Outside market hours. Exiting.
[2026-03-24 02:44 ET] Outside market hours. Exiting.
[2026-03-24 02:49 ET] Outside market hours. Exiting.
[2026-03-24 02:54 ET] Outside market hours. Exiting.
[2026-03-24 02:59 ET] Outside market hours. Exiting.
[2026-03-24 03:04 ET] Outside market hours. Exiting.
[2026-03-24 03:09 ET] Outside market hours. Exiting.
[2026-03-24 03:14 ET] Outside market hours. Exiting.
[2026-03-24 03:19 ET] Outside market hours. Exiting.
[2026-03-24 03:24 ET] Outside market hours. Exiting.
[2026-03-24 03:29 ET] Outside market hours. Exiting.
[2026-03-24 03:34 ET] Outside market hours. Exiting.
[2026-03-24 03:39 ET] Outside market hours. Exiting.
[2026-03-24 03:44 ET] Outside market hours. Exiting.
[2026-03-24 03:49 ET] Outside market hours. Exiting.
[2026-03-24 03:54 ET] Outside market hours. Exiting.
[2026-03-24 03:59 ET] Outside market hours. Exiting.
[2026-03-24 04:04 ET] Outside market hours. Exiting.
[2026-03-24 04:09 ET] Outside market hours. Exiting.
[2026-03-24 04:14 ET] Outside market hours. Exiting.
[2026-03-24 04:19 ET] Outside market hours. Exiting.
[2026-03-24 04:24 ET] Outside market hours. Exiting.
[2026-03-24 04:29 ET] Outside market hours. Exiting.
[2026-03-24 04:34 ET] Outside market hours. Exiting.
[2026-03-24 04:39 ET] Outside market hours. Exiting.
[2026-03-24 04:44 ET] Outside market hours. Exiting.
[2026-03-24 04:49 ET] Outside market hours. Exiting.
[2026-03-24 04:54 ET] Outside market hours. Exiting.
[2026-03-24 04:59 ET] Outside market hours. Exiting.
[2026-03-24 05:04 ET] Outside market hours. Exiting.
[2026-03-24 05:09 ET] Outside market hours. Exiting.
[2026-03-24 05:14 ET] Outside market hours. Exiting.
[2026-03-24 05:19 ET] Outside market hours. Exiting.
[2026-03-24 05:24 ET] Outside market hours. Exiting.
[2026-03-24 05:29 ET] Outside market hours. Exiting.
[2026-03-24 05:34 ET] Outside market hours. Exiting.
[2026-03-24 05:39 ET] Outside market hours. Exiting.
[2026-03-24 05:44 ET] Outside market hours. Exiting.
[2026-03-24 05:49 ET] Outside market hours. Exiting.
[2026-03-24 05:54 ET] Outside market hours. Exiting.
[2026-03-24 05:59 ET] Outside market hours. Exiting.
[2026-03-24 06:04 ET] Outside market hours. Exiting.
[2026-03-24 06:09 ET] Outside market hours. Exiting.
[2026-03-24 06:14 ET] Outside market hours. Exiting.
[2026-03-24 06:19 ET] Outside market hours. Exiting.
[2026-03-24 06:24 ET] Outside market hours. Exiting.
[2026-03-24 06:29 ET] Outside market hours. Exiting.
[2026-03-24 06:34 ET] Outside market hours. Exiting.
[2026-03-24 06:39 ET] Outside market hours. Exiting.
[2026-03-24 06:44 ET] Outside market hours. Exiting.
[2026-03-24 06:49 ET] Outside market hours. Exiting.
[2026-03-24 06:54 ET] Outside market hours. Exiting.
[2026-03-24 06:59 ET] Outside market hours. Exiting.
[2026-03-24 07:04 ET] Outside market hours. Exiting.
[2026-03-24 07:09 ET] Outside market hours. Exiting.
[2026-03-24 07:14 ET] Outside market hours. Exiting.
[2026-03-24 07:19 ET] Outside market hours. Exiting.
[2026-03-24 07:24 ET] Outside market hours. Exiting.
[2026-03-24 07:29 ET] Outside market hours. Exiting.
[2026-03-24 07:34 ET] Outside market hours. Exiting.
[2026-03-24 07:39 ET] Outside market hours. Exiting.
[2026-03-24 07:44 ET] Outside market hours. Exiting.
[2026-03-24 07:49 ET] Outside market hours. Exiting.
[2026-03-24 07:54 ET] Outside market hours. Exiting.
[2026-03-24 07:59 ET] Outside market hours. Exiting.
[2026-03-24 08:04 ET] Outside market hours. Exiting.
[2026-03-24 08:09 ET] Outside market hours. Exiting.
[2026-03-24 08:14 ET] Outside market hours. Exiting.
[2026-03-24 08:19 ET] Outside market hours. Exiting.
[2026-03-24 08:24 ET] Outside market hours. Exiting.
[2026-03-24 08:29 ET] Outside market hours. Exiting.
[2026-03-24 08:34 ET] Outside market hours. Exiting.
[2026-03-24 08:39 ET] Outside market hours. Exiting.
[2026-03-24 08:44 ET] Outside market hours. Exiting.
[2026-03-24 08:49 ET] Outside market hours. Exiting.
[2026-03-24 08:54 ET] Outside market hours. Exiting.
[2026-03-24 08:59 ET] Outside market hours. Exiting.
[2026-03-24 09:04 ET] Outside market hours. Exiting.
[2026-03-24 09:09 ET] Outside market hours. Exiting.
[2026-03-24 09:14 ET] Outside market hours. Exiting.
[2026-03-24 09:19 ET] Outside market hours. Exiting.
[2026-03-24 09:24 ET] Outside market hours. Exiting.
[2026-03-24 09:29 ET] Market hours active — running price check.
[fetch] prices updated.
[research] seeded: GLD -2.26%
[research] seeded: SLV +1.54%
[move]  GDX: +4.07% — batched
[research] seeded: GDX +4.07%
[move]  SILJ: +4.45% — batched
[research] seeded: SILJ +4.45%
[research] seeded: TMF +1.78%
[move]  BITF: +6.45% — batched
[research] seeded: BITF +6.45%
[move]  ALM: +4.51% — batched
[research] seeded: ALM +4.51%
[research] seeded: SPX +1.15%
[research] seeded: NASDAQ +1.38%
[move]  VIX: +4.51% — batched
[research] seeded: VIX +4.51%
[move]  CRUDE: +4.54% — batched
[research] seeded: CRUDE +4.54%
[2026-03-24T13:29:58Z] SENT [STATUS][movers_batch] key='': 📊 <b>Market Movers (6)</b>
  ▲ BITF +6.5% $2.31 (RSI 52)
  ▲ CRUDE +4.5% $92.13 (RSI 60)
  ▲ VIX +4.5% $27.33 (RSI 59)
 
[batch] 6 movers sent as 1 message
[done]  1 alert(s) sent, 11 research task(s) seeded.
[2026-03-24 09:34 ET] Market hours active — running price check.
[fetch] prices updated.
[research] seeded: NOW -2.92%
[done]  0 alert(s) sent, 1 research task(s) seeded.
[2026-03-24 09:40 ET] Market hours active — running price check.
[fetch] prices updated.
[move]  TMF: -3.25% — batched
[move]  NOW: -4.83% — batched
[research] seeded: XAGUSD -1.26%
[2026-03-24T13:40:12Z] SENT [STATUS][movers_batch] key='': 📊 <b>Market Movers (2)</b>
  ▼ NOW -4.8% $105.59 (RSI 38)
  ▼ TMF -3.2% $34.84 (RSI 34)
[batch] 2 movers sent as 1 message
[done]  1 alert(s) sent, 1 research task(s) seeded.
[2026-03-24 09:45 ET] Market hours active — running price check.
[fetch] prices updated.
[done]  0 alert(s) sent, 0 research task(s) seeded.
[2026-03-24 09:50 ET] Market hours active — running price check.
[fetch] prices updated.
[research] seeded: XAUUSD -1.11%
[done]  0 alert(s) sent, 1 research task(s) seeded.
[2026-03-24 09:55 ET] Market hours active — running price check.
[fetch] prices updated.
[research] seeded: BTC -1.16%
[done]  0 alert(s) sent, 1 research task(s) seeded.
[2026-03-24 10:00 ET] Market hours active — running price check.
[fetch] prices updated.
[done]  0 alert(s) sent, 0 research task(s) seeded.
[2026-03-24 10:05 ET] Market hours active — running price check.
[fetch] prices updated.
[done]  0 alert(s) sent, 0 research task(s) seeded.
[2026-03-24 10:10 ET] Market hours active — running price check.
[fetch] prices updated.
[done]  0 alert(s) sent, 0 research task(s) seeded.
[2026-03-24 10:15 ET] Market hours active — running price check.
[fetch] prices updated.
[research] seeded: IBIT -1.15%
[done]  0 alert(s) sent, 1 research task(s) seeded.
[2026-03-24 10:20 ET] Market hours active — running price check.
[fetch] prices updated.
[done]  0 alert(s) sent, 0 research task(s) seeded.
[2026-03-24 10:26 ET] Market hours active — running price check.
[fetch] prices updated.
[research] seeded: ETH -1.03%
[done]  0 alert(s) sent, 1 research task(s) seeded.
[2026-03-24 10:31 ET] Market hours active — running price check.
[fetch] prices updated.
[done]  0 alert(s) sent, 0 research task(s) seeded.
[2026-03-24 10:36 ET] Market hours active — running price check.
[fetch] prices updated.
[done]  0 alert(s) sent, 0 research task(s) seeded.
[2026-03-24 10:41 ET] Market hours active — running price check.
[fetch] prices updated.
[done]  0 alert(s) sent, 0 research task(s) seeded.
[2026-03-24 10:46 ET] Market hours active — running price check.
[fetch] prices updated.
[done]  0 alert(s) sent, 0 research task(s) seeded.
[2026-03-24 10:51 ET] Market hours active — running price check.
[fetch] prices updated.
[done]  0 alert(s) sent, 0 research task(s) seeded.
[2026-03-24 10:56 ET] Market hours active — running price check.
[fetch] prices updated.
[done]  0 alert(s) sent, 0 research task(s) seeded.
[2026-03-24 11:01 ET] Market hours active — running price check.
[fetch] prices updated.
[done]  0 alert(s) sent, 0 research task(s) seeded.
[2026-03-24 11:06 ET] Market hours active — running price check.
[fetch] prices updated.
[done]  0 alert(s) sent, 0 research task(s) seeded.
[2026-03-24 11:11 ET] Market hours active — running price check.
[fetch] prices updated.
[done]  0 alert(s) sent, 0 research task(s) seeded.
[2026-03-24 11:17 ET] Market hours active — running price check.
[fetch] prices updated.
[done]  0 alert(s) sent, 0 research task(s) seeded.
[2026-03-24 11:22 ET] Market hours active — running price check.
[fetch] prices updated.
[done]  0 alert(s) sent, 0 research task(s) seeded.
[2026-03-24 11:27 ET] Market hours active — running price check.
[fetch] prices updated.
[done]  0 alert(s) sent, 0 research task(s) seeded.
[2026-03-24 11:32 ET] Market hours active — running price check.
[fetch] prices updated.
[research] seeded: SLV +1.57%
[research] seeded: SILJ +1.31%
[research] seeded: TMF -1.28%
[research] seeded: BITF -5.19%
[research] seeded: ALM -13.08%
[research] seeded: CRUDE +3.52%
[done]  0 alert(s) sent, 6 research task(s) seeded.
[2026-03-24 11:37 ET] Market hours active — running price check.
[fetch] prices updated.
[research] seeded: NOW -3.99%
[research] seeded: VIX -1.07%
[done]  0 alert(s) sent, 2 research task(s) seeded.
[2026-03-24 11:42 ET] Market hours active — running price check.
[fetch] prices updated.
[research] seeded: XAGUSD +1.70%
[done]  0 alert(s) sent, 1 research task(s) seeded.
[2026-03-24 11:47 ET] Market hours active — running price check.
[fetch] prices updated.
[done]  0 alert(s) sent, 0 research task(s) seeded.
[2026-03-24 11:52 ET] Market hours active — running price check.
[fetch] prices updated.
[done]  0 alert(s) sent, 0 research task(s) seeded.
[2026-03-24 11:57 ET] Market hours active — running price check.
[fetch] prices updated.
[research] seeded: BTC -1.16%
[done]  0 alert(s) sent, 1 research task(s) seeded.
[2026-03-24 12:02 ET] Market hours active — running price check.
[fetch] prices updated.
[done]  0 alert(s) sent, 0 research task(s) seeded.
[2026-03-24 12:08 ET] Market hours active — running price check.
[fetch] prices updated.
[done]  0 alert(s) sent, 0 research task(s) seeded.
[2026-03-24 12:13 ET] Market hours active — running price check.
[fetch] prices updated.
[done]  0 alert(s) sent, 0 research task(s) seeded.
[2026-03-24 12:18 ET] Market hours active — running price check.
[fetch] prices updated.
[done]  0 alert(s) sent, 0 research task(s) seeded.
[2026-03-24 12:23 ET] Market hours active — running price check.
[fetch] prices updated.
[research] seeded: IBIT -1.14%
[done]  0 alert(s) sent, 1 research task(s) seeded.
[2026-03-24 12:28 ET] Market hours active — running price check.
[fetch] prices updated.
[done]  0 alert(s) sent, 0 research task(s) seeded.
[2026-03-24 12:33 ET] Market hours active — running price check.
[fetch] prices updated.
[done]  0 alert(s) sent, 0 research task(s) seeded.
[2026-03-24 12:38 ET] Market hours active — running price check.
[fetch] prices updated.
[research] seeded: ETH -1.09%
[done]  0 alert(s) sent, 1 research task(s) seeded.
[2026-03-24 12:43 ET] Market hours active — running price check.
[fetch] prices updated.
[done]  0 alert(s) sent, 0 research task(s) seeded.
[2026-03-24 12:48 ET] Market hours active — running price check.
[fetch] prices updated.
[done]  0 alert(s) sent, 0 research task(s) seeded.
[2026-03-24 12:53 ET] Market hours active — running price check.
[fetch] prices updated.
[done]  0 alert(s) sent, 0 research task(s) seeded.
[2026-03-24 12:59 ET] Market hours active — running price check.
[fetch] prices updated.
[done]  0 alert(s) sent, 0 research task(s) seeded.
[2026-03-24 13:04 ET] Market hours active — running price check.
[fetch] prices updated.
[done]  0 alert(s) sent, 0 research task(s) seeded.
[2026-03-24 13:09 ET] Market hours active — running price check.
[fetch] prices updated.
[done]  0 alert(s) sent, 0 research task(s) seeded.
[2026-03-24 13:14 ET] Market hours active — running price check.
[fetch] prices updated.
[done]  0 alert(s) sent, 0 research task(s) seeded.
[2026-03-24 13:19 ET] Market hours active — running price check.
[fetch] prices updated.
[research] seeded: NATGAS +1.18%
[done]  0 alert(s) sent, 1 research task(s) seeded.
[2026-03-24 13:24 ET] Market hours active — running price check.
[fetch] prices updated.
[done]  0 alert(s) sent, 0 research task(s) seeded.
[2026-03-24 13:29 ET] Market hours active — running price check.
[fetch] prices updated.
[done]  0 alert(s) sent, 0 research task(s) seeded.
[2026-03-24 13:34 ET] Market hours active — running price check.
[fetch] prices updated.
[research] seeded: TMF -3.03%
[move]  BITF: -5.41% — batched
[research] seeded: BITF -5.41%
[move]  ALM: -11.16% — batched
[research] seeded: ALM -11.16%
[move]  VIX: +3.82% — batched
[move]  CRUDE: +5.58% — batched
[research] seeded: CRUDE +5.58%
[2026-03-24T17:34:49Z] SENT [STATUS][movers_batch] key='': 📊 <b>Market Movers (4)</b>
  ▼ ALM -11.2% $15.04 (RSI 41)
  ▲ CRUDE +5.6% $93.05 (RSI 60)
  ▼ BITF -5.4% $2.19 (RSI 48)

[batch] 4 movers sent as 1 message
[done]  1 alert(s) sent, 4 research task(s) seeded.
[2026-03-24 13:39 ET] Market hours active — running price check.
[fetch] prices updated.
[research] seeded: NOW -4.47%
[research] seeded: VIX +3.25%
[done]  0 alert(s) sent, 2 research task(s) seeded.
[2026-03-24 13:44 ET] Market hours active — running price check.
[fetch] prices updated.
[move]  TMF: -3.05% — batched
[move]  NOW: -4.63% — batched
[research] seeded: NASDAQ -1.00%
[2026-03-24T17:45:02Z] SENT [STATUS][movers_batch] key='': 📊 <b>Market Movers (2)</b>
  ▼ NOW -4.6% $105.81 (RSI 38)
  ▼ TMF -3.1% $34.91 (RSI 34)
[batch] 2 movers sent as 1 message
[done]  1 alert(s) sent, 1 research task(s) seeded.
[2026-03-24 13:50 ET] Market hours active — running price check.
[fetch] prices updated.
[done]  0 alert(s) sent, 0 research task(s) seeded.
[2026-03-24 13:55 ET] Market hours active — running price check.
[fetch] prices updated.
[done]  0 alert(s) sent, 0 research task(s) seeded.
[2026-03-24 14:00 ET] Market hours active — running price check.
[fetch] prices updated.
[research] seeded: BTC -2.45%
[done]  0 alert(s) sent, 1 research task(s) seeded.
[2026-03-24 14:05 ET] Market hours active — running price check.
[fetch] prices updated.
[done]  0 alert(s) sent, 0 research task(s) seeded.
[2026-03-24 14:10 ET] Market hours active — running price check.
[fetch] prices updated.
[done]  0 alert(s) sent, 0 research task(s) seeded.
[2026-03-24 14:15 ET] Market hours active — running price check.
[fetch] prices updated.
[research] seeded: SILJ +1.02%
[done]  0 alert(s) sent, 1 research task(s) seeded.
[2026-03-24 14:20 ET] Market hours active — running price check.
[fetch] prices updated.
[done]  0 alert(s) sent, 0 research task(s) seeded.
[2026-03-24 14:25 ET] Market hours active — running price check.
[fetch] prices updated.
[research] seeded: IBIT -1.76%
[done]  0 alert(s) sent, 1 research task(s) seeded.
[2026-03-24 14:30 ET] Market hours active — running price check.
[fetch] prices updated.
[done]  0 alert(s) sent, 0 research task(s) seeded.
[2026-03-24 14:35 ET] Market hours active — running price check.
[fetch] prices updated.
[research] seeded: SLV +1.25%
[research] seeded: XAGUSD +1.07%
[done]  0 alert(s) sent, 2 research task(s) seeded.
[2026-03-24 14:41 ET] Market hours active — running price check.
[fetch] prices updated.
[research] seeded: ETH -1.32%
[done]  0 alert(s) sent, 1 research task(s) seeded.
[2026-03-24 14:46 ET] Market hours active — running price check.
[fetch] prices updated.
[done]  0 alert(s) sent, 0 research task(s) seeded.
[2026-03-24 14:51 ET] Market hours active — running price check.
[fetch] prices updated.
[done]  0 alert(s) sent, 0 research task(s) seeded.
[2026-03-24 14:56 ET] Market hours active — running price check.
[fetch] prices updated.
[done]  0 alert(s) sent, 0 research task(s) seeded.
[2026-03-24 15:01 ET] Market hours active — running price check.
[fetch] prices updated.
[done]  0 alert(s) sent, 0 research task(s) seeded.
[2026-03-24 15:06 ET] Market hours active — running price check.
[fetch] prices updated.
[done]  0 alert(s) sent, 0 research task(s) seeded.
[2026-03-24 15:11 ET] Market hours active — running price check.
[fetch] prices updated.
[done]  0 alert(s) sent, 0 research task(s) seeded.
[2026-03-24 15:16 ET] Market hours active — running price check.
[fetch] prices updated.
[done]  0 alert(s) sent, 0 research task(s) seeded.
[2026-03-24 15:21 ET] Market hours active — running price check.
[fetch] prices updated.
[done]  0 alert(s) sent, 0 research task(s) seeded.
[2026-03-24 15:26 ET] Market hours active — running price check.
[fetch] prices updated.
[done]  0 alert(s) sent, 0 research task(s) seeded.
[2026-03-24 15:32 ET] Market hours active — running price check.
[fetch] prices updated.
[done]  0 alert(s) sent, 0 research task(s) seeded.
[2026-03-24 15:37 ET] Market hours active — running price check.
[fetch] prices updated.
[research] seeded: TMF -1.68%
[research] seeded: BITF -4.11%
[research] seeded: ALM -11.64%
[research] seeded: CRUDE +3.89%
[done]  0 alert(s) sent, 4 research task(s) seeded.
[2026-03-24 15:42 ET] Market hours active — running price check.
[fetch] prices updated.
[research] seeded: NOW -5.01%
[research] seeded: VIX +1.68%
[done]  0 alert(s) sent, 2 research task(s) seeded.
[2026-03-24 15:47 ET] Market hours active — running price check.
[fetch] prices updated.
[done]  0 alert(s) sent, 0 research task(s) seeded.
[2026-03-24 15:52 ET] Market hours active — running price check.
[fetch] prices updated.
[done]  0 alert(s) sent, 0 research task(s) seeded.
[2026-03-24 15:57 ET] Market hours active — running price check.
[fetch] prices updated.
[done]  0 alert(s) sent, 0 research task(s) seeded.
[2026-03-24 16:02 ET] Market hours active — running price check.
[fetch] prices updated.
[research] seeded: BTC -2.25%
[done]  0 alert(s) sent, 1 research task(s) seeded.
[2026-03-24 16:07 ET] Market hours active — running price check.
[fetch] prices updated.
[done]  0 alert(s) sent, 0 research task(s) seeded.
[2026-03-24 16:12 ET] Market hours active — running price check.
[fetch] prices updated.
[done]  0 alert(s) sent, 0 research task(s) seeded.
[2026-03-24 16:17 ET] Outside market hours. Exiting.
[2026-03-24 16:22 ET] Outside market hours. Exiting.
[2026-03-24 16:27 ET] Outside market hours. Exiting.
[2026-03-24 16:32 ET] Outside market hours. Exiting.
[2026-03-24 16:37 ET] Outside market hours. Exiting.
[2026-03-24 16:42 ET] Outside market hours. Exiting.
[2026-03-24 16:47 ET] Outside market hours. Exiting.
[2026-03-24 16:52 ET] Outside market hours. Exiting.
[2026-03-24 16:57 ET] Outside market hours. Exiting.
[2026-03-24 17:02 ET] Outside market hours. Exiting.
[2026-03-24 17:07 ET] Outside market hours. Exiting.
[2026-03-24 17:12 ET] Outside market hours. Exiting.
[2026-03-24 17:17 ET] Outside market hours. Exiting.
[2026-03-24 17:22 ET] Outside market hours. Exiting.
[2026-03-24 17:27 ET] Outside market hours. Exiting.
[2026-03-24 17:32 ET] Outside market hours. Exiting.
[2026-03-24 17:37 ET] Outside market hours. Exiting.
[2026-03-24 17:42 ET] Outside market hours. Exiting.
[2026-03-24 17:47 ET] Outside market hours. Exiting.
[2026-03-24 17:52 ET] Outside market hours. Exiting.
[2026-03-24 17:57 ET] Outside market hours. Exiting.
[2026-03-24 18:02 ET] Outside market hours. Exiting.
[2026-03-24 18:07 ET] Outside market hours. Exiting.
[2026-03-24 18:12 ET] Outside market hours. Exiting.
[2026-03-24 18:17 ET] Outside market hours. Exiting.
[2026-03-24 18:22 ET] Outside market hours. Exiting.
[2026-03-24 18:27 ET] Outside market hours. Exiting.
[2026-03-24 18:32 ET] Outside market hours. Exiting.
[2026-03-24 18:37 ET] Outside market hours. Exiting.
[2026-03-24 18:42 ET] Outside market hours. Exiting.
[2026-03-24 18:47 ET] Outside market hours. Exiting.
[2026-03-24 18:52 ET] Outside market hours. Exiting.
[2026-03-24 18:57 ET] Outside market hours. Exiting.
[2026-03-24 19:02 ET] Outside market hours. Exiting.
[2026-03-24 19:08 ET] Outside market hours. Exiting.
[2026-03-24 19:13 ET] Outside market hours. Exiting.
[2026-03-24 19:18 ET] Outside market hours. Exiting.
[2026-03-24 19:23 ET] Outside market hours. Exiting.
[2026-03-24 19:28 ET] Outside market hours. Exiting.
[2026-03-24 19:33 ET] Outside market hours. Exiting.
[2026-03-24 19:38 ET] Outside market hours. Exiting.
[2026-03-24 19:43 ET] Outside market hours. Exiting.
[2026-03-24 19:48 ET] Outside market hours. Exiting.
[2026-03-24 19:53 ET] Outside market hours. Exiting.
[2026-03-24 19:58 ET] Outside market hours. Exiting.
[2026-03-24 20:03 ET] Outside market hours. Exiting.
[2026-03-24 20:08 ET] Outside market hours. Exiting.
[2026-03-24 20:13 ET] Outside market hours. Exiting.
[2026-03-24 20:18 ET] Outside market hours. Exiting.
[2026-03-24 20:23 ET] Outside market hours. Exiting.
[2026-03-24 20:28 ET] Outside market hours. Exiting.
[2026-03-24 20:33 ET] Outside market hours. Exiting.
[2026-03-24 20:38 ET] Outside market hours. Exiting.
[2026-03-24 20:43 ET] Outside market hours. Exiting.
[2026-03-24 20:48 ET] Outside market hours. Exiting.
[2026-03-24 20:53 ET] Outside market hours. Exiting.
[2026-03-24 20:58 ET] Outside market hours. Exiting.
[2026-03-24 21:03 ET] Outside market hours. Exiting.
[2026-03-24 21:08 ET] Outside market hours. Exiting.
[2026-03-24 21:13 ET] Outside market hours. Exiting.
[2026-03-24 21:18 ET] Outside market hours. Exiting.
[2026-03-24 21:23 ET] Outside market hours. Exiting.
[2026-03-24 21:28 ET] Outside market hours. Exiting.
[2026-03-24 21:33 ET] Outside market hours. Exiting.
[2026-03-24 21:38 ET] Outside market hours. Exiting.
[2026-03-24 21:43 ET] Outside market hours. Exiting.
[2026-03-24 21:48 ET] Outside market hours. Exiting.
[2026-03-24 21:53 ET] Outside market hours. Exiting.
[2026-03-24 21:58 ET] Outside market hours. Exiting.
[2026-03-24 22:03 ET] Outside market hours. Exiting.
[2026-03-24 22:08 ET] Outside market hours. Exiting.
[2026-03-24 22:13 ET] Outside market hours. Exiting.
[2026-03-24 22:18 ET] Outside market hours. Exiting.
[2026-03-24 22:23 ET] Outside market hours. Exiting.
[2026-03-24 22:28 ET] Outside market hours. Exiting.
[2026-03-24 22:33 ET] Outside market hours. Exiting.
[2026-03-24 22:38 ET] Outside market hours. Exiting.
[2026-03-24 22:43 ET] Outside market hours. Exiting.
[2026-03-24 22:48 ET] Outside market hours. Exiting.
[2026-03-24 22:53 ET] Outside market hours. Exiting.
[2026-03-24 22:58 ET] Outside market hours. Exiting.
[2026-03-24 23:03 ET] Outside market hours. Exiting.
[2026-03-24 23:08 ET] Outside market hours. Exiting.
[2026-03-24 23:13 ET] Outside market hours. Exiting.
[2026-03-24 23:18 ET] Outside market hours. Exiting.
[2026-03-24 23:23 ET] Outside market hours. Exiting.
[2026-03-24 23:28 ET] Outside market hours. Exiting.
[2026-03-24 23:33 ET] Outside market hours. Exiting.
[2026-03-24 23:38 ET] Outside market hours. Exiting.
[2026-03-24 23:43 ET] Outside market hours. Exiting.
[2026-03-24 23:48 ET] Outside market hours. Exiting.
[2026-03-24 23:53 ET] Outside market hours. Exiting.
[2026-03-24 23:58 ET] Outside market hours. Exiting.
[2026-03-25 00:03 ET] Outside market hours. Exiting.
[2026-03-25 00:08 ET] Outside market hours. Exiting.
[2026-03-25 00:13 ET] Outside market hours. Exiting.
[2026-03-25 00:18 ET] Outside market hours. Exiting.
[2026-03-25 00:23 ET] Outside market hours. Exiting.
[2026-03-25 00:28 ET] Outside market hours. Exiting.
[2026-03-25 00:33 ET] Outside market hours. Exiting.
[2026-03-25 00:38 ET] Outside market hours. Exiting.
[2026-03-25 00:43 ET] Outside market hours. Exiting.
[2026-03-25 00:48 ET] Outside market hours. Exiting.
[2026-03-25 00:53 ET] Outside market hours. Exiting.
[2026-03-25 00:58 ET] Outside market hours. Exiting.
[2026-03-25 01:03 ET] Outside market hours. Exiting.
[2026-03-25 01:08 ET] Outside market hours. Exiting.
[2026-03-25 01:13 ET] Outside market hours. Exiting.
[2026-03-25 01:18 ET] Outside market hours. Exiting.
[2026-03-25 01:23 ET] Outside market hours. Exiting.
[2026-03-25 01:28 ET] Outside market hours. Exiting.
[2026-03-25 01:33 ET] Outside market hours. Exiting.
[2026-03-25 01:38 ET] Outside market hours. Exiting.
[2026-03-25 01:43 ET] Outside market hours. Exiting.
[2026-03-25 01:48 ET] Outside market hours. Exiting.
[2026-03-25 01:53 ET] Outside market hours. Exiting.
[2026-03-25 01:58 ET] Outside market hours. Exiting.
[2026-03-25 02:03 ET] Outside market hours. Exiting.
[2026-03-25 02:08 ET] Outside market hours. Exiting.
[2026-03-25 02:13 ET] Outside market hours. Exiting.
[2026-03-25 02:18 ET] Outside market hours. Exiting.
[2026-03-25 02:23 ET] Outside market hours. Exiting.
[2026-03-25 02:28 ET] Outside market hours. Exiting.
[2026-03-25 02:33 ET] Outside market hours. Exiting.
[2026-03-25 02:38 ET] Outside market hours. Exiting.
[2026-03-25 02:43 ET] Outside market hours. Exiting.
[2026-03-25 02:48 ET] Outside market hours. Exiting.
[2026-03-25 02:53 ET] Outside market hours. Exiting.
[2026-03-25 02:58 ET] Outside market hours. Exiting.
[2026-03-25 03:03 ET] Outside market hours. Exiting.
[2026-03-25 03:08 ET] Outside market hours. Exiting.
[2026-03-25 03:13 ET] Outside market hours. Exiting.
[2026-03-25 03:18 ET] Outside market hours. Exiting.
[2026-03-25 03:23 ET] Outside market hours. Exiting.
[2026-03-25 03:28 ET] Outside market hours. Exiting.
[2026-03-25 03:33 ET] Outside market hours. Exiting.
[2026-03-25 03:38 ET] Outside market hours. Exiting.
[2026-03-25 03:43 ET] Outside market hours. Exiting.
[2026-03-25 03:48 ET] Outside market hours. Exiting.
[2026-03-25 03:53 ET] Outside market hours. Exiting.
[2026-03-25 03:58 ET] Outside market hours. Exiting.
[2026-03-25 04:03 ET] Outside market hours. Exiting.
[2026-03-25 04:08 ET] Outside market hours. Exiting.
[2026-03-25 04:13 ET] Outside market hours. Exiting.
[2026-03-25 04:18 ET] Outside market hours. Exiting.
[2026-03-25 04:23 ET] Outside market hours. Exiting.
[2026-03-25 04:28 ET] Outside market hours. Exiting.
[2026-03-25 04:33 ET] Outside market hours. Exiting.
[2026-03-25 04:38 ET] Outside market hours. Exiting.
[2026-03-25 04:43 ET] Outside market hours. Exiting.
[2026-03-25 04:48 ET] Outside market hours. Exiting.
[2026-03-25 04:53 ET] Outside market hours. Exiting.
[2026-03-25 04:58 ET] Outside market hours. Exiting.
[2026-03-25 05:03 ET] Outside market hours. Exiting.
[2026-03-25 05:08 ET] Outside market hours. Exiting.
[2026-03-25 05:13 ET] Outside market hours. Exiting.
[2026-03-25 05:18 ET] Outside market hours. Exiting.
[2026-03-25 05:23 ET] Outside market hours. Exiting.
[2026-03-25 05:28 ET] Outside market hours. Exiting.
[2026-03-25 05:33 ET] Outside market hours. Exiting.
[2026-03-25 05:38 ET] Outside market hours. Exiting.
[2026-03-25 05:43 ET] Outside market hours. Exiting.
[2026-03-25 05:48 ET] Outside market hours. Exiting.
[2026-03-25 05:53 ET] Outside market hours. Exiting.
[2026-03-25 05:58 ET] Outside market hours. Exiting.
[2026-03-25 06:03 ET] Outside market hours. Exiting.
[2026-03-25 06:08 ET] Outside market hours. Exiting.
[2026-03-25 06:13 ET] Outside market hours. Exiting.
[2026-03-25 06:18 ET] Outside market hours. Exiting.
[2026-03-25 06:23 ET] Outside market hours. Exiting.
[2026-03-25 06:28 ET] Outside market hours. Exiting.
[2026-03-25 06:33 ET] Outside market hours. Exiting.
[2026-03-25 06:38 ET] Outside market hours. Exiting.
[2026-03-25 06:43 ET] Outside market hours. Exiting.
[2026-03-25 06:48 ET] Outside market hours. Exiting.
[2026-03-25 06:53 ET] Outside market hours. Exiting.
[2026-03-25 06:58 ET] Outside market hours. Exiting.
[2026-03-25 07:03 ET] Outside market hours. Exiting.
[2026-03-25 07:08 ET] Outside market hours. Exiting.
[2026-03-25 07:13 ET] Outside market hours. Exiting.
[2026-03-25 07:18 ET] Outside market hours. Exiting.
[2026-03-25 07:23 ET] Outside market hours. Exiting.
[2026-03-25 07:28 ET] Outside market hours. Exiting.
[2026-03-25 07:33 ET] Outside market hours. Exiting.
[2026-03-25 07:38 ET] Outside market hours. Exiting.
[2026-03-25 07:43 ET] Outside market hours. Exiting.
[2026-03-25 07:48 ET] Outside market hours. Exiting.
[2026-03-25 07:53 ET] Outside market hours. Exiting.
[2026-03-25 07:58 ET] Outside market hours. Exiting.
[2026-03-25 08:03 ET] Outside market hours. Exiting.
[2026-03-25 08:08 ET] Outside market hours. Exiting.
[2026-03-25 08:13 ET] Outside market hours. Exiting.
[2026-03-25 08:18 ET] Outside market hours. Exiting.
[2026-03-25 08:23 ET] Outside market hours. Exiting.
[2026-03-25 08:28 ET] Outside market hours. Exiting.
[2026-03-25 08:33 ET] Outside market hours. Exiting.
[2026-03-25 08:38 ET] Outside market hours. Exiting.
[2026-03-25 08:43 ET] Outside market hours. Exiting.
[2026-03-25 08:48 ET] Outside market hours. Exiting.
[2026-03-25 08:53 ET] Outside market hours. Exiting.
[2026-03-25 08:58 ET] Outside market hours. Exiting.
[2026-03-25 09:03 ET] Outside market hours. Exiting.
[2026-03-25 09:08 ET] Outside market hours. Exiting.
[2026-03-25 09:13 ET] Outside market hours. Exiting.
[2026-03-25 09:18 ET] Outside market hours. Exiting.
[2026-03-25 09:23 ET] Outside market hours. Exiting.
[2026-03-25 09:28 ET] Market hours active — running price check.
[fetch] prices updated.
[research] seeded: SILJ +1.56%
[research] seeded: TMF -1.26%
[research] seeded: IBIT -1.92%
[move]  BITF: -4.33% — batched
[research] seeded: BITF -4.33%
[move]  NOW: -5.68% — batched
[research] seeded: NOW -5.68%
[move]  ALM: -13.02% — batched
[research] seeded: ALM -13.02%
[move]  XAUUSD: +3.61% — batched
[research] seeded: XAUUSD +3.61%
[move]  XAGUSD: +5.56% — batched
[research] seeded: XAGUSD +5.56%
[move]  VIX: -4.79% — batched
[research] seeded: VIX -4.79%
[research] seeded: BTC +1.55%
[research] seeded: ETH +1.25%
[move]  CRUDE: -4.97% — batched
[research] seeded: CRUDE -4.97%
[research] seeded: NATGAS -2.85%
[2026-03-25T13:28:24Z] SENT [STATUS][movers_batch] key='': 📊 <b>Position-Relevant Movers (3)</b>
  ▼ NOW -5.7% $104.65 (RSI 37)
    └ You hold: call_option 112.0 x25 2026-06-18
  
[batch] 3 thesis-relevant movers sent
[done]  1 alert(s) sent, 13 research task(s) seeded.
[2026-03-25 09:33 ET] Market hours active — running price check.
[fetch] prices updated.
[move]  GLD: +3.75% — batched
[research] seeded: GLD +3.75%
[move]  SLV: +4.74% — batched
[research] seeded: SLV +4.74%
[move]  GDX: +4.75% — batched
[research] seeded: GDX +4.75%
[move]  SILJ: +4.97% — batched
[move]  IBIT: +3.67% — batched
[research] seeded: SPX +1.07%
[research] seeded: NASDAQ +1.22%
[2026-03-25T13:33:31Z] SUPPRESSED rate-limit(6/6) [STATUS][movers_batch] key='': 📊 <b>Position-Relevant Movers (5)</b>
  ▲ SILJ +5.0% $29.30 (RSI 41)
    └ You h
[done]  0 alert(s) sent, 5 research task(s) seeded.
[2026-03-25 09:38 ET] Market hours active — running price check.
[fetch] prices updated.
[done]  0 alert(s) sent, 0 research task(s) seeded.
[2026-03-25 09:43 ET] Market hours active — running price check.
[fetch] prices updated.
[done]  0 alert(s) sent, 0 research task(s) seeded.
[2026-03-25 09:48 ET] Market hours active — running price check.
[fetch] prices updated.
[done]  0 alert(s) sent, 0 research task(s) seeded.
[2026-03-25 09:53 ET] Market hours active — running price check.
[fetch] prices updated.
[done]  0 alert(s) sent, 0 research task(s) seeded.
[2026-03-25 09:58 ET] Market hours active — running price check.
[fetch] prices updated.
[done]  0 alert(s) sent, 0 research task(s) seeded.
[2026-03-25 10:03 ET] Market hours active — running price check.
[fetch] prices updated.
[done]  0 alert(s) sent, 0 research task(s) seeded.
[2026-03-25 10:09 ET] Market hours active — running price check.
[fetch] prices updated.
[done]  0 alert(s) sent, 0 research task(s) seeded.
[2026-03-25 10:14 ET] Market hours active — running price check.
[fetch] prices updated.
[done]  0 alert(s) sent, 0 research task(s) seeded.
[2026-03-25 10:19 ET] Market hours active — running price check.
[fetch] prices updated.
[done]  0 alert(s) sent, 0 research task(s) seeded.
[2026-03-25 10:24 ET] Market hours active — running price check.
[fetch] prices updated.
[done]  0 alert(s) sent, 0 research task(s) seeded.
[2026-03-25 10:29 ET] Market hours active — running price check.
[fetch] prices updated.
[done]  0 alert(s) sent, 0 research task(s) seeded.
[2026-03-25 10:34 ET] Market hours active — running price check.
[fetch] prices updated.
[done]  0 alert(s) sent, 0 research task(s) seeded.
[2026-03-25 10:39 ET] Market hours active — running price check.
[fetch] prices updated.
[done]  0 alert(s) sent, 0 research task(s) seeded.
[2026-03-25 10:44 ET] Market hours active — running price check.
[fetch] prices updated.
[done]  0 alert(s) sent, 0 research task(s) seeded.
[2026-03-25 10:49 ET] Market hours active — running price check.
[fetch] prices updated.
[done]  0 alert(s) sent, 0 research task(s) seeded.
[2026-03-25 10:54 ET] Market hours active — running price check.
[fetch] prices updated.
[done]  0 alert(s) sent, 0 research task(s) seeded.
[2026-03-25 11:00 ET] Market hours active — running price check.
[fetch] prices updated.
[done]  0 alert(s) sent, 0 research task(s) seeded.
[2026-03-25 11:05 ET] Market hours active — running price check.
[fetch] prices updated.
[done]  0 alert(s) sent, 0 research task(s) seeded.
[2026-03-25 11:10 ET] Market hours active — running price check.
[fetch] prices updated.
[done]  0 alert(s) sent, 0 research task(s) seeded.
[2026-03-25 11:15 ET] Market hours active — running price check.
[fetch] prices updated.
[done]  0 alert(s) sent, 0 research task(s) seeded.
[2026-03-25 11:20 ET] Market hours active — running price check.
[fetch] prices updated.
[done]  0 alert(s) sent, 0 research task(s) seeded.
[2026-03-25 11:25 ET] Market hours active — running price check.
[fetch] prices updated.
[done]  0 alert(s) sent, 0 research task(s) seeded.
[2026-03-25 11:30 ET] Market hours active — running price check.
[fetch] prices updated.
[research] seeded: SILJ +3.05%
[research] seeded: TMF +2.60%
[research] seeded: IBIT +2.44%
[research] seeded: BITF +2.71%
[research] seeded: NOW -2.22%
[research] seeded: ALM +4.69%
[research] seeded: XAUUSD +3.39%
[research] seeded: XAGUSD +4.77%
[research] seeded: VIX -4.38%
[research] seeded: CRUDE -2.77%
[research] seeded: NATGAS -1.36%
[done]  0 alert(s) sent, 11 research task(s) seeded.
[2026-03-25 11:35 ET] Market hours active — running price check.
[fetch] prices updated.
[research] seeded: GLD +3.70%
[research] seeded: SLV +4.58%
[research] seeded: GDX +3.92%
[done]  0 alert(s) sent, 3 research task(s) seeded.
[2026-03-25 11:40 ET] Market hours active — running price check.
[fetch] prices updated.
[done]  0 alert(s) sent, 0 research task(s) seeded.
[2026-03-25 11:45 ET] Market hours active — running price check.
[fetch] prices updated.
[done]  0 alert(s) sent, 0 research task(s) seeded.
[2026-03-25 11:51 ET] Market hours active — running price check.
[fetch] prices updated.
[done]  0 alert(s) sent, 0 research task(s) seeded.
[2026-03-25 11:56 ET] Market hours active — running price check.
[fetch] prices updated.
[done]  0 alert(s) sent, 0 research task(s) seeded.
[2026-03-25 12:01 ET] Market hours active — running price check.
[fetch] prices updated.
[done]  0 alert(s) sent, 0 research task(s) seeded.
[2026-03-25 12:06 ET] Market hours active — running price check.
[fetch] prices updated.
[done]  0 alert(s) sent, 0 research task(s) seeded.
[2026-03-25 12:11 ET] Market hours active — running price check.
[fetch] prices updated.
[done]  0 alert(s) sent, 0 research task(s) seeded.
[2026-03-25 12:16 ET] Market hours active — running price check.
[fetch] prices updated.
[done]  0 alert(s) sent, 0 research task(s) seeded.
[2026-03-25 12:21 ET] Market hours active — running price check.
[fetch] prices updated.
[done]  0 alert(s) sent, 0 research task(s) seeded.
[2026-03-25 12:26 ET] Market hours active — running price check.
[fetch] prices updated.
[done]  0 alert(s) sent, 0 research task(s) seeded.
[2026-03-25 12:31 ET] Market hours active — running price check.
[fetch] prices updated.
[research] seeded: NASDAQ +1.03%
[research] seeded: BTC +1.51%
[done]  0 alert(s) sent, 2 research task(s) seeded.
[2026-03-25 12:36 ET] Market hours active — running price check.
[fetch] prices updated.
[research] seeded: ETH +1.06%
[done]  0 alert(s) sent, 1 research task(s) seeded.
[2026-03-25 12:42 ET] Market hours active — running price check.
[fetch] prices updated.
[done]  0 alert(s) sent, 0 research task(s) seeded.
[2026-03-25 12:47 ET] Market hours active — running price check.
[fetch] prices updated.
[done]  0 alert(s) sent, 0 research task(s) seeded.
[2026-03-25 12:52 ET] Market hours active — running price check.
[fetch] prices updated.
[done]  0 alert(s) sent, 0 research task(s) seeded.
[2026-03-25 12:57 ET] Market hours active — running price check.
[fetch] prices updated.
[done]  0 alert(s) sent, 0 research task(s) seeded.
[2026-03-25 13:02 ET] Market hours active — running price check.
[fetch] prices updated.
[done]  0 alert(s) sent, 0 research task(s) seeded.
[2026-03-25 13:07 ET] Market hours active — running price check.
[fetch] prices updated.
[done]  0 alert(s) sent, 0 research task(s) seeded.
[2026-03-25 13:12 ET] Market hours active — running price check.
[fetch] prices updated.
[done]  0 alert(s) sent, 0 research task(s) seeded.
[2026-03-25 13:17 ET] Market hours active — running price check.
[fetch] prices updated.
[done]  0 alert(s) sent, 0 research task(s) seeded.
[2026-03-25 13:22 ET] Market hours active — running price check.
[fetch] prices updated.
[done]  0 alert(s) sent, 0 research task(s) seeded.
[2026-03-25 13:27 ET] Market hours active — running price check.
[fetch] prices updated.
[done]  0 alert(s) sent, 0 research task(s) seeded.
[2026-03-25 13:33 ET] Market hours active — running price check.
[fetch] prices updated.
[research] seeded: SILJ +3.48%
[research] seeded: TMF +2.42%
[research] seeded: IBIT +2.44%
[research] seeded: BITF +2.04%
[research] seeded: NOW -1.27%
[move]  ALM: +6.49% — batched
[research] seeded: ALM +6.49%
[move]  XAUUSD: +3.49% — batched
[research] seeded: XAUUSD +3.49%
[move]  XAGUSD: +5.04% — batched
[research] seeded: XAGUSD +5.04%
[move]  VIX: -5.27% — batched
[research] seeded: VIX -5.27%
[research] seeded: CRUDE -1.74%
[skip]  4 movers suppressed (no thesis impact)
[done]  0 alert(s) sent, 10 research task(s) seeded.
[2026-03-25 13:38 ET] Market hours active — running price check.
[fetch] prices updated.
[move]  GLD: +3.71% — batched
[research] seeded: GLD +3.71%
[move]  SLV: +4.43% — batched
[research] seeded: SLV +4.43%
[move]  GDX: +4.08% — batched
[research] seeded: GDX +4.08%
[move]  SILJ: +3.44% — batched
[2026-03-25T17:38:13Z] SUPPRESSED rate-limit(6/6) [STATUS][movers_batch] key='': 📊 <b>Position-Relevant Movers (4)</b>
  ▲ SLV +4.4% $65.74 (RSI 41)
    └ You ho
[done]  0 alert(s) sent, 3 research task(s) seeded.
[2026-03-25 13:43 ET] Market hours active — running price check.
[fetch] prices updated.
[done]  0 alert(s) sent, 0 research task(s) seeded.
[2026-03-25 13:48 ET] Market hours active — running price check.
[fetch] prices updated.
[done]  0 alert(s) sent, 0 research task(s) seeded.
[2026-03-25 13:53 ET] Market hours active — running price check.
[fetch] prices updated.
[research] seeded: NATGAS -1.12%
[done]  0 alert(s) sent, 1 research task(s) seeded.
[2026-03-25 13:58 ET] Market hours active — running price check.
[fetch] prices updated.
[done]  0 alert(s) sent, 0 research task(s) seeded.
[2026-03-25 14:03 ET] Market hours active — running price check.
[fetch] prices updated.
[done]  0 alert(s) sent, 0 research task(s) seeded.
[2026-03-25 14:08 ET] Market hours active — running price check.
[fetch] prices updated.
[done]  0 alert(s) sent, 0 research task(s) seeded.
[2026-03-25 14:13 ET] Market hours active — running price check.
[fetch] prices updated.
[done]  0 alert(s) sent, 0 research task(s) seeded.
[2026-03-25 14:18 ET] Market hours active — running price check.
[fetch] prices updated.
[done]  0 alert(s) sent, 0 research task(s) seeded.
[2026-03-25 14:23 ET] Market hours active — running price check.
[fetch] prices updated.
[done]  0 alert(s) sent, 0 research task(s) seeded.
[2026-03-25 14:29 ET] Market hours active — running price check.
[fetch] prices updated.
[done]  0 alert(s) sent, 0 research task(s) seeded.
[2026-03-25 14:34 ET] Market hours active — running price check.
[fetch] prices updated.
[done]  0 alert(s) sent, 0 research task(s) seeded.
[2026-03-25 14:39 ET] Market hours active — running price check.
[fetch] prices updated.
[done]  0 alert(s) sent, 0 research task(s) seeded.
[2026-03-25 14:44 ET] Market hours active — running price check.
[fetch] prices updated.
[done]  0 alert(s) sent, 0 research task(s) seeded.
[2026-03-25 14:49 ET] Market hours active — running price check.
[fetch] prices updated.
[done]  0 alert(s) sent, 0 research task(s) seeded.
[2026-03-25 14:54 ET] Market hours active — running price check.
[fetch] prices updated.
[done]  0 alert(s) sent, 0 research task(s) seeded.
[2026-03-25 14:59 ET] Market hours active — running price check.
[fetch] prices updated.
[done]  0 alert(s) sent, 0 research task(s) seeded.
[2026-03-25 15:04 ET] Market hours active — running price check.
[fetch] prices updated.
[done]  0 alert(s) sent, 0 research task(s) seeded.
[2026-03-25 15:09 ET] Market hours active — running price check.
[fetch] prices updated.
[done]  0 alert(s) sent, 0 research task(s) seeded.
[2026-03-25 15:14 ET] Market hours active — running price check.
[fetch] prices updated.
[done]  0 alert(s) sent, 0 research task(s) seeded.
[2026-03-25 15:20 ET] Market hours active — running price check.
[fetch] prices updated.
[done]  0 alert(s) sent, 0 research task(s) seeded.
[2026-03-25 15:25 ET] Market hours active — running price check.
[fetch] prices updated.
[done]  0 alert(s) sent, 0 research task(s) seeded.
[2026-03-25 15:30 ET] Market hours active — running price check.
[fetch] prices updated.
[done]  0 alert(s) sent, 0 research task(s) seeded.
[2026-03-25 15:35 ET] Market hours active — running price check.
[fetch] prices updated.
[research] seeded: SILJ +2.13%
[research] seeded: TMF +2.46%
[research] seeded: IBIT +2.34%
[research] seeded: NOW -1.37%
[research] seeded: ALM +9.03%
[research] seeded: XAUUSD +2.63%
[research] seeded: XAGUSD +3.70%
[research] seeded: VIX -5.42%
[research] seeded: CRUDE -1.71%
[done]  0 alert(s) sent, 9 research task(s) seeded.
[2026-03-25 15:40 ET] Market hours active — running price check.
[fetch] prices updated.
[research] seeded: GLD +2.63%
[research] seeded: SLV +3.13%
[research] seeded: GDX +3.04%
[done]  0 alert(s) sent, 3 research task(s) seeded.
[2026-03-25 15:45 ET] Market hours active — running price check.
[fetch] prices updated.
[done]  0 alert(s) sent, 0 research task(s) seeded.
[2026-03-25 15:50 ET] Market hours active — running price check.
[fetch] prices updated.
[done]  0 alert(s) sent, 0 research task(s) seeded.
[2026-03-25 15:55 ET] Market hours active — running price check.
[fetch] prices updated.
[done]  0 alert(s) sent, 0 research task(s) seeded.
[2026-03-25 16:00 ET] Market hours active — running price check.
[fetch] prices updated.
[done]  0 alert(s) sent, 0 research task(s) seeded.
[2026-03-25 16:05 ET] Market hours active — running price check.
[fetch] prices updated.
[done]  0 alert(s) sent, 0 research task(s) seeded.
[2026-03-25 16:11 ET] Market hours active — running price check.
[fetch] prices updated.
[done]  0 alert(s) sent, 0 research task(s) seeded.
[2026-03-25 16:16 ET] Outside market hours. Exiting.
[2026-03-25 16:21 ET] Outside market hours. Exiting.
[2026-03-25 16:26 ET] Outside market hours. Exiting.
[2026-03-25 16:31 ET] Outside market hours. Exiting.
[2026-03-25 16:36 ET] Outside market hours. Exiting.
[2026-03-25 16:41 ET] Outside market hours. Exiting.
[2026-03-25 16:46 ET] Outside market hours. Exiting.
[2026-03-25 16:51 ET] Outside market hours. Exiting.
[2026-03-25 16:56 ET] Outside market hours. Exiting.
[2026-03-25 17:01 ET] Outside market hours. Exiting.
[2026-03-25 17:06 ET] Outside market hours. Exiting.
[2026-03-25 17:11 ET] Outside market hours. Exiting.
[2026-03-25 17:16 ET] Outside market hours. Exiting.
[2026-03-25 17:21 ET] Outside market hours. Exiting.
[2026-03-25 17:26 ET] Outside market hours. Exiting.
[2026-03-25 17:31 ET] Outside market hours. Exiting.
[2026-03-25 17:36 ET] Outside market hours. Exiting.
[2026-03-25 17:41 ET] Outside market hours. Exiting.
[2026-03-25 17:46 ET] Outside market hours. Exiting.
[2026-03-25 17:51 ET] Outside market hours. Exiting.
[2026-03-25 17:56 ET] Outside market hours. Exiting.
[2026-03-25 18:01 ET] Outside market hours. Exiting.
[2026-03-25 18:06 ET] Outside market hours. Exiting.
[2026-03-25 18:11 ET] Outside market hours. Exiting.
[2026-03-25 18:16 ET] Outside market hours. Exiting.
[2026-03-25 18:21 ET] Outside market hours. Exiting.
[2026-03-25 18:26 ET] Outside market hours. Exiting.
[2026-03-25 18:31 ET] Outside market hours. Exiting.
[2026-03-25 18:36 ET] Outside market hours. Exiting.
[2026-03-25 18:41 ET] Outside market hours. Exiting.
[2026-03-25 18:46 ET] Outside market hours. Exiting.
[2026-03-25 18:51 ET] Outside market hours. Exiting.
[2026-03-25 18:56 ET] Outside market hours. Exiting.
[2026-03-25 19:01 ET] Outside market hours. Exiting.
[2026-03-25 19:06 ET] Outside market hours. Exiting.
[2026-03-25 19:11 ET] Outside market hours. Exiting.
[2026-03-25 19:16 ET] Outside market hours. Exiting.
[2026-03-25 19:21 ET] Outside market hours. Exiting.
[2026-03-25 19:26 ET] Outside market hours. Exiting.
[2026-03-25 19:31 ET] Outside market hours. Exiting.
[2026-03-25 19:36 ET] Outside market hours. Exiting.
[2026-03-25 19:41 ET] Outside market hours. Exiting.
[2026-03-25 19:46 ET] Outside market hours. Exiting.
[2026-03-25 19:51 ET] Outside market hours. Exiting.
[2026-03-25 19:56 ET] Outside market hours. Exiting.
[2026-03-25 20:01 ET] Outside market hours. Exiting.
[2026-03-25 20:06 ET] Outside market hours. Exiting.
[2026-03-25 20:11 ET] Outside market hours. Exiting.
[2026-03-25 20:16 ET] Outside market hours. Exiting.
[2026-03-25 20:21 ET] Outside market hours. Exiting.
[2026-03-25 20:26 ET] Outside market hours. Exiting.
[2026-03-25 20:31 ET] Outside market hours. Exiting.
[2026-03-25 20:36 ET] Outside market hours. Exiting.
[2026-03-25 20:41 ET] Outside market hours. Exiting.
[2026-03-25 20:46 ET] Outside market hours. Exiting.
[2026-03-25 20:51 ET] Outside market hours. Exiting.
[2026-03-25 20:56 ET] Outside market hours. Exiting.
[2026-03-25 21:01 ET] Outside market hours. Exiting.
[2026-03-25 21:06 ET] Outside market hours. Exiting.
[2026-03-25 21:11 ET] Outside market hours. Exiting.
[2026-03-25 21:16 ET] Outside market hours. Exiting.
[2026-03-25 21:21 ET] Outside market hours. Exiting.
[2026-03-25 21:26 ET] Outside market hours. Exiting.
[2026-03-25 21:31 ET] Outside market hours. Exiting.
[2026-03-25 21:36 ET] Outside market hours. Exiting.
[2026-03-25 21:41 ET] Outside market hours. Exiting.
[2026-03-25 21:46 ET] Outside market hours. Exiting.
[2026-03-25 21:51 ET] Outside market hours. Exiting.
[2026-03-25 21:56 ET] Outside market hours. Exiting.
[2026-03-25 22:01 ET] Outside market hours. Exiting.
[2026-03-25 22:06 ET] Outside market hours. Exiting.
[2026-03-25 22:11 ET] Outside market hours. Exiting.
[2026-03-25 22:16 ET] Outside market hours. Exiting.
[2026-03-25 22:21 ET] Outside market hours. Exiting.
[2026-03-25 22:26 ET] Outside market hours. Exiting.
[2026-03-25 22:31 ET] Outside market hours. Exiting.
[2026-03-25 22:36 ET] Outside market hours. Exiting.
[2026-03-25 22:41 ET] Outside market hours. Exiting.
[2026-03-25 22:46 ET] Outside market hours. Exiting.
[2026-03-25 22:51 ET] Outside market hours. Exiting.
[2026-03-25 22:56 ET] Outside market hours. Exiting.
[2026-03-25 23:01 ET] Outside market hours. Exiting.
[2026-03-25 23:06 ET] Outside market hours. Exiting.
[2026-03-25 23:11 ET] Outside market hours. Exiting.
[2026-03-25 23:16 ET] Outside market hours. Exiting.
[2026-03-25 23:21 ET] Outside market hours. Exiting.
[2026-03-25 23:26 ET] Outside market hours. Exiting.
[2026-03-25 23:31 ET] Outside market hours. Exiting.
[2026-03-25 23:36 ET] Outside market hours. Exiting.
[2026-03-25 23:41 ET] Outside market hours. Exiting.
[2026-03-25 23:46 ET] Outside market hours. Exiting.
[2026-03-25 23:51 ET] Outside market hours. Exiting.
[2026-03-25 23:56 ET] Outside market hours. Exiting.
[2026-03-26 00:01 ET] Outside market hours. Exiting.
[2026-03-26 00:06 ET] Outside market hours. Exiting.
[2026-03-26 00:11 ET] Outside market hours. Exiting.
[2026-03-26 00:16 ET] Outside market hours. Exiting.
[2026-03-26 00:21 ET] Outside market hours. Exiting.
[2026-03-26 00:26 ET] Outside market hours. Exiting.
[2026-03-26 00:31 ET] Outside market hours. Exiting.
[2026-03-26 00:36 ET] Outside market hours. Exiting.
[2026-03-26 00:41 ET] Outside market hours. Exiting.
[2026-03-26 00:46 ET] Outside market hours. Exiting.
[2026-03-26 00:51 ET] Outside market hours. Exiting.
[2026-03-26 00:56 ET] Outside market hours. Exiting.
[2026-03-26 01:01 ET] Outside market hours. Exiting.
[2026-03-26 01:06 ET] Outside market hours. Exiting.
[2026-03-26 01:11 ET] Outside market hours. Exiting.
[2026-03-26 01:16 ET] Outside market hours. Exiting.
[2026-03-26 01:21 ET] Outside market hours. Exiting.
[2026-03-26 01:26 ET] Outside market hours. Exiting.
[2026-03-26 01:31 ET] Outside market hours. Exiting.
[2026-03-26 01:36 ET] Outside market hours. Exiting.
[2026-03-26 01:41 ET] Outside market hours. Exiting.
[2026-03-26 01:46 ET] Outside market hours. Exiting.
[2026-03-26 01:51 ET] Outside market hours. Exiting.
[2026-03-26 01:56 ET] Outside market hours. Exiting.
[2026-03-26 02:01 ET] Outside market hours. Exiting.
[2026-03-26 02:06 ET] Outside market hours. Exiting.
[2026-03-26 02:11 ET] Outside market hours. Exiting.
[2026-03-26 02:16 ET] Outside market hours. Exiting.
[2026-03-26 02:21 ET] Outside market hours. Exiting.
[2026-03-26 02:26 ET] Outside market hours. Exiting.
[2026-03-26 02:31 ET] Outside market hours. Exiting.
[2026-03-26 02:36 ET] Outside market hours. Exiting.
[2026-03-26 02:41 ET] Outside market hours. Exiting.
[2026-03-26 02:46 ET] Outside market hours. Exiting.
[2026-03-26 02:51 ET] Outside market hours. Exiting.
[2026-03-26 02:56 ET] Outside market hours. Exiting.
[2026-03-26 03:01 ET] Outside market hours. Exiting.
[2026-03-26 03:06 ET] Outside market hours. Exiting.
[2026-03-26 03:11 ET] Outside market hours. Exiting.
[2026-03-26 03:16 ET] Outside market hours. Exiting.
[2026-03-26 03:21 ET] Outside market hours. Exiting.
[2026-03-26 03:26 ET] Outside market hours. Exiting.
[2026-03-26 03:31 ET] Outside market hours. Exiting.
[2026-03-26 03:36 ET] Outside market hours. Exiting.
[2026-03-26 03:41 ET] Outside market hours. Exiting.
[2026-03-26 03:46 ET] Outside market hours. Exiting.
[2026-03-26 03:51 ET] Outside market hours. Exiting.
[2026-03-26 03:56 ET] Outside market hours. Exiting.
[2026-03-26 04:01 ET] Outside market hours. Exiting.
[2026-03-26 04:06 ET] Outside market hours. Exiting.
[2026-03-26 04:11 ET] Outside market hours. Exiting.
[2026-03-26 04:16 ET] Outside market hours. Exiting.
[2026-03-26 04:21 ET] Outside market hours. Exiting.
[2026-03-26 04:26 ET] Outside market hours. Exiting.
[2026-03-26 04:31 ET] Outside market hours. Exiting.
[2026-03-26 04:36 ET] Outside market hours. Exiting.
[2026-03-26 04:41 ET] Outside market hours. Exiting.
[2026-03-26 04:46 ET] Outside market hours. Exiting.
[2026-03-26 04:51 ET] Outside market hours. Exiting.
[2026-03-26 04:56 ET] Outside market hours. Exiting.
[2026-03-26 05:01 ET] Outside market hours. Exiting.
[2026-03-26 05:06 ET] Outside market hours. Exiting.
[2026-03-26 05:11 ET] Outside market hours. Exiting.
[2026-03-26 05:16 ET] Outside market hours. Exiting.
[2026-03-26 05:21 ET] Outside market hours. Exiting.
[2026-03-26 05:26 ET] Outside market hours. Exiting.
[2026-03-26 05:31 ET] Outside market hours. Exiting.
[2026-03-26 05:36 ET] Outside market hours. Exiting.
[2026-03-26 05:41 ET] Outside market hours. Exiting.
[2026-03-26 05:46 ET] Outside market hours. Exiting.
[2026-03-26 05:51 ET] Outside market hours. Exiting.
[2026-03-26 05:56 ET] Outside market hours. Exiting.
[2026-03-26 06:01 ET] Outside market hours. Exiting.
[2026-03-26 06:06 ET] Outside market hours. Exiting.
[2026-03-26 06:11 ET] Outside market hours. Exiting.
[2026-03-26 06:16 ET] Outside market hours. Exiting.
[2026-03-26 06:21 ET] Outside market hours. Exiting.
[2026-03-26 06:26 ET] Outside market hours. Exiting.
[2026-03-26 06:31 ET] Outside market hours. Exiting.
[2026-03-26 06:36 ET] Outside market hours. Exiting.
[2026-03-26 06:41 ET] Outside market hours. Exiting.
[2026-03-26 06:46 ET] Outside market hours. Exiting.
[2026-03-26 06:51 ET] Outside market hours. Exiting.
[2026-03-26 06:56 ET] Outside market hours. Exiting.
[2026-03-26 07:01 ET] Outside market hours. Exiting.
[2026-03-26 07:06 ET] Outside market hours. Exiting.
[2026-03-26 07:11 ET] Outside market hours. Exiting.
[2026-03-26 07:16 ET] Outside market hours. Exiting.
[2026-03-26 07:21 ET] Outside market hours. Exiting.
[2026-03-26 07:26 ET] Outside market hours. Exiting.
[2026-03-26 07:31 ET] Outside market hours. Exiting.
[2026-03-26 07:36 ET] Outside market hours. Exiting.
[2026-03-26 07:41 ET] Outside market hours. Exiting.
[2026-03-26 07:46 ET] Outside market hours. Exiting.
[2026-03-26 07:51 ET] Outside market hours. Exiting.
[2026-03-26 07:56 ET] Outside market hours. Exiting.
[2026-03-26 08:01 ET] Outside market hours. Exiting.
[2026-03-26 08:06 ET] Outside market hours. Exiting.
[2026-03-26 08:11 ET] Outside market hours. Exiting.
[2026-03-26 08:16 ET] Outside market hours. Exiting.
[2026-03-26 08:21 ET] Outside market hours. Exiting.
[2026-03-26 08:26 ET] Outside market hours. Exiting.
[2026-03-26 08:31 ET] Outside market hours. Exiting.
[2026-03-26 08:36 ET] Outside market hours. Exiting.
[2026-03-26 08:41 ET] Outside market hours. Exiting.
[2026-03-26 08:46 ET] Outside market hours. Exiting.
[2026-03-26 08:51 ET] Outside market hours. Exiting.
[2026-03-26 08:56 ET] Outside market hours. Exiting.
[2026-03-26 09:01 ET] Outside market hours. Exiting.
[2026-03-26 09:06 ET] Outside market hours. Exiting.
[2026-03-26 09:11 ET] Outside market hours. Exiting.
[2026-03-26 09:16 ET] Outside market hours. Exiting.
[2026-03-26 09:21 ET] Outside market hours. Exiting.
[2026-03-26 09:26 ET] Market hours active — running price check.
[fetch] prices updated.
[move]  GLD: +3.01% — batched
[research] seeded: GLD +3.01%
[move]  SLV: +3.59% — batched
[research] seeded: SLV +3.59%
[move]  GDX: +3.38% — batched
[research] seeded: GDX +3.38%
[research] seeded: SILJ +2.36%
[research] seeded: TMF +2.66%
[research] seeded: IBIT +2.27%
[research] seeded: NOW -1.52%
[move]  ALM: -7.69% — batched
[research] seeded: ALM -7.69%
[research] seeded: XAUUSD -2.48%
[move]  XAGUSD: -5.40% — batched
[research] seeded: XAGUSD -5.40%
[move]  VIX: +7.22% — batched
[research] seeded: VIX +7.22%
[research] seeded: BTC -2.66%
[move]  ETH: -4.16% — batched
[research] seeded: ETH -4.16%
[move]  CRUDE: +3.64% — batched
[research] seeded: CRUDE +3.64%
[research] seeded: PPLT +2.18%
[2026-03-26T13:26:35Z] SUPPRESSED rate-limit(6/6) [STATUS][movers_batch] key='': 📊 <b>Position-Relevant Movers (5)</b>
  ▼ ALM -7.7% $0.01 (RSI 43)
    └ You hol
[done]  0 alert(s) sent, 15 research task(s) seeded.
[2026-03-26 09:31 ET] Market hours active — running price check.
[fetch] prices updated.
[move]  SILJ: -3.99% — batched
[research] seeded: BITF -2.72%
[research] seeded: NASDAQ -1.13%
[move]  PPLT: -3.63% — batched
[2026-03-26T13:31:41Z] SUPPRESSED rate-limit(6/6) [STATUS][movers_batch] key='': 📊 <b>Position-Relevant Movers (2)</b>
  ▼ SILJ -4.0% $27.43 (RSI 35)
    └ You h
[done]  0 alert(s) sent, 2 research task(s) seeded.
[2026-03-26 09:36 ET] Market hours active — running price check.
[fetch] prices updated.
[done]  0 alert(s) sent, 0 research task(s) seeded.
[2026-03-26 09:41 ET] Market hours active — running price check.
[fetch] prices updated.
[done]  0 alert(s) sent, 0 research task(s) seeded.
[2026-03-26 09:46 ET] Market hours active — running price check.
[fetch] prices updated.
[done]  0 alert(s) sent, 0 research task(s) seeded.
[2026-03-26 09:52 ET] Market hours active — running price check.
[fetch] prices updated.
[done]  0 alert(s) sent, 0 research task(s) seeded.
[2026-03-26 09:57 ET] Market hours active — running price check.
[fetch] prices updated.
[done]  0 alert(s) sent, 0 research task(s) seeded.
[2026-03-26 10:02 ET] Market hours active — running price check.
[fetch] prices updated.
[research] seeded: NATGAS -1.35%
[done]  0 alert(s) sent, 1 research task(s) seeded.
[2026-03-26 10:07 ET] Market hours active — running price check.
[fetch] prices updated.
[done]  0 alert(s) sent, 0 research task(s) seeded.
[2026-03-26 10:12 ET] Market hours active — running price check.
[fetch] prices updated.
[done]  0 alert(s) sent, 0 research task(s) seeded.
[2026-03-26 10:17 ET] Market hours active — running price check.
[fetch] prices updated.
[done]  0 alert(s) sent, 0 research task(s) seeded.
[2026-03-26 10:22 ET] Market hours active — running price check.
[fetch] prices updated.
[done]  0 alert(s) sent, 0 research task(s) seeded.
[2026-03-26 10:27 ET] Market hours active — running price check.
[fetch] prices updated.
[done]  0 alert(s) sent, 0 research task(s) seeded.
[2026-03-26 10:32 ET] Market hours active — running price check.
[fetch] prices updated.
[done]  0 alert(s) sent, 0 research task(s) seeded.
[2026-03-26 10:38 ET] Market hours active — running price check.
[fetch] prices updated.
[done]  0 alert(s) sent, 0 research task(s) seeded.
[2026-03-26 10:43 ET] Market hours active — running price check.
[fetch] prices updated.
[done]  0 alert(s) sent, 0 research task(s) seeded.
[2026-03-26 10:48 ET] Market hours active — running price check.
[fetch] prices updated.
[done]  0 alert(s) sent, 0 research task(s) seeded.
[2026-03-26 10:53 ET] Market hours active — running price check.
[fetch] prices updated.
[done]  0 alert(s) sent, 0 research task(s) seeded.
[2026-03-26 10:58 ET] Market hours active — running price check.
[fetch] prices updated.
[move]  BITF: -3.17% — batched
[2026-03-26T14:58:39Z] SUPPRESSED rate-limit(6/6) [STATUS][movers_batch] key='': 📊 <b>Position-Relevant Movers (1)</b>
  ▼ BITF -3.2% $2.14 (RSI 46)
    └ You ho
[done]  0 alert(s) sent, 0 research task(s) seeded.
[2026-03-26 11:03 ET] Market hours active — running price check.
[fetch] prices updated.
[done]  0 alert(s) sent, 0 research task(s) seeded.
[2026-03-26 11:08 ET] Market hours active — running price check.
[fetch] prices updated.
[done]  0 alert(s) sent, 0 research task(s) seeded.
[2026-03-26 11:13 ET] Market hours active — running price check.
[fetch] prices updated.
[done]  0 alert(s) sent, 0 research task(s) seeded.
[2026-03-26 11:19 ET] Market hours active — running price check.
[fetch] prices updated.
[move]  BTC: -3.35% — batched
[skip]  1 movers suppressed (no thesis impact)
[done]  0 alert(s) sent, 0 research task(s) seeded.
[2026-03-26 11:24 ET] Market hours active — running price check.
[fetch] prices updated.
[done]  0 alert(s) sent, 0 research task(s) seeded.
[2026-03-26 11:29 ET] Market hours active — running price check.
[fetch] prices updated.
[research] seeded: GLD -1.67%
[research] seeded: SLV -4.20%
[research] seeded: SILJ -3.15%
[research] seeded: TMF -1.65%
[research] seeded: IBIT -2.59%
[research] seeded: NOW +1.13%
[research] seeded: ALM -7.69%
[research] seeded: XAUUSD -2.17%
[research] seeded: XAGUSD -4.40%
[research] seeded: VIX +5.01%
[research] seeded: BTC -3.28%
[research] seeded: ETH -4.72%
[research] seeded: CRUDE +4.34%
[research] seeded: PPLT -3.60%
[done]  0 alert(s) sent, 14 research task(s) seeded.
