[2026-04-25T13:12:44.740025+00:00] [INFO] === Research Engine starting — pid 27112 ===
[2026-04-25T13:12:44.742546+00:00] [INFO]   rate cap: 30/hr, min sleep: 20s
[2026-04-25T13:12:44.742905+00:00] [INFO]   followup threshold: 0.55, max depth: 3
[2026-04-25T13:12:44.743854+00:00] [INFO]   loaded 0 seen hashes, 0 queued questions
[2026-04-25T13:12:44.802400+00:00] [INFO] queue low (0), proposing batch for track=position_driven
[2026-04-25T13:13:47.987491+00:00] [INFO] track position_driven: proposed 5, valid 3
[2026-04-25T13:13:47.991885+00:00] [INFO]   queued 3 new questions (0 duplicates)
[2026-04-25T13:13:47.992648+00:00] [INFO] [1] track=position_driven depth=0 Q: What is the correlation between GLD and SLV daily returns during the current met
[2026-04-25T13:13:50.119761+00:00] [INFO]   result: {"correlation": 0.7735, "n_days": 729, "ticker_a": "GLD", "ticker_b": "SLV", "runtime_s": 2.13}
[2026-04-25T13:14:03.485825+00:00] [INFO]   score=1.00, synth=ok
[2026-04-25T13:14:03.488858+00:00] [INFO]   wrote 20260425-000-what-is-the-correlation-between-gld-and-slv-daily-returns-du.json
[2026-04-25T13:14:21.848021+00:00] [ERROR] loop error: 'str' object has no attribute 'get'
Traceback (most recent call last):
  File "/Users/zekezirk/zeke-portfolio/research/research_engine.py", line 486, in main_loop
    followups = generate_followups(q, result, synth, depth)
  File "/Users/zekezirk/zeke-portfolio/research/research_engine.py", line 289, in generate_followups
    if ds.get("type") == "ticker_days":
       ^^^^^^
AttributeError: 'str' object has no attribute 'get'

[2026-04-25T13:14:51.868771+00:00] [INFO] queue low (2), proposing batch for track=signal_discovery
[2026-04-25T13:15:20.640906+00:00] [INFO] === Research Engine starting — pid 27255 ===
[2026-04-25T13:15:20.646415+00:00] [INFO]   rate cap: 30/hr, min sleep: 20s
[2026-04-25T13:15:20.646792+00:00] [INFO]   followup threshold: 0.55, max depth: 3
[2026-04-25T13:15:20.647544+00:00] [INFO]   loaded 3 seen hashes, 2 queued questions
[2026-04-25T13:15:20.697508+00:00] [INFO] queue low (2), proposing batch for track=position_driven
[2026-04-25T13:16:01.959583+00:00] [INFO] track position_driven: proposed 5, valid 4
[2026-04-25T13:16:01.962539+00:00] [INFO]   queued 4 new questions (0 duplicates)
[2026-04-25T13:16:01.963227+00:00] [INFO] [1] track=position_driven depth=0 Q: What is the beta of TLT to TMF during the post weekly cycle low regime
[2026-04-25T13:16:04.344919+00:00] [INFO]   result: {"beta": 0.3377, "regime": "post_wcl_10d", "n_days": 729, "ticker": "TLT", "benchmark": "TMF", "runtime_s": 2.38}
[2026-04-25T13:16:10.388965+00:00] [INFO]   score=0.60, synth=ok
[2026-04-25T13:16:10.391223+00:00] [INFO]   wrote 20260425-001-what-is-the-beta-of-tlt-to-tmf-during-the-post-weekly-cycle-.json
[2026-04-25T13:16:48.698033+00:00] [INFO] [2] track=position_driven depth=0 Q: What is the threshold cross count for SLV price relative to its fifty day moving
[2026-04-25T13:16:49.031707+00:00] [INFO]   result: {"cross_count": 60, "level": "sma_50", "ticker": "SLV", "n_days": 730, "runtime_s": 0.33}
[2026-04-25T13:16:55.306618+00:00] [INFO]   score=0.60, synth=ok
[2026-04-25T13:16:55.307997+00:00] [INFO]   wrote 20260425-002-what-is-the-threshold-cross-count-for-slv-price-relative-to-.json
[2026-04-25T13:17:31.421217+00:00] [INFO] queue low (4), proposing batch for track=signal_discovery
[2026-04-25T13:18:24.501019+00:00] [INFO] track signal_discovery: proposed 5, valid 5
[2026-04-25T13:18:24.503653+00:00] [INFO]   queued 5 new questions (0 duplicates)
[2026-04-25T13:18:24.504145+00:00] [INFO] [3] track=position_driven depth=0 Q: What is the correlation between GLD and SLV daily returns during the current DCL
[2026-04-25T13:18:25.169668+00:00] [INFO]   result: {"correlation": 0.7735, "n_days": 729, "ticker_a": "GLD", "ticker_b": "SLV", "runtime_s": 0.67}
[2026-04-25T13:18:32.179745+00:00] [INFO]   score=1.00, synth=ok
[2026-04-25T13:18:32.182026+00:00] [INFO]   wrote 20260425-003-what-is-the-correlation-between-gld-and-slv-daily-returns-du.json
[2026-04-25T13:19:08.864393+00:00] [INFO] [4] track=position_driven depth=0 Q: What is the beta of TLT to TMF during weekly cycle low regimes
[2026-04-25T13:19:09.918432+00:00] [INFO]   result: {"beta": 0.3377, "regime": "weekly_cycle_low", "n_days": 729, "ticker": "TLT", "benchmark": "TMF", "runtime_s": 1.05}
[2026-04-25T13:19:16.371165+00:00] [INFO]   score=0.60, synth=ok
[2026-04-25T13:19:16.372628+00:00] [INFO]   wrote 20260425-004-what-is-the-beta-of-tlt-to-tmf-during-weekly-cycle-low-regim.json
[2026-04-25T13:19:55.268267+00:00] [INFO] [5] track=position_driven depth=0 Q: What is the mean return of GLD in the five days following a confirmed silver DCL
[2026-04-25T13:19:55.682755+00:00] [INFO]   result: {"mean_return_pct": 0.1278, "regime": "post_silver_dcl_5d", "n_days": 729, "ticker": "GLD", "runtime_s": 0.41}
[2026-04-25T13:20:00.845541+00:00] [INFO]   score=0.60, synth=ok
[2026-04-25T13:20:00.847117+00:00] [INFO]   wrote 20260425-005-what-is-the-mean-return-of-gld-in-the-five-days-following-a-.json
[2026-04-25T13:20:35.904592+00:00] [INFO] heartbeat — queue=6 seen=12 tests=5 findings=5 followups=0
[2026-04-25T13:20:35.923562+00:00] [INFO] [6] track=position_driven depth=0 Q: What is the drawdown of SILJ during SPX down month regimes
[2026-04-25T13:20:36.625850+00:00] [INFO]   result: {"max_drawdown_pct": -34.95, "regime": "spx_down_month", "n_days": 730, "ticker": "SILJ", "runtime_s": 0.7}
[2026-04-25T13:20:42.125037+00:00] [INFO]   score=1.00, synth=ok
[2026-04-25T13:20:42.126378+00:00] [INFO]   wrote 20260425-006-what-is-the-drawdown-of-silj-during-spx-down-month-regimes.json
[2026-04-25T13:21:18.996796+00:00] [INFO] [7] track=signal_discovery depth=0 Q: Does GLD crossing above its fifty day moving average predict positive returns in
[2026-04-25T13:21:19.308708+00:00] [INFO]   result: {"mean_return_pct": 0.1278, "regime": "vix_low", "n_days": 729, "ticker": "GLD", "runtime_s": 0.31}
[2026-04-25T13:21:26.055675+00:00] [INFO]   score=0.60, synth=ok
[2026-04-25T13:21:26.059436+00:00] [INFO]   wrote 20260425-007-does-gld-crossing-above-its-fifty-day-moving-average-predict.json
[2026-04-25T13:22:04.744310+00:00] [INFO] queue low (4), proposing batch for track=regime_exploration
[2026-04-25T13:22:48.794598+00:00] [INFO] track regime_exploration: proposed 5, valid 3
[2026-04-25T13:22:48.798618+00:00] [INFO]   queued 3 new questions (0 duplicates)
[2026-04-25T13:22:48.799334+00:00] [INFO] [8] track=signal_discovery depth=0 Q: How many times has TLT crossed below its two hundred day moving average while DX
[2026-04-25T13:22:49.258773+00:00] [INFO]   result: {"cross_count": 26, "level": "sma_200", "ticker": "TLT", "n_days": 730, "runtime_s": 0.46}
[2026-04-25T13:22:55.046059+00:00] [INFO]   score=0.60, synth=ok
[2026-04-25T13:22:55.048127+00:00] [INFO]   wrote 20260425-008-how-many-times-has-tlt-crossed-below-its-two-hundred-day-mov.json
[2026-04-25T13:23:37.037818+00:00] [INFO] [9] track=signal_discovery depth=0 Q: Does IBIT crossing below its fifty day moving average predict negative returns i
[2026-04-25T13:23:37.428669+00:00] [INFO]   result: {"error": "no sma_50_cross_down events in window", "runtime_s": 0.39}
[2026-04-25T13:23:37.429043+00:00] [INFO]   score=0.00, synth=ok
[2026-04-25T13:23:37.430893+00:00] [INFO]   wrote 20260425-009-does-ibit-crossing-below-its-fifty-day-moving-average-predic.json
[2026-04-25T13:23:57.449605+00:00] [INFO] [10] track=signal_discovery depth=0 Q: What is the correlation between GLD returns and SILJ returns during periods when
[2026-04-25T13:23:58.268670+00:00] [INFO]   result: {"correlation": 0.7368, "n_days": 729, "ticker_a": "GLD", "ticker_b": "SILJ", "runtime_s": 0.82}
[2026-04-25T13:24:13.586624+00:00] [INFO]   score=1.00, synth=dropped
[2026-04-25T13:24:13.588652+00:00] [INFO]   wrote 20260425-010-what-is-the-correlation-between-gld-returns-and-silj-returns.json
[2026-04-25T13:24:33.696984+00:00] [INFO] queue low (4), proposing batch for track=position_driven
[2026-04-25T13:25:23.424708+00:00] [INFO] track position_driven: proposed 5, valid 0
[2026-04-25T13:25:23.427584+00:00] [INFO]   queued 0 new questions (0 duplicates)
[2026-04-25T13:26:23.519804+00:00] [INFO] heartbeat — queue=4 seen=15 tests=10 findings=10 followups=0
[2026-04-25T13:26:23.540130+00:00] [INFO] queue low (4), proposing batch for track=signal_discovery
[2026-04-25T13:27:08.469888+00:00] [INFO] track signal_discovery: proposed 5, valid 5
[2026-04-25T13:27:08.472898+00:00] [INFO]   queued 5 new questions (0 duplicates)
[2026-04-25T13:27:08.473579+00:00] [INFO] [11] track=signal_discovery depth=0 Q: Does SLV crossing above its twenty day moving average predict positive returns i
[2026-04-25T13:27:09.207441+00:00] [INFO]   result: {"optimal_lag_days": 0, "peak_correlation": 0.7493, "ticker_a": "SLV", "ticker_b": "GDX", "direction": "same", "n_days": 729, "runtime_s": 0.73}
[2026-04-25T13:27:15.754921+00:00] [INFO]   score=1.00, synth=ok
[2026-04-25T13:27:15.759678+00:00] [INFO]   wrote 20260425-011-does-slv-crossing-above-its-twenty-day-moving-average-predic.json
[2026-04-25T13:28:05.176627+00:00] [INFO] [12] track=regime_exploration depth=0 Q: How does the correlation between GLD and SLV change during VIX high regimes comp
[2026-04-25T13:28:05.858162+00:00] [INFO]   result: {"correlation": 0.7735, "n_days": 729, "ticker_a": "GLD", "ticker_b": "SLV", "runtime_s": 0.68}
[2026-04-25T13:28:18.933145+00:00] [INFO]   score=1.00, synth=ok
[2026-04-25T13:28:18.935550+00:00] [INFO]   wrote 20260425-012-how-does-the-correlation-between-gld-and-slv-change-during-v.json
[2026-04-25T13:29:00.417333+00:00] [INFO] [13] track=regime_exploration depth=0 Q: What is the beta of TLT to DXY during SPX down month regimes versus all other re
[2026-04-25T13:29:01.081290+00:00] [INFO]   result: {"beta": -0.6219, "regime": "all", "n_days": 600, "ticker": "TLT", "benchmark": "DXY", "runtime_s": 0.66}
[2026-04-25T13:29:06.864104+00:00] [INFO]   score=0.90, synth=ok
[2026-04-25T13:29:06.865102+00:00] [INFO]   wrote 20260425-013-what-is-the-beta-of-tlt-to-dxy-during-spx-down-month-regimes.json
[2026-04-25T13:29:38.216500+00:00] [INFO] [14] track=regime_exploration depth=0 Q: What is the optimal lag days for DXY to predict GLD returns during VIX high regi
[2026-04-25T13:29:38.968989+00:00] [INFO]   result: {"optimal_lag_days": 0, "peak_correlation": 0.3887, "ticker_a": "GLD", "ticker_b": "DXY", "direction": "inverse", "n_days": 600, "runtime_s": 0.75}
[2026-04-25T13:29:45.257283+00:00] [INFO]   score=0.83, synth=ok
[2026-04-25T13:29:45.259011+00:00] [INFO]   wrote 20260425-014-what-is-the-optimal-lag-days-for-dxy-to-predict-gld-returns-.json
[2026-04-25T13:30:32.173293+00:00] [INFO] [15] track=signal_discovery depth=0 Q: Does GLD crossing above its fifty day moving average predict SLV outperformance 
[2026-04-25T13:30:32.587041+00:00] [INFO]   result: {"hit_rate_pct": 63.9, "n_events": 529, "mean_return_pct": 1.29, "signal": "sma_reclaim", "ticker": "GLD", "runtime_s": 0.41}
[2026-04-25T13:30:39.288856+00:00] [INFO]   score=0.74, synth=ok
[2026-04-25T13:30:39.289904+00:00] [INFO]   wrote 20260425-015-does-gld-crossing-above-its-fifty-day-moving-average-predict.json
[2026-04-25T13:31:19.579562+00:00] [INFO] queue low (4), proposing batch for track=regime_exploration
[2026-04-25T13:32:02.782544+00:00] [INFO] track regime_exploration: proposed 5, valid 3
[2026-04-25T13:32:02.784198+00:00] [INFO]   queued 1 new questions (2 duplicates)
[2026-04-25T13:32:02.784594+00:00] [INFO] [16] track=signal_discovery depth=0 Q: How many times did TLT close below its two hundred day moving average during VIX
[2026-04-25T13:32:03.162354+00:00] [INFO]   result: {"cross_count": 26, "level": "sma_200", "ticker": "TLT", "n_days": 730, "runtime_s": 0.38}
[2026-04-25T13:32:09.993934+00:00] [INFO]   score=0.60, synth=ok
[2026-04-25T13:32:09.996968+00:00] [INFO]   wrote 20260425-016-how-many-times-did-tlt-close-below-its-two-hundred-day-movin.json
[2026-04-25T13:32:55.253229+00:00] [INFO] heartbeat — queue=4 seen=21 tests=16 findings=16 followups=0
[2026-04-25T13:32:55.272426+00:00] [INFO] queue low (4), proposing batch for track=position_driven
[2026-04-25T13:33:40.818158+00:00] [INFO] track position_driven: proposed 5, valid 3
[2026-04-25T13:33:40.822766+00:00] [INFO]   queued 3 new questions (0 duplicates)
[2026-04-25T13:33:40.823898+00:00] [INFO] [17] track=signal_discovery depth=0 Q: Does IBIT showing relative strength versus SPX during DXY pullbacks precede thre
[2026-04-25T13:33:41.538822+00:00] [INFO]   result: {"correlation": 0.4129, "n_days": 572, "ticker_a": "IBIT", "ticker_b": "SPX", "runtime_s": 0.71}
[2026-04-25T13:33:57.335986+00:00] [INFO]   score=0.85, synth=dropped
[2026-04-25T13:33:57.337915+00:00] [INFO]   wrote 20260425-017-does-ibit-showing-relative-strength-versus-spx-during-dxy-pu.json
[2026-04-25T13:34:17.404216+00:00] [INFO] [18] track=signal_discovery depth=0 Q: What is the average return for GLD five days after SLV makes a new fifty two wee
[2026-04-25T13:34:17.712740+00:00] [INFO]   result: {"mean_return_pct": 0.1946, "regime": "post_new_52w_high", "n_days": 729, "ticker": "SLV", "runtime_s": 0.31}
[2026-04-25T13:34:29.842106+00:00] [INFO]   score=0.60, synth=dropped
[2026-04-25T13:34:29.843309+00:00] [INFO]   wrote 20260425-018-what-is-the-average-return-for-gld-five-days-after-slv-makes.json
[2026-04-25T13:34:49.874878+00:00] [INFO] [19] track=signal_discovery depth=0 Q: Does VIX closing below fifteen predict negative SPX returns over the following e
[2026-04-25T13:34:50.208863+00:00] [INFO]   result: {"hit_rate_pct": 43.1, "n_events": 58, "mean_return_pct": 1.0, "signal": "rsi_oversold", "ticker": "VIX", "runtime_s": 0.33}
[2026-04-25T13:35:03.519389+00:00] [INFO]   score=0.47, synth=dropped
[2026-04-25T13:35:03.520657+00:00] [INFO]   wrote 20260425-019-does-vix-closing-below-fifteen-predict-negative-spx-returns-.json
[2026-04-25T13:35:23.600931+00:00] [INFO] queue low (4), proposing batch for track=signal_discovery
[2026-04-25T13:36:08.958553+00:00] [INFO] track signal_discovery: proposed 5, valid 5
[2026-04-25T13:36:08.962025+00:00] [INFO]   queued 4 new questions (1 duplicates)
[2026-04-25T13:36:08.963298+00:00] [INFO] [20] track=regime_exploration depth=0 Q: How does the lag days between VIX and GLD returns change during DXY rally regime
[2026-04-25T13:36:09.644997+00:00] [INFO]   result: {"optimal_lag_days": 0, "peak_correlation": 0.074, "ticker_a": "VIX", "ticker_b": "GLD", "direction": "inverse", "n_days": 701, "runtime_s": 0.68}
[2026-04-25T13:36:16.019704+00:00] [INFO]   score=0.64, synth=ok
[2026-04-25T13:36:16.021636+00:00] [INFO]   wrote 20260425-020-how-does-the-lag-days-between-vix-and-gld-returns-change-dur.json
[2026-04-25T13:36:58.784030+00:00] [INFO] [21] track=position_driven depth=0 Q: What is the optimal lag days for TLT to predict TMF movements during weekly cycl
[2026-04-25T13:37:00.425659+00:00] [INFO]   result: {"optimal_lag_days": 0, "peak_correlation": 0.9939, "ticker_a": "TLT", "ticker_b": "TMF", "direction": "same", "n_days": 729, "runtime_s": 1.64}
[2026-04-25T13:37:13.156685+00:00] [INFO]   score=1.00, synth=ok
[2026-04-25T13:37:13.158880+00:00] [INFO]   wrote 20260425-021-what-is-the-optimal-lag-days-for-tlt-to-predict-tmf-movement.json
[2026-04-25T13:37:52.720574+00:00] [INFO] [22] track=position_driven depth=0 Q: Does IBIT show lower drawdown during VIX high regimes compared to VIX low regime
[2026-04-25T13:37:53.388105+00:00] [INFO]   result: {"max_drawdown_pct": -39.12, "regime": "vix_high", "n_days": 38, "ticker": "IBIT", "runtime_s": 0.67}
[2026-04-25T13:38:04.772113+00:00] [INFO]   score=0.80, synth=ok
[2026-04-25T13:38:04.775886+00:00] [INFO]   wrote 20260425-022-does-ibit-show-lower-drawdown-during-vix-high-regimes-compar.json
[2026-04-25T13:38:42.389935+00:00] [INFO] heartbeat — queue=5 seen=28 tests=22 findings=22 followups=0
[2026-04-25T13:38:42.406520+00:00] [INFO] [23] track=position_driven depth=0 Q: Does GLD have stronger correlation to SLV during SPX down month regimes versus o
[2026-04-25T13:38:43.167789+00:00] [INFO]   result: {"correlation": 0.7735, "n_days": 729, "ticker_a": "GLD", "ticker_b": "SLV", "runtime_s": 0.76}
[2026-04-25T13:38:55.424508+00:00] [INFO]   score=1.00, synth=ok
[2026-04-25T13:38:55.426123+00:00] [INFO]   wrote 20260425-023-does-gld-have-stronger-correlation-to-slv-during-spx-down-mo.json
[2026-04-25T13:39:49.385447+00:00] [INFO] queue low (4), proposing batch for track=regime_exploration
[2026-04-25T13:40:34.476027+00:00] [INFO] track regime_exploration: proposed 5, valid 2
[2026-04-25T13:40:34.478391+00:00] [INFO]   queued 2 new questions (0 duplicates)
[2026-04-25T13:40:34.478992+00:00] [INFO] [24] track=signal_discovery depth=0 Q: How many times did TLT close below its two hundred day moving average during VIX
[2026-04-25T13:40:34.888512+00:00] [INFO]   result: {"cross_count": 26, "level": "sma_200", "ticker": "TLT", "n_days": 730, "runtime_s": 0.41}
[2026-04-25T13:40:40.721195+00:00] [INFO]   score=0.60, synth=ok
[2026-04-25T13:40:40.724146+00:00] [INFO]   wrote 20260425-024-how-many-times-did-tlt-close-below-its-two-hundred-day-movin.json
[2026-04-25T13:41:13.117352+00:00] [INFO] [25] track=signal_discovery depth=0 Q: Does IBIT crossing above its fifty day moving average predict BTC weakness over 
[2026-04-25T13:41:13.854773+00:00] [INFO]   result: {"optimal_lag_days": 10, "peak_correlation": 0.0939, "ticker_a": "IBIT", "ticker_b": "BTC", "direction": "inverse", "n_days": 499, "runtime_s": 0.74}
[2026-04-25T13:41:26.188322+00:00] [INFO]   score=0.56, synth=ok
[2026-04-25T13:41:26.189954+00:00] [INFO]   wrote 20260425-025-does-ibit-crossing-above-its-fifty-day-moving-average-predic.json
[2026-04-25T13:42:01.457388+00:00] [INFO] queue low (4), proposing batch for track=position_driven
[2026-04-25T13:42:47.868358+00:00] [INFO] track position_driven: proposed 5, valid 1
[2026-04-25T13:42:47.870761+00:00] [INFO]   queued 1 new questions (0 duplicates)
[2026-04-25T13:42:47.871186+00:00] [INFO] [26] track=signal_discovery depth=0 Q: What is the mean return of GDX during SPX drawdowns exceeding five percent
[2026-04-25T13:42:48.388078+00:00] [INFO]   result: {"mean_return_pct": 0.1826, "regime": "spx_down_month", "n_days": 729, "ticker": "GDX", "runtime_s": 0.52}
[2026-04-25T13:42:54.089130+00:00] [INFO]   score=0.60, synth=ok
[2026-04-25T13:42:54.092310+00:00] [INFO]   wrote 20260425-026-what-is-the-mean-return-of-gdx-during-spx-drawdowns-exceedin.json
[2026-04-25T13:43:29.430229+00:00] [INFO] queue low (4), proposing batch for track=signal_discovery
[2026-04-25T13:44:14.639888+00:00] [INFO] track signal_discovery: proposed 5, valid 5
[2026-04-25T13:44:14.643023+00:00] [INFO]   queued 3 new questions (2 duplicates)
[2026-04-25T13:44:14.644654+00:00] [INFO] [27] track=signal_discovery depth=0 Q: Does DXY crossing below its fifty day moving average predict GLD strength over t
[2026-04-25T13:44:14.978458+00:00] [INFO]   result: {"error": "no sma_break events in window", "runtime_s": 0.33}
[2026-04-25T13:44:14.979054+00:00] [INFO]   score=0.00, synth=ok
[2026-04-25T13:44:14.980363+00:00] [INFO]   wrote 20260425-027-does-dxy-crossing-below-its-fifty-day-moving-average-predict.json
[2026-04-25T13:44:35.034891+00:00] [INFO] heartbeat — queue=6 seen=34 tests=27 findings=27 followups=0
[2026-04-25T13:44:35.049812+00:00] [INFO] [28] track=regime_exploration depth=0 Q: What is the beta of TLT to SPX during periods when DXY is in an uptrend versus a
[2026-04-25T13:44:35.610468+00:00] [INFO]   result: {"beta": 0.1273, "regime": "dxy_uptrend", "n_days": 729, "ticker": "TLT", "benchmark": "SPX", "runtime_s": 0.56}
[2026-04-25T13:44:41.978201+00:00] [INFO]   score=0.90, synth=ok
[2026-04-25T13:44:41.979933+00:00] [INFO]   wrote 20260425-028-what-is-the-beta-of-tlt-to-spx-during-periods-when-dxy-is-in.json
[2026-04-25T13:45:10.998689+00:00] [INFO] [29] track=regime_exploration depth=0 Q: How many days does GLD typically lag SLV in turning points during silver DCL eve
[2026-04-25T13:45:11.676049+00:00] [INFO]   result: {"optimal_lag_days": 0, "peak_correlation": 0.7735, "ticker_a": "GLD", "ticker_b": "SLV", "direction": "same", "n_days": 729, "runtime_s": 0.68}
[2026-04-25T13:45:16.628211+00:00] [INFO]   score=1.00, synth=ok
[2026-04-25T13:45:16.630175+00:00] [INFO]   wrote 20260425-029-how-many-days-does-gld-typically-lag-slv-in-turning-points-d.json
[2026-04-25T13:45:54.215251+00:00] [INFO] queue low (4), proposing batch for track=regime_exploration
[2026-04-25T13:46:40.761996+00:00] [INFO] track regime_exploration: proposed 5, valid 4
[2026-04-25T13:46:40.764147+00:00] [INFO]   queued 4 new questions (0 duplicates)
[2026-04-25T13:46:40.764596+00:00] [INFO] [30] track=position_driven depth=0 Q: What is the drawdown of IBIT during SPX down month regimes over the past two yea
[2026-04-25T13:46:41.199540+00:00] [INFO]   result: {"max_drawdown_pct": -49.36, "regime": "spx_down_month", "n_days": 573, "ticker": "IBIT", "runtime_s": 0.43}
[2026-04-25T13:46:47.726673+00:00] [INFO]   score=1.00, synth=ok
[2026-04-25T13:46:47.728459+00:00] [INFO]   wrote 20260425-030-what-is-the-drawdown-of-ibit-during-spx-down-month-regimes-o.json
[2026-04-25T13:47:24.002222+00:00] [INFO] rate cap hit (30/hr), sleeping 5min
[2026-04-25T13:52:24.035258+00:00] [INFO] heartbeat — queue=7 seen=38 tests=30 findings=30 followups=0
[2026-04-25T13:52:24.053061+00:00] [INFO] rate cap hit (30/hr), sleeping 5min
[2026-04-25T13:57:24.118572+00:00] [INFO] heartbeat — queue=7 seen=38 tests=30 findings=30 followups=0
[2026-04-25T13:57:24.136201+00:00] [INFO] rate cap hit (30/hr), sleeping 5min
