[2026-04-25T03:00:01.795950+00:00] [INFO] === Research Scout starting ===
[2026-04-25T03:00:01.798934+00:00] [INFO] context gathered: positions=24, prices=20, decisions=10, backtests=19
[2026-04-25T03:01:08.251875+00:00] [WARN] q3 field 'question' contains digits — REJECTED: Does IBIT exhibit a higher threshold cross count above its 50-day SMA during bullish SPX regimes ver
[2026-04-25T03:01:08.252946+00:00] [WARN] q3 rejected: digit in text
[2026-04-25T03:01:08.253214+00:00] [INFO] proposed 5 questions, 4 passed validation
[2026-04-25T03:01:08.253496+00:00] [INFO] [1/4] Q: Does GLD show stronger mean return during DCL periods compared to non-DCL periods over the last two 
[2026-04-25T03:01:09.073548+00:00] [INFO]   result: {"mean_return_pct": 0.1278, "regime": "dcl_period", "n_days": 729, "ticker": "GLD", "runtime_s": 0.82}
[2026-04-25T03:01:14.413204+00:00] [INFO]   wrote 20260424-00-does-gld-show-stronger-mean-return-during-dcl-periods-compar.json
[2026-04-25T03:01:14.414036+00:00] [INFO] [2/4] Q: What is the hit rate of buying SLV on RSI oversold signals during silver DCL confirmation periods?
[2026-04-25T03:01:14.626742+00:00] [INFO]   result: {"hit_rate_pct": 80.3, "n_events": 61, "mean_return_pct": 4.51, "signal": "rsi_oversold", "ticker": "SLV", "runtime_s": 0.21}
[2026-04-25T03:01:20.927006+00:00] [INFO]   wrote 20260424-01-what-is-the-hit-rate-of-buying-slv-on-rsi-oversold-signals-d.json
[2026-04-25T03:01:20.930125+00:00] [INFO] [3/4] Q: How does TLT beta to SPX change during weekly cycle low regimes compared to all other periods?
[2026-04-25T03:01:21.473604+00:00] [INFO]   result: {"beta": 0.1273, "regime": "weekly_cycle_low", "n_days": 729, "ticker": "TLT", "benchmark": "SPX", "runtime_s": 0.54}
[2026-04-25T03:01:27.344472+00:00] [INFO]   wrote 20260424-02-how-does-tlt-beta-to-spx-change-during-weekly-cycle-low-regi.json
[2026-04-25T03:01:27.344978+00:00] [INFO] [4/4] Q: What is the lag days relationship between DXY movements and GLD returns during VIX elevated regimes?
[2026-04-25T03:01:27.999842+00:00] [INFO]   result: {"optimal_lag_days": 0, "peak_correlation": 0.3887, "ticker_a": "GLD", "ticker_b": "DXY", "direction": "inverse", "n_days": 600, "runtime_s": 0.65}
[2026-04-25T03:01:34.301741+00:00] [INFO]   wrote 20260424-03-what-is-the-lag-days-relationship-between-dxy-movements-and-.json
[2026-04-25T03:01:34.303399+00:00] [INFO] wrote synthesis to scout-synthesis-20260424.md
[2026-04-25T03:01:34.304516+00:00] [INFO] wrote scout-synthesis-latest.md
[2026-04-25T03:01:34.304987+00:00] [INFO] === Research Scout done — 4 findings ===
