[2026-04-19T11:53:24.667206+00:00] [INFO] === SUPERVISOR STARTED (pid=63991) ===
[2026-04-19T11:53:24.668219+00:00] [INFO] check 1: running diagnostics
[2026-04-19T11:53:24.674585+00:00] [INFO]   DETECT dead_generators: ['regime_conditional', 'new_instrument']
[2026-04-19T11:53:24.675772+00:00] [INFO]   -> flagged 2 broken generator(s)
[2026-04-19T11:53:24.680401+00:00] [INFO] check 1 done (0.0s, 1 actions), sleeping 3600s
[2026-04-19T12:53:24.784263+00:00] [INFO] check 2: running diagnostics
[2026-04-19T12:53:24.804891+00:00] [INFO]   DETECT config_drift: {'kind': 'config_drift', 'tuned_newer_by_hours': 7.2}
[2026-04-19T12:53:26.608708+00:00] [INFO]   -> re-ran monitor to sync config
[2026-04-19T12:53:26.609541+00:00] [INFO] check 2 done (1.8s, 1 actions), sleeping 3598s
[2026-04-19T13:53:24.983194+00:00] [INFO] check 3: running diagnostics
[2026-04-19T13:53:25.001109+00:00] [INFO]   no actions needed — all green
[2026-04-19T13:53:25.002004+00:00] [INFO] check 3 done (0.0s, 0 actions), sleeping 3600s
[2026-04-19T14:53:25.203758+00:00] [INFO] check 4: running diagnostics
[2026-04-19T14:53:25.218758+00:00] [INFO]   no actions needed — all green
[2026-04-19T14:53:25.219634+00:00] [INFO] check 4 done (0.0s, 0 actions), sleeping 3600s
[2026-04-19T15:53:25.423933+00:00] [INFO] check 5: running diagnostics
[2026-04-19T15:53:25.438925+00:00] [INFO]   no actions needed — all green
[2026-04-19T15:53:25.439805+00:00] [INFO] check 5 done (0.0s, 0 actions), sleeping 3600s
[2026-04-19T16:53:25.645038+00:00] [INFO] check 6: running diagnostics
[2026-04-19T16:53:25.648599+00:00] [INFO]   DETECT local_minimum: {'kind': 'local_minimum', 'cycles_checked': 50, 'improvements_found': 0, 'recommendation': 'enable_coarse_restart'}
[2026-04-19T16:53:25.649743+00:00] [INFO]   -> wrote coarse_restart flag to research-loop-flags.json
[2026-04-19T16:53:25.662556+00:00] [INFO] check 6 done (0.0s, 1 actions), sleeping 3600s
[2026-04-19T17:53:25.692380+00:00] [INFO] check 7: running diagnostics
[2026-04-19T17:53:25.695946+00:00] [INFO]   DETECT local_minimum: {'kind': 'local_minimum', 'cycles_checked': 50, 'improvements_found': 0, 'recommendation': 'enable_coarse_restart'}
[2026-04-19T17:53:25.697167+00:00] [INFO]   -> wrote coarse_restart flag to research-loop-flags.json
[2026-04-19T17:53:25.709103+00:00] [INFO] check 7 done (0.0s, 1 actions), sleeping 3600s
[2026-04-19T18:53:25.908787+00:00] [INFO] check 8: running diagnostics
[2026-04-19T18:53:25.913923+00:00] [INFO]   DETECT local_minimum: {'kind': 'local_minimum', 'cycles_checked': 50, 'improvements_found': 0, 'recommendation': 'enable_coarse_restart'}
[2026-04-19T18:53:25.915563+00:00] [INFO]   -> wrote coarse_restart flag to research-loop-flags.json
[2026-04-19T18:53:25.928661+00:00] [INFO] check 8 done (0.0s, 1 actions), sleeping 3600s
[2026-04-19T19:53:26.130216+00:00] [INFO] check 9: running diagnostics
[2026-04-19T19:53:26.134147+00:00] [INFO]   DETECT local_minimum: {'kind': 'local_minimum', 'cycles_checked': 50, 'improvements_found': 0, 'recommendation': 'enable_coarse_restart'}
[2026-04-19T19:53:26.135628+00:00] [INFO]   -> wrote coarse_restart flag to research-loop-flags.json
[2026-04-19T19:53:26.148432+00:00] [INFO] check 9 done (0.0s, 1 actions), sleeping 3600s
[2026-04-19T20:53:26.336838+00:00] [INFO] check 10: running diagnostics
[2026-04-19T20:53:26.340490+00:00] [INFO]   DETECT local_minimum: {'kind': 'local_minimum', 'cycles_checked': 50, 'improvements_found': 0, 'recommendation': 'enable_coarse_restart'}
[2026-04-19T20:53:26.341665+00:00] [INFO]   -> wrote coarse_restart flag to research-loop-flags.json
[2026-04-19T20:53:26.355199+00:00] [INFO] check 10 done (0.0s, 1 actions), sleeping 3600s
[2026-04-19T21:53:26.551303+00:00] [INFO] check 11: running diagnostics
[2026-04-19T21:53:26.555873+00:00] [INFO]   DETECT local_minimum: {'kind': 'local_minimum', 'cycles_checked': 50, 'improvements_found': 0, 'recommendation': 'enable_coarse_restart'}
[2026-04-19T21:53:26.557322+00:00] [INFO]   -> wrote coarse_restart flag to research-loop-flags.json
[2026-04-19T21:53:26.571462+00:00] [INFO] check 11 done (0.0s, 1 actions), sleeping 3600s
[2026-04-19T22:53:26.762732+00:00] [INFO] check 12: running diagnostics
[2026-04-19T22:53:26.766931+00:00] [INFO]   DETECT local_minimum: {'kind': 'local_minimum', 'cycles_checked': 50, 'improvements_found': 0, 'recommendation': 'enable_coarse_restart'}
[2026-04-19T22:53:26.768178+00:00] [INFO]   -> wrote coarse_restart flag to research-loop-flags.json
[2026-04-19T22:53:26.780906+00:00] [INFO] check 12 done (0.0s, 1 actions), sleeping 3600s
[2026-04-19T23:53:26.976744+00:00] [INFO] check 13: running diagnostics
[2026-04-19T23:53:26.980603+00:00] [INFO]   DETECT local_minimum: {'kind': 'local_minimum', 'cycles_checked': 50, 'improvements_found': 0, 'recommendation': 'enable_coarse_restart'}
[2026-04-19T23:53:26.982062+00:00] [INFO]   -> wrote coarse_restart flag to research-loop-flags.json
[2026-04-19T23:53:26.995553+00:00] [INFO] check 13 done (0.0s, 1 actions), sleeping 3600s
[2026-04-20T00:53:27.191754+00:00] [INFO] check 14: running diagnostics
[2026-04-20T00:53:27.196116+00:00] [INFO]   DETECT local_minimum: {'kind': 'local_minimum', 'cycles_checked': 50, 'improvements_found': 0, 'recommendation': 'enable_coarse_restart'}
[2026-04-20T00:53:27.197837+00:00] [INFO]   -> wrote coarse_restart flag to research-loop-flags.json
[2026-04-20T00:53:27.212847+00:00] [INFO] check 14 done (0.0s, 1 actions), sleeping 3600s
[2026-04-20T01:53:27.420565+00:00] [INFO] check 15: running diagnostics
[2026-04-20T01:53:27.438917+00:00] [INFO]   DETECT config_drift: {'kind': 'config_drift', 'tuned_newer_by_hours': 12.6}
[2026-04-20T01:53:29.300240+00:00] [INFO]   -> re-ran monitor to sync config
[2026-04-20T01:53:29.301145+00:00] [INFO] check 15 done (1.9s, 1 actions), sleeping 3598s
[2026-04-20T02:53:27.620357+00:00] [INFO] check 16: running diagnostics
[2026-04-20T02:53:27.641634+00:00] [INFO]   no actions needed — all green
[2026-04-20T02:53:27.642436+00:00] [INFO] check 16 done (0.0s, 0 actions), sleeping 3600s
[2026-04-20T03:53:27.795210+00:00] [INFO] check 17: running diagnostics
[2026-04-20T03:53:27.811846+00:00] [INFO]   no actions needed — all green
[2026-04-20T03:53:27.812576+00:00] [INFO] check 17 done (0.0s, 0 actions), sleeping 3600s
[2026-04-20T04:53:27.994326+00:00] [INFO] check 18: running diagnostics
[2026-04-20T04:53:27.998789+00:00] [INFO]   DETECT local_minimum: {'kind': 'local_minimum', 'cycles_checked': 50, 'improvements_found': 0, 'recommendation': 'enable_coarse_restart'}
[2026-04-20T04:53:28.000319+00:00] [INFO]   -> wrote coarse_restart flag to research-loop-flags.json
[2026-04-20T04:53:28.014097+00:00] [INFO] check 18 done (0.0s, 1 actions), sleeping 3600s
[2026-04-20T05:53:28.210251+00:00] [INFO] check 19: running diagnostics
[2026-04-20T05:53:28.214090+00:00] [INFO]   DETECT local_minimum: {'kind': 'local_minimum', 'cycles_checked': 50, 'improvements_found': 0, 'recommendation': 'enable_coarse_restart'}
[2026-04-20T05:53:28.215532+00:00] [INFO]   -> wrote coarse_restart flag to research-loop-flags.json
[2026-04-20T05:53:28.230707+00:00] [INFO] check 19 done (0.0s, 1 actions), sleeping 3600s
[2026-04-20T06:53:28.428921+00:00] [INFO] check 20: running diagnostics
[2026-04-20T06:53:28.434773+00:00] [INFO]   DETECT local_minimum: {'kind': 'local_minimum', 'cycles_checked': 50, 'improvements_found': 0, 'recommendation': 'enable_coarse_restart'}
[2026-04-20T06:53:28.437039+00:00] [INFO]   -> wrote coarse_restart flag to research-loop-flags.json
[2026-04-20T06:53:28.449160+00:00] [INFO] check 20 done (0.0s, 1 actions), sleeping 3600s
[2026-04-20T07:53:28.590860+00:00] [INFO] check 21: running diagnostics
[2026-04-20T07:53:28.595171+00:00] [INFO]   DETECT local_minimum: {'kind': 'local_minimum', 'cycles_checked': 50, 'improvements_found': 0, 'recommendation': 'enable_coarse_restart'}
[2026-04-20T07:53:28.596674+00:00] [INFO]   -> wrote coarse_restart flag to research-loop-flags.json
[2026-04-20T07:53:28.610925+00:00] [INFO] check 21 done (0.0s, 1 actions), sleeping 3600s
