[2026-04-19T11:53:24.667206+00:00] [INFO] === SUPERVISOR STARTED (pid=63991) ===
[2026-04-19T11:53:24.668219+00:00] [INFO] check 1: running diagnostics
[2026-04-19T11:53:24.674585+00:00] [INFO]   DETECT dead_generators: ['regime_conditional', 'new_instrument']
[2026-04-19T11:53:24.675772+00:00] [INFO]   -> flagged 2 broken generator(s)
[2026-04-19T11:53:24.680401+00:00] [INFO] check 1 done (0.0s, 1 actions), sleeping 3600s
[2026-04-19T12:53:24.784263+00:00] [INFO] check 2: running diagnostics
[2026-04-19T12:53:24.804891+00:00] [INFO]   DETECT config_drift: {'kind': 'config_drift', 'tuned_newer_by_hours': 7.2}
[2026-04-19T12:53:26.608708+00:00] [INFO]   -> re-ran monitor to sync config
[2026-04-19T12:53:26.609541+00:00] [INFO] check 2 done (1.8s, 1 actions), sleeping 3598s
[2026-04-19T13:53:24.983194+00:00] [INFO] check 3: running diagnostics
[2026-04-19T13:53:25.001109+00:00] [INFO]   no actions needed — all green
[2026-04-19T13:53:25.002004+00:00] [INFO] check 3 done (0.0s, 0 actions), sleeping 3600s
[2026-04-19T14:53:25.203758+00:00] [INFO] check 4: running diagnostics
[2026-04-19T14:53:25.218758+00:00] [INFO]   no actions needed — all green
[2026-04-19T14:53:25.219634+00:00] [INFO] check 4 done (0.0s, 0 actions), sleeping 3600s
[2026-04-19T15:53:25.423933+00:00] [INFO] check 5: running diagnostics
[2026-04-19T15:53:25.438925+00:00] [INFO]   no actions needed — all green
[2026-04-19T15:53:25.439805+00:00] [INFO] check 5 done (0.0s, 0 actions), sleeping 3600s
[2026-04-19T16:53:25.645038+00:00] [INFO] check 6: running diagnostics
[2026-04-19T16:53:25.648599+00:00] [INFO]   DETECT local_minimum: {'kind': 'local_minimum', 'cycles_checked': 50, 'improvements_found': 0, 'recommendation': 'enable_coarse_restart'}
[2026-04-19T16:53:25.649743+00:00] [INFO]   -> wrote coarse_restart flag to research-loop-flags.json
[2026-04-19T16:53:25.662556+00:00] [INFO] check 6 done (0.0s, 1 actions), sleeping 3600s
[2026-04-19T17:53:25.692380+00:00] [INFO] check 7: running diagnostics
[2026-04-19T17:53:25.695946+00:00] [INFO]   DETECT local_minimum: {'kind': 'local_minimum', 'cycles_checked': 50, 'improvements_found': 0, 'recommendation': 'enable_coarse_restart'}
[2026-04-19T17:53:25.697167+00:00] [INFO]   -> wrote coarse_restart flag to research-loop-flags.json
[2026-04-19T17:53:25.709103+00:00] [INFO] check 7 done (0.0s, 1 actions), sleeping 3600s
