[2026-03-08T22:16:34.906532] TLT alerts running...
TLT=$88.46 CRUDE=$114.0
Alerts fired: 0
[2026-03-08T22:31:35.044671] TLT alerts running...
TLT=$88.46 CRUDE=$115.18
[FIRED] CRUDE_WATCH_95.0 = 115.18
[FIRED] CRUDE_REDUCE_100.0 = 115.18
[FIRED] CRUDE_EXIT_110.0 = 115.18
Alerts fired: 3
[2026-03-08T22:46:36.853084] TLT alerts running...
TLT=$88.46 CRUDE=$118.39
Alerts fired: 0
[2026-03-08T23:01:36.988187] TLT alerts running...
TLT=$88.46 CRUDE=$116.28
Alerts fired: 0
[2026-03-08T23:16:37.110242] TLT alerts running...
TLT=$88.46 CRUDE=$113.58
Alerts fired: 0
[2026-03-08T23:31:37.243301] TLT alerts running...
TLT=$88.46 CRUDE=$113.22
Alerts fired: 0
[2026-03-08T23:46:37.400759] TLT alerts running...
TLT=$88.46 CRUDE=$114.35
Alerts fired: 0
[2026-03-09T00:01:37.573326] TLT alerts running...
TLT=$88.46 CRUDE=$116.05
Alerts fired: 0
[2026-03-09T00:16:37.753041] TLT alerts running...
TLT=$88.46 CRUDE=$115.95
Alerts fired: 0
[2026-03-09T00:31:37.913397] TLT alerts running...
TLT=$88.46 CRUDE=$115.42
[FIRED] CRUDE_EXIT_110.0 = 115.42
Alerts fired: 1
[2026-03-09T00:46:38.705035] TLT alerts running...
TLT=$88.46 CRUDE=$114.9
Alerts fired: 0
[2026-03-09T01:01:38.847027] TLT alerts running...
TLT=$88.46 CRUDE=$116.49
Alerts fired: 0
[2026-03-09T01:16:39.028234] TLT alerts running...
TLT=$88.46 CRUDE=$115.87
Alerts fired: 0
[2026-03-09T01:31:39.164884] TLT alerts running...
TLT=$88.46 CRUDE=$113.62
Alerts fired: 0
[2026-03-09T01:46:39.334952] TLT alerts running...
TLT=$88.46 CRUDE=$106.99
Alerts fired: 0
[2026-03-09T02:01:39.472461] TLT alerts running...
TLT=$88.46 CRUDE=$104.39
Alerts fired: 0
[2026-03-09T02:16:39.649125] TLT alerts running...
TLT=$88.46 CRUDE=$103.57
Alerts fired: 0
[2026-03-09T02:31:39.827805] TLT alerts running...
TLT=$88.46 CRUDE=$102.63
[FIRED] CRUDE_REDUCE_100.0 = 102.63
Alerts fired: 1
[2026-03-09T02:46:40.559389] TLT alerts running...
TLT=$88.46 CRUDE=$105.22
Alerts fired: 0
[2026-03-09T03:01:40.730317] TLT alerts running...
TLT=$88.46 CRUDE=$105.22
Alerts fired: 0
[2026-03-09T03:16:40.905451] TLT alerts running...
TLT=$88.46 CRUDE=$103.46
Alerts fired: 0
[2026-03-09T03:31:41.075370] TLT alerts running...
TLT=$88.46 CRUDE=$101.93
Alerts fired: 0
[2026-03-09T03:46:41.231973] TLT alerts running...
TLT=$88.46 CRUDE=$101.4
Alerts fired: 0
[2026-03-09T04:01:41.442786] TLT alerts running...
TLT=$88.46 CRUDE=$103.29
Alerts fired: 0
[2026-03-09T04:16:41.619578] TLT alerts running...
TLT=$88.46 CRUDE=$102.07
Alerts fired: 0
[2026-03-09T04:31:41.787647] TLT alerts running...
TLT=$88.46 CRUDE=$102.47
[FIRED] CRUDE_WATCH_95.0 = 102.47
Alerts fired: 1
[2026-03-09T04:46:42.546687] TLT alerts running...
TLT=$88.46 CRUDE=$103.88
Alerts fired: 0
[2026-03-09T05:01:42.681685] TLT alerts running...
TLT=$88.46 CRUDE=$103.62
Alerts fired: 0
[2026-03-09T05:16:42.812390] TLT alerts running...
TLT=$88.46 CRUDE=$102.83
Alerts fired: 0
[2026-03-09T05:31:42.942071] TLT alerts running...
TLT=$88.46 CRUDE=$102.83
Alerts fired: 0
[2026-03-09T05:46:43.067678] TLT alerts running...
TLT=$88.46 CRUDE=$101.43
Alerts fired: 0
[2026-03-09T06:01:43.206523] TLT alerts running...
TLT=$88.46 CRUDE=$99.5
Alerts fired: 0
[2026-03-09T06:16:43.346218] TLT alerts running...
TLT=$88.46 CRUDE=$99.5
Alerts fired: 0
[2026-03-09T06:31:43.495289] TLT alerts running...
TLT=$88.46 CRUDE=$99.5
Alerts fired: 0
[2026-03-09T06:46:43.628180] TLT alerts running...
TLT=$88.46 CRUDE=$101.69
[FIRED] CRUDE_REDUCE_100.0 = 101.69
Alerts fired: 1
[2026-03-09T07:01:44.327912] TLT alerts running...
TLT=$88.46 CRUDE=$101.69
Alerts fired: 0
[2026-03-09T07:16:44.461776] TLT alerts running...
TLT=$88.46 CRUDE=$102.51
Alerts fired: 0
[2026-03-09T07:31:44.592383] TLT alerts running...
TLT=$88.46 CRUDE=$102.51
Alerts fired: 0
[2026-03-09T07:46:44.759936] TLT alerts running...
TLT=$88.46 CRUDE=$102.51
Alerts fired: 0
[2026-03-09T08:01:44.896410] TLT alerts running...
TLT=$88.46 CRUDE=$101.97
Alerts fired: 0
[2026-03-09T08:16:45.026648] TLT alerts running...
TLT=$88.46 CRUDE=$101.97
Alerts fired: 0
[2026-03-09T08:31:45.157482] TLT alerts running...
TLT=$88.46 CRUDE=$101.29
Alerts fired: 0
[2026-03-09T08:46:45.300600] TLT alerts running...
TLT=$88.46 CRUDE=$101.29
Alerts fired: 0
[2026-03-09T09:01:45.438763] TLT alerts running...
TLT=$88.46 CRUDE=$102.92
Alerts fired: 0
[2026-03-09T09:16:45.609106] TLT alerts running...
TLT=$88.46 CRUDE=$102.92
Alerts fired: 0
[2026-03-09T09:31:45.755491] TLT alerts running...
TLT=$88.46 CRUDE=$102.92
Alerts fired: 0
[2026-03-09T09:46:45.886567] TLT alerts running...
TLT=$88.395 CRUDE=$99.56
[FIRED] SPX_SHORT_6700.0 = 6673.7402
Alerts fired: 1
[2026-03-09T10:01:46.593130] TLT alerts running...
TLT=$88.395 CRUDE=$99.56
Alerts fired: 0
[2026-03-09T10:16:46.732353] TLT alerts running...
TLT=$88.395 CRUDE=$100.23
Alerts fired: 0
[2026-03-09T10:31:46.863775] TLT alerts running...
TLT=$88.395 CRUDE=$100.23
[FIRED] CRUDE_WATCH_95.0 = 100.23
Alerts fired: 1
[2026-03-09T10:46:47.584940] TLT alerts running...
TLT=$88.515 CRUDE=$101.0
[FIRED] CRUDE_REDUCE_100.0 = 101.0
Alerts fired: 1
[2026-03-09T11:01:48.304485] TLT alerts running...
TLT=$88.515 CRUDE=$101.0
Alerts fired: 0
[2026-03-09T11:16:48.457517] TLT alerts running...
TLT=$88.515 CRUDE=$101.0
Alerts fired: 0
[2026-03-09T11:31:48.589056] TLT alerts running...
TLT=$88.74 CRUDE=$98.88
Alerts fired: 0
[2026-03-09T11:46:48.759729] TLT alerts running...
TLT=$88.74 CRUDE=$98.88
Alerts fired: 0
[2026-03-09T12:01:48.900141] TLT alerts running...
TLT=$88.84 CRUDE=$96.44
Alerts fired: 0
[2026-03-09T12:16:49.034429] TLT alerts running...
TLT=$88.84 CRUDE=$96.44
Alerts fired: 0
[2026-03-09T12:31:49.168830] TLT alerts running...
TLT=$88.865 CRUDE=$96.58
Alerts fired: 0
[2026-03-09T12:46:49.291881] TLT alerts running...
TLT=$88.865 CRUDE=$96.58
Alerts fired: 0
[2026-03-09T13:01:49.422002] TLT alerts running...
TLT=$88.925 CRUDE=$93.65
Alerts fired: 0
[2026-03-09T13:16:49.551893] TLT alerts running...
TLT=$88.925 CRUDE=$93.65
Alerts fired: 0
[2026-03-09T13:31:49.687769] TLT alerts running...
TLT=$88.925 CRUDE=$93.65
Alerts fired: 0
[2026-03-09T13:46:49.826127] TLT alerts running...
TLT=$88.965 CRUDE=$95.26
[FIRED] SPX_SHORT_6700.0 = 6698.8501
Alerts fired: 1
[2026-03-09T14:01:50.548545] TLT alerts running...
TLT=$88.965 CRUDE=$95.26
Alerts fired: 0
[2026-03-09T14:16:50.681770] TLT alerts running...
TLT=$88.96 CRUDE=$94.95
Alerts fired: 0
[2026-03-09T14:31:50.805576] TLT alerts running...
TLT=$88.96 CRUDE=$94.95
Alerts fired: 0
[2026-03-09T14:46:50.945567] TLT alerts running...
TLT=$88.915 CRUDE=$94.74
Alerts fired: 0
[2026-03-09T15:01:51.077908] TLT alerts running...
TLT=$88.915 CRUDE=$94.74
Alerts fired: 0
[2026-03-09T15:16:51.209172] TLT alerts running...
TLT=$88.915 CRUDE=$95.35
Alerts fired: 0
[2026-03-09T15:31:51.338074] TLT alerts running...
TLT=$88.915 CRUDE=$95.35
Alerts fired: 0
[2026-03-09T15:46:51.466932] TLT alerts running...
TLT=$88.915 CRUDE=$95.35
Alerts fired: 0
[2026-03-09T16:01:51.598458] TLT alerts running...
TLT=$89.285 CRUDE=$84.52
[FIRED] CRUDE_DEFEND_85.0 = 84.52
Alerts fired: 1
[2026-03-09T16:16:52.892949] TLT alerts running...
TLT=$89.285 CRUDE=$84.52
Alerts fired: 0
[2026-03-09T16:31:53.030083] TLT alerts running...
TLT=$89.23 CRUDE=$86.95
Alerts fired: 0
[2026-03-09T16:46:53.164526] TLT alerts running...
TLT=$89.23 CRUDE=$86.95
Alerts fired: 0
[2026-03-09T17:01:53.291202] TLT alerts running...
TLT=$89.23 CRUDE=$84.07
Alerts fired: 0
[2026-03-09T17:16:53.426201] TLT alerts running...
TLT=$89.23 CRUDE=$84.07
Alerts fired: 0
[2026-03-09T17:31:53.526474] TLT alerts running...
TLT=$89.23 CRUDE=$84.07
Alerts fired: 0
[2026-03-09T17:46:53.652332] TLT alerts running...
TLT=$89.23 CRUDE=$85.08
Alerts fired: 0
[2026-03-09T18:01:53.783063] TLT alerts running...
TLT=$89.23 CRUDE=$85.08
Alerts fired: 0
[2026-03-09T18:16:53.913933] TLT alerts running...
TLT=$89.23 CRUDE=$85.08
Alerts fired: 0
[2026-03-09T18:31:54.048561] TLT alerts running...
TLT=$89.23 CRUDE=$85.08
Alerts fired: 0
[2026-03-09T18:46:54.183821] TLT alerts running...
TLT=$89.23 CRUDE=$87.72
Alerts fired: 0
[2026-03-09T19:01:54.318809] TLT alerts running...
TLT=$89.23 CRUDE=$87.72
Alerts fired: 0
[2026-03-09T19:16:54.435258] TLT alerts running...
TLT=$89.23 CRUDE=$87.72
Alerts fired: 0
[2026-03-09T19:31:54.570891] TLT alerts running...
TLT=$89.23 CRUDE=$87.34
Alerts fired: 0
[2026-03-09T19:46:54.697724] TLT alerts running...
TLT=$89.23 CRUDE=$87.34
Alerts fired: 0
[2026-03-09T20:01:54.830386] TLT alerts running...
TLT=$89.23 CRUDE=$89.68
Alerts fired: 0
[2026-03-09T20:16:54.958295] TLT alerts running...
TLT=$89.23 CRUDE=$89.68
Alerts fired: 0
[2026-03-09T20:31:55.100253] TLT alerts running...
TLT=$89.23 CRUDE=$88.64
Alerts fired: 0
[2026-03-09T20:46:55.231976] TLT alerts running...
TLT=$89.23 CRUDE=$88.64
Alerts fired: 0
[2026-03-09T21:01:55.400584] TLT alerts running...
TLT=$89.23 CRUDE=$88.64
Alerts fired: 0
[2026-03-09T21:16:55.538343] TLT alerts running...
TLT=$89.23 CRUDE=$86.43
Alerts fired: 0
[2026-03-09T21:31:55.699809] TLT alerts running...
TLT=$89.23 CRUDE=$85.59
Alerts fired: 0
[2026-03-09T21:46:55.873144] TLT alerts running...
TLT=$89.23 CRUDE=$86.31
Alerts fired: 0
[2026-03-09T22:01:56.046871] TLT alerts running...
TLT=$89.23 CRUDE=$85.98
Alerts fired: 0
[2026-03-09T22:16:56.204728] TLT alerts running...
TLT=$89.23 CRUDE=$85.02
Alerts fired: 0
[2026-03-09T22:31:56.386113] TLT alerts running...
TLT=$89.23 CRUDE=$84.92
[FIRED] CRUDE_DEFEND_85.0 = 84.92
Alerts fired: 1
[2026-03-09T22:46:57.205056] TLT alerts running...
TLT=$89.23 CRUDE=$86.12
Alerts fired: 0
[2026-03-09T23:01:57.383012] TLT alerts running...
TLT=$89.23 CRUDE=$86.35
Alerts fired: 0
[2026-03-09T23:16:57.558245] TLT alerts running...
TLT=$89.23 CRUDE=$87.88
Alerts fired: 0
[2026-03-09T23:31:57.761389] TLT alerts running...
TLT=$89.23 CRUDE=$88.85
Alerts fired: 0
[2026-03-09T23:46:57.972015] TLT alerts running...
TLT=$89.23 CRUDE=$89.69
Alerts fired: 0
[2026-03-10T00:01:58.188205] TLT alerts running...
TLT=$89.23 CRUDE=$90.92
Alerts fired: 0
[2026-03-10T00:16:58.409740] TLT alerts running...
TLT=$89.23 CRUDE=$89.72
Alerts fired: 0
[2026-03-10T00:31:58.557331] TLT alerts running...
TLT=$89.23 CRUDE=$90.01
Alerts fired: 0
[2026-03-10T00:46:58.729383] TLT alerts running...
TLT=$89.23 CRUDE=$90.2
Alerts fired: 0
[2026-03-10T01:01:58.865865] TLT alerts running...
TLT=$89.23 CRUDE=$90.6
Alerts fired: 0
[2026-03-10T01:16:58.993756] TLT alerts running...
TLT=$89.23 CRUDE=$88.78
Alerts fired: 0
[2026-03-10T01:31:59.196271] TLT alerts running...
TLT=$89.23 CRUDE=$88.71
Alerts fired: 0
[2026-03-10T01:46:59.381304] TLT alerts running...
TLT=$89.23 CRUDE=$88.9
Alerts fired: 0
[2026-03-10T02:01:59.522947] TLT alerts running...
TLT=$89.23 CRUDE=$88.12
Alerts fired: 0
[2026-03-10T02:16:59.720768] TLT alerts running...
TLT=$89.23 CRUDE=$88.58
Alerts fired: 0
[2026-03-10T02:31:59.867952] TLT alerts running...
TLT=$89.23 CRUDE=$88.35
Alerts fired: 0
[2026-03-10T02:47:00.054148] TLT alerts running...
TLT=$89.23 CRUDE=$89.48
Alerts fired: 0
[2026-03-10T03:02:00.205838] TLT alerts running...
TLT=$89.23 CRUDE=$89.51
Alerts fired: 0
[2026-03-10T03:17:00.379741] TLT alerts running...
TLT=$89.23 CRUDE=$89.35
Alerts fired: 0
[2026-03-10T03:32:00.603591] TLT alerts running...
TLT=$89.23 CRUDE=$88.59
Alerts fired: 0
[2026-03-10T03:47:00.713209] TLT alerts running...
TLT=$89.23 CRUDE=$87.31
Alerts fired: 0
[2026-03-10T04:02:00.860310] TLT alerts running...
TLT=$89.23 CRUDE=$86.27
Alerts fired: 0
[2026-03-10T04:17:00.992601] TLT alerts running...
TLT=$89.23 CRUDE=$85.4
Alerts fired: 0
[2026-03-10T04:32:01.129627] TLT alerts running...
TLT=$89.23 CRUDE=$86.95
Alerts fired: 0
[2026-03-10T04:47:01.311736] TLT alerts running...
TLT=$89.23 CRUDE=$86.89
Alerts fired: 0
[2026-03-10T05:02:01.469287] TLT alerts running...
TLT=$89.23 CRUDE=$87.82
Alerts fired: 0
[2026-03-10T05:17:01.597999] TLT alerts running...
TLT=$89.23 CRUDE=$88.07
Alerts fired: 0
[2026-03-10T05:32:01.737837] TLT alerts running...
TLT=$89.23 CRUDE=$88.07
Alerts fired: 0
[2026-03-10T05:47:01.878160] TLT alerts running...
TLT=$89.23 CRUDE=$87.56
Alerts fired: 0
[2026-03-10T06:02:02.011404] TLT alerts running...
TLT=$89.23 CRUDE=$86.4
Alerts fired: 0
[2026-03-10T06:17:02.136767] TLT alerts running...
TLT=$89.23 CRUDE=$86.4
Alerts fired: 0
[2026-03-10T06:32:02.273987] TLT alerts running...
TLT=$89.23 CRUDE=$86.4
Alerts fired: 0
[2026-03-10T06:47:02.409832] TLT alerts running...
TLT=$89.23 CRUDE=$88.18
Alerts fired: 0
[2026-03-10T07:02:02.546654] TLT alerts running...
TLT=$89.23 CRUDE=$88.18
Alerts fired: 0
[2026-03-10T07:17:02.680064] TLT alerts running...
TLT=$89.23 CRUDE=$89.19
Alerts fired: 0
[2026-03-10T07:32:02.820572] TLT alerts running...
TLT=$89.23 CRUDE=$89.19
Alerts fired: 0
[2026-03-10T07:47:02.951040] TLT alerts running...
TLT=$89.23 CRUDE=$89.19
Alerts fired: 0
[2026-03-10T08:02:03.086405] TLT alerts running...
TLT=$89.23 CRUDE=$88.38
Alerts fired: 0
[2026-03-10T08:17:03.219917] TLT alerts running...
TLT=$89.23 CRUDE=$88.38
Alerts fired: 0
[2026-03-10T08:32:03.358244] TLT alerts running...
TLT=$89.23 CRUDE=$90.26
Alerts fired: 0
[2026-03-10T08:47:03.493061] TLT alerts running...
TLT=$89.23 CRUDE=$90.26
Alerts fired: 0
[2026-03-10T09:02:03.639340] TLT alerts running...
TLT=$89.23 CRUDE=$89.93
Alerts fired: 0
[2026-03-10T09:17:03.775033] TLT alerts running...
TLT=$89.23 CRUDE=$89.93
Alerts fired: 0
[2026-03-10T09:32:03.903988] TLT alerts running...
TLT=$89.23 CRUDE=$88.98
Alerts fired: 0
[2026-03-10T09:47:04.042173] TLT alerts running...
TLT=$89.23 CRUDE=$88.98
Alerts fired: 0
[2026-03-10T10:02:04.252170] TLT alerts running...
TLT=$89.23 CRUDE=$88.98
Alerts fired: 0
[2026-03-10T10:17:04.393688] TLT alerts running...
TLT=$88.79 CRUDE=$87.64
Alerts fired: 0
[2026-03-10T10:32:04.525151] TLT alerts running...
TLT=$88.79 CRUDE=$87.64
Alerts fired: 0
[2026-03-10T10:47:04.659399] TLT alerts running...
TLT=$88.84 CRUDE=$85.93
Alerts fired: 0
[2026-03-10T11:02:04.788001] TLT alerts running...
TLT=$88.84 CRUDE=$85.93
Alerts fired: 0
[2026-03-10T11:17:04.924980] TLT alerts running...
TLT=$88.86 CRUDE=$84.0
[FIRED] CRUDE_DEFEND_85.0 = 84.0
Alerts fired: 1
[2026-03-10T11:32:05.644224] TLT alerts running...
TLT=$88.86 CRUDE=$84.0
Alerts fired: 0
[2026-03-10T11:47:05.854531] TLT alerts running...
TLT=$88.86 CRUDE=$84.0
Alerts fired: 0
[2026-03-10T12:02:06.008609] TLT alerts running...
TLT=$88.88 CRUDE=$83.18
Alerts fired: 0
[2026-03-10T12:17:06.157536] TLT alerts running...
TLT=$88.88 CRUDE=$83.18
Alerts fired: 0
[2026-03-10T12:32:06.291779] TLT alerts running...
TLT=$88.8739 CRUDE=$85.19
Alerts fired: 0
[2026-03-10T12:47:06.475528] TLT alerts running...
TLT=$88.8739 CRUDE=$85.19
Alerts fired: 0
[2026-03-10T13:02:06.625193] TLT alerts running...
TLT=$88.78 CRUDE=$83.91
Alerts fired: 0
[2026-03-10T13:17:06.757725] TLT alerts running...
TLT=$88.78 CRUDE=$83.91
Alerts fired: 0
[2026-03-10T13:32:06.921418] TLT alerts running...
TLT=$88.78 CRUDE=$83.91
Alerts fired: 0
[2026-03-10T13:47:07.055516] TLT alerts running...
TLT=$88.6603 CRUDE=$78.74
[FIRED] CRUDE_DEFEND_80.0 = 78.74
Alerts fired: 1
[2026-03-10T14:02:07.782653] TLT alerts running...
TLT=$88.6603 CRUDE=$78.74
Alerts fired: 0
[2026-03-10T14:17:07.921249] TLT alerts running...
TLT=$88.59 CRUDE=$80.08
Alerts fired: 0
[2026-03-10T14:32:08.053280] TLT alerts running...
TLT=$88.59 CRUDE=$80.08
Alerts fired: 0
[2026-03-10T14:47:08.193534] TLT alerts running...
TLT=$88.45 CRUDE=$84.03
Alerts fired: 0
[2026-03-10T15:02:08.329075] TLT alerts running...
TLT=$88.45 CRUDE=$84.03
Alerts fired: 0
[2026-03-10T15:17:08.532210] TLT alerts running...
TLT=$88.45 CRUDE=$84.03
[FIRED] CRUDE_DEFEND_85.0 = 84.03
Alerts fired: 1
[2026-03-10T15:32:09.270020] TLT alerts running...
TLT=$88.485 CRUDE=$84.61
Alerts fired: 0
[2026-03-10T15:47:09.406255] TLT alerts running...
TLT=$88.485 CRUDE=$84.61
Alerts fired: 0
[2026-03-10T16:02:09.545713] TLT alerts running...
TLT=$88.295 CRUDE=$85.96
Alerts fired: 0
[2026-03-10T16:17:10.249657] TLT alerts running...
TLT=$88.295 CRUDE=$85.96
Alerts fired: 0
[2026-03-10T16:32:10.392331] TLT alerts running...
TLT=$88.28 CRUDE=$86.13
Alerts fired: 0
[2026-03-10T16:47:10.523000] TLT alerts running...
TLT=$88.28 CRUDE=$86.13
Alerts fired: 0
[2026-03-10T17:02:10.694729] TLT alerts running...
TLT=$88.28 CRUDE=$86.13
Alerts fired: 0
[2026-03-10T17:17:10.827195] TLT alerts running...
TLT=$88.28 CRUDE=$86.51
Alerts fired: 0
[2026-03-10T17:32:10.966000] TLT alerts running...
TLT=$88.28 CRUDE=$86.51
Alerts fired: 0
[2026-03-10T17:47:11.087788] TLT alerts running...
TLT=$88.28 CRUDE=$86.39
Alerts fired: 0
[2026-03-10T18:02:11.262492] TLT alerts running...
TLT=$88.28 CRUDE=$86.39
Alerts fired: 0
[2026-03-10T18:17:11.408264] TLT alerts running...
TLT=$88.28 CRUDE=$87.2
Alerts fired: 0
[2026-03-10T18:32:11.547521] TLT alerts running...
TLT=$88.28 CRUDE=$87.2
Alerts fired: 0
[2026-03-10T18:47:11.685028] TLT alerts running...
TLT=$88.28 CRUDE=$87.61
Alerts fired: 0
[2026-03-10T19:02:11.819942] TLT alerts running...
TLT=$88.28 CRUDE=$87.61
Alerts fired: 0
[2026-03-10T19:17:11.952119] TLT alerts running...
TLT=$88.28 CRUDE=$87.61
Alerts fired: 0
[2026-03-10T19:32:12.093852] TLT alerts running...
TLT=$88.28 CRUDE=$87.15
Alerts fired: 0
[2026-03-10T19:47:12.222696] TLT alerts running...
TLT=$88.28 CRUDE=$87.15
Alerts fired: 0
[2026-03-10T20:02:12.355782] TLT alerts running...
TLT=$88.28 CRUDE=$85.93
Alerts fired: 0
[2026-03-10T20:17:12.496719] TLT alerts running...
TLT=$88.28 CRUDE=$85.93
Alerts fired: 0
[2026-03-10T20:32:12.635799] TLT alerts running...
TLT=$88.28 CRUDE=$83.34
[FIRED] CRUDE_DEFEND_85.0 = 83.34
Alerts fired: 1
[2026-03-10T20:47:13.337341] TLT alerts running...
TLT=$88.28 CRUDE=$83.34
Alerts fired: 0
[2026-03-10T21:02:13.470432] TLT alerts running...
TLT=$88.28 CRUDE=$83.34
Alerts fired: 0
[2026-03-10T21:17:13.603436] TLT alerts running...
TLT=$88.28 CRUDE=$84.08
Alerts fired: 0
[2026-03-10T21:32:13.756767] TLT alerts running...
TLT=$88.28 CRUDE=$83.96
Alerts fired: 0
[2026-03-10T21:47:13.863465] TLT alerts running...
TLT=$88.28 CRUDE=$83.74
Alerts fired: 0
[2026-03-10T22:02:14.004935] TLT alerts running...
TLT=$88.28 CRUDE=$83.08
Alerts fired: 0
[2026-03-10T22:17:14.147536] TLT alerts running...
TLT=$88.28 CRUDE=$83.42
Alerts fired: 0
[2026-03-10T22:32:14.279960] TLT alerts running...
TLT=$88.28 CRUDE=$83.81
Alerts fired: 0
[2026-03-10T22:47:14.378084] TLT alerts running...
TLT=$88.28 CRUDE=$84.03
Alerts fired: 0
[2026-03-10T23:02:14.512454] TLT alerts running...
TLT=$88.28 CRUDE=$84.52
Alerts fired: 0
[2026-03-10T23:17:14.645375] TLT alerts running...
TLT=$88.28 CRUDE=$84.15
Alerts fired: 0
[2026-03-10T23:32:14.778810] TLT alerts running...
TLT=$88.28 CRUDE=$83.75
Alerts fired: 0
[2026-03-10T23:47:14.914065] TLT alerts running...
TLT=$88.28 CRUDE=$83.57
Alerts fired: 0
[2026-03-11T00:02:15.046214] TLT alerts running...
TLT=$88.28 CRUDE=$83.31
Alerts fired: 0
[2026-03-11T00:17:15.258193] TLT alerts running...
TLT=$88.28 CRUDE=$83.19
Alerts fired: 0
[2026-03-11T00:32:15.431827] TLT alerts running...
TLT=$88.28 CRUDE=$83.36
[FIRED] CRUDE_DEFEND_85.0 = 83.36
Alerts fired: 1
[2026-03-11T00:47:16.249665] TLT alerts running...
TLT=$88.28 CRUDE=$82.79
Alerts fired: 0
[2026-03-11T01:02:16.422086] TLT alerts running...
TLT=$88.28 CRUDE=$82.93
Alerts fired: 0
[2026-03-11T01:17:16.641212] TLT alerts running...
TLT=$88.28 CRUDE=$83.0
Alerts fired: 0
[2026-03-11T01:32:16.783692] TLT alerts running...
TLT=$88.28 CRUDE=$83.45
Alerts fired: 0
[2026-03-11T01:47:16.968541] TLT alerts running...
TLT=$88.28 CRUDE=$83.4
Alerts fired: 0
[2026-03-11T02:02:17.188444] TLT alerts running...
TLT=$88.28 CRUDE=$83.9
Alerts fired: 0
[2026-03-11T02:17:17.394576] TLT alerts running...
TLT=$88.28 CRUDE=$84.2
Alerts fired: 0
[2026-03-11T02:32:17.581629] TLT alerts running...
TLT=$88.28 CRUDE=$84.44
Alerts fired: 0
[2026-03-11T02:47:17.771164] TLT alerts running...
TLT=$88.28 CRUDE=$83.86
Alerts fired: 0
[2026-03-11T03:02:17.904601] TLT alerts running...
TLT=$88.28 CRUDE=$83.8
Alerts fired: 0
[2026-03-11T03:17:18.035502] TLT alerts running...
TLT=$88.28 CRUDE=$83.75
Alerts fired: 0
[2026-03-11T03:32:18.196301] TLT alerts running...
TLT=$88.28 CRUDE=$83.7
Alerts fired: 0
[2026-03-11T03:47:18.379883] TLT alerts running...
TLT=$88.28 CRUDE=$84.43
Alerts fired: 0
[2026-03-11T04:02:18.566379] TLT alerts running...
TLT=$88.28 CRUDE=$85.56
Alerts fired: 0
[2026-03-11T04:17:18.711447] TLT alerts running...
TLT=$88.28 CRUDE=$85.3
Alerts fired: 0
[2026-03-11T04:32:18.933015] TLT alerts running...
TLT=$88.28 CRUDE=$85.27
Alerts fired: 0
[2026-03-11T04:47:19.112168] TLT alerts running...
TLT=$88.28 CRUDE=$85.59
Alerts fired: 0
[2026-03-11T05:02:19.243449] TLT alerts running...
TLT=$88.28 CRUDE=$85.67
Alerts fired: 0
[2026-03-11T05:17:19.382402] TLT alerts running...
TLT=$88.28 CRUDE=$85.67
Alerts fired: 0
[2026-03-11T05:32:19.517341] TLT alerts running...
TLT=$88.28 CRUDE=$87.21
Alerts fired: 0
[2026-03-11T05:47:19.652927] TLT alerts running...
TLT=$88.28 CRUDE=$87.21
Alerts fired: 0
[2026-03-11T06:02:19.793637] TLT alerts running...
TLT=$88.28 CRUDE=$88.36
Alerts fired: 0
[2026-03-11T06:17:19.929447] TLT alerts running...
TLT=$88.28 CRUDE=$88.36
Alerts fired: 0
[2026-03-11T06:32:20.088048] TLT alerts running...
TLT=$88.28 CRUDE=$86.91
Alerts fired: 0
[2026-03-11T06:47:20.255921] TLT alerts running...
TLT=$88.28 CRUDE=$86.91
Alerts fired: 0
[2026-03-11T07:02:20.477133] TLT alerts running...
TLT=$88.28 CRUDE=$86.91
Alerts fired: 0
[2026-03-11T07:17:20.622282] TLT alerts running...
TLT=$88.28 CRUDE=$85.46
Alerts fired: 0
[2026-03-11T07:32:20.762139] TLT alerts running...
TLT=$88.28 CRUDE=$85.46
Alerts fired: 0
[2026-03-11T07:47:20.902819] TLT alerts running...
TLT=$88.28 CRUDE=$85.97
Alerts fired: 0
[2026-03-11T08:02:21.048649] TLT alerts running...
TLT=$88.28 CRUDE=$85.97
Alerts fired: 0
[2026-03-11T08:17:21.189739] TLT alerts running...
TLT=$88.28 CRUDE=$86.42
Alerts fired: 0
[2026-03-11T08:32:21.337012] TLT alerts running...
TLT=$88.28 CRUDE=$86.42
Alerts fired: 0
[2026-03-11T08:47:21.517776] TLT alerts running...
TLT=$88.28 CRUDE=$86.42
Alerts fired: 0
[2026-03-11T09:02:21.660156] TLT alerts running...
TLT=$88.28 CRUDE=$86.74
Alerts fired: 0
[2026-03-11T09:17:21.804806] TLT alerts running...
TLT=$88.28 CRUDE=$86.74
Alerts fired: 0
[2026-03-11T09:32:21.947454] TLT alerts running...
TLT=$88.28 CRUDE=$86.12
Alerts fired: 0
[2026-03-11T09:47:22.094317] TLT alerts running...
TLT=$88.28 CRUDE=$86.12
Alerts fired: 0
[2026-03-11T10:02:22.228997] TLT alerts running...
TLT=$88.28 CRUDE=$86.12
Alerts fired: 0
[2026-03-11T10:17:22.363903] TLT alerts running...
TLT=$87.77 CRUDE=$85.11
Alerts fired: 0
[2026-03-11T10:32:22.504796] TLT alerts running...
TLT=$87.77 CRUDE=$85.11
Alerts fired: 0
[2026-03-11T10:47:22.648447] TLT alerts running...
TLT=$87.525 CRUDE=$86.33
Alerts fired: 0
[2026-03-11T11:02:22.782999] TLT alerts running...
TLT=$87.525 CRUDE=$86.33
Alerts fired: 0
[2026-03-11T11:17:22.921321] TLT alerts running...
TLT=$87.44 CRUDE=$86.94
Alerts fired: 0
[2026-03-11T11:32:23.049075] TLT alerts running...
TLT=$87.44 CRUDE=$86.94
Alerts fired: 0
[2026-03-11T11:47:23.182886] TLT alerts running...
TLT=$87.265 CRUDE=$87.14
Alerts fired: 0
[2026-03-11T12:02:23.318261] TLT alerts running...
TLT=$87.265 CRUDE=$87.14
Alerts fired: 0
[2026-03-11T12:17:23.525147] TLT alerts running...
TLT=$87.265 CRUDE=$87.14
Alerts fired: 0
[2026-03-11T12:32:23.671612] TLT alerts running...
TLT=$87.3001 CRUDE=$87.95
Alerts fired: 0
[2026-03-11T12:47:23.808684] TLT alerts running...
TLT=$87.3001 CRUDE=$87.95
Alerts fired: 0
[2026-03-11T13:02:23.943220] TLT alerts running...
TLT=$87.31 CRUDE=$87.42
Alerts fired: 0
[2026-03-11T13:17:24.076553] TLT alerts running...
TLT=$87.31 CRUDE=$87.42
Alerts fired: 0
[2026-03-11T13:32:24.288636] TLT alerts running...
TLT=$87.31 CRUDE=$87.42
Alerts fired: 0
[2026-03-11T13:47:24.435474] TLT alerts running...
TLT=$87.155 CRUDE=$86.78
Alerts fired: 0
[2026-03-11T14:02:24.565748] TLT alerts running...
TLT=$87.155 CRUDE=$86.78
Alerts fired: 0
[2026-03-11T14:17:24.709351] TLT alerts running...
TLT=$87.3 CRUDE=$87.83
Alerts fired: 0
[2026-03-11T14:32:24.843841] TLT alerts running...
TLT=$87.3 CRUDE=$87.83
Alerts fired: 0
[2026-03-11T14:47:24.977641] TLT alerts running...
TLT=$87.295 CRUDE=$87.11
Alerts fired: 0
[2026-03-11T15:02:25.110619] TLT alerts running...
TLT=$87.295 CRUDE=$87.11
Alerts fired: 0
[2026-03-11T15:17:25.305354] TLT alerts running...
TLT=$87.295 CRUDE=$87.11
Alerts fired: 0
[2026-03-11T15:32:25.451657] TLT alerts running...
TLT=$87.32 CRUDE=$87.39
Alerts fired: 0
[2026-03-11T15:47:25.580132] TLT alerts running...
TLT=$87.32 CRUDE=$87.39
Alerts fired: 0
[2026-03-11T16:02:25.717486] TLT alerts running...
TLT=$87.185 CRUDE=$87.73
Alerts fired: 0
[2026-03-11T16:17:26.411586] TLT alerts running...
TLT=$87.185 CRUDE=$87.73
Alerts fired: 0
[2026-03-11T16:32:26.551303] TLT alerts running...
TLT=$87.14 CRUDE=$88.5
Alerts fired: 0
[2026-03-11T16:47:26.684704] TLT alerts running...
TLT=$87.14 CRUDE=$88.5
Alerts fired: 0
[2026-03-11T17:02:26.816775] TLT alerts running...
TLT=$87.14 CRUDE=$88.5
Alerts fired: 0
[2026-03-11T17:17:26.949643] TLT alerts running...
TLT=$87.14 CRUDE=$88.4
Alerts fired: 0
[2026-03-11T17:32:27.077464] TLT alerts running...
TLT=$87.14 CRUDE=$88.4
Alerts fired: 0
[2026-03-11T17:47:27.208887] TLT alerts running...
TLT=$87.14 CRUDE=$88.41
Alerts fired: 0
[2026-03-11T18:02:27.342977] TLT alerts running...
TLT=$87.14 CRUDE=$88.41
Alerts fired: 0
[2026-03-11T18:17:27.486300] TLT alerts running...
TLT=$87.14 CRUDE=$89.77
Alerts fired: 0
[2026-03-11T18:32:27.620401] TLT alerts running...
TLT=$87.14 CRUDE=$89.77
Alerts fired: 0
[2026-03-11T18:47:27.759499] TLT alerts running...
TLT=$87.14 CRUDE=$89.77
Alerts fired: 0
[2026-03-11T19:02:27.888092] TLT alerts running...
TLT=$87.14 CRUDE=$92.58
Alerts fired: 0
[2026-03-11T19:17:28.027219] TLT alerts running...
TLT=$87.14 CRUDE=$92.58
Alerts fired: 0
[2026-03-11T19:32:28.167102] TLT alerts running...
TLT=$87.14 CRUDE=$91.89
Alerts fired: 0
[2026-03-11T19:47:28.307573] TLT alerts running...
TLT=$87.14 CRUDE=$91.89
Alerts fired: 0
[2026-03-11T20:02:28.450270] TLT alerts running...
TLT=$87.14 CRUDE=$93.96
Alerts fired: 0
[2026-03-11T20:17:28.586147] TLT alerts running...
TLT=$87.14 CRUDE=$93.96
Alerts fired: 0
[2026-03-11T20:32:28.748111] TLT alerts running...
TLT=$87.14 CRUDE=$93.96
Alerts fired: 0
[2026-03-11T20:47:28.920167] TLT alerts running...
TLT=$87.14 CRUDE=$93.59
Alerts fired: 0
[2026-03-11T21:02:29.124045] TLT alerts running...
TLT=$87.14 CRUDE=$93.59
Alerts fired: 0
[2026-03-11T21:17:29.328346] TLT alerts running...
TLT=$87.14 CRUDE=$93.28
Alerts fired: 0
[2026-03-11T21:32:29.510908] TLT alerts running...
TLT=$87.14 CRUDE=$92.36
Alerts fired: 0
[2026-03-11T21:47:29.677271] TLT alerts running...
TLT=$87.14 CRUDE=$92.47
Alerts fired: 0
[2026-03-11T22:02:29.855701] TLT alerts running...
TLT=$87.14 CRUDE=$93.55
Alerts fired: 0
[2026-03-11T22:17:30.028607] TLT alerts running...
TLT=$87.14 CRUDE=$93.19
Alerts fired: 0
[2026-03-11T22:32:30.209560] TLT alerts running...
TLT=$87.14 CRUDE=$93.33
Alerts fired: 0
[2026-03-11T22:47:30.394361] TLT alerts running...
TLT=$87.14 CRUDE=$93.61
Alerts fired: 0
[2026-03-11T23:02:30.530768] TLT alerts running...
TLT=$87.14 CRUDE=$94.99
Alerts fired: 0
[2026-03-11T23:17:30.679958] TLT alerts running...
TLT=$87.14 CRUDE=$94.78
Alerts fired: 0
[2026-03-11T23:32:30.824891] TLT alerts running...
TLT=$87.14 CRUDE=$94.79
Alerts fired: 0
[2026-03-11T23:47:31.023749] TLT alerts running...
TLT=$87.14 CRUDE=$95.09
[FIRED] CRUDE_WATCH_95.0 = 95.09
Alerts fired: 1
[2026-03-12T00:02:31.832713] TLT alerts running...
TLT=$87.14 CRUDE=$94.63
Alerts fired: 0
[2026-03-12T00:17:32.013197] TLT alerts running...
TLT=$87.14 CRUDE=$94.57
Alerts fired: 0
[2026-03-12T00:32:32.193305] TLT alerts running...
TLT=$87.14 CRUDE=$94.24
Alerts fired: 0
[2026-03-12T00:47:32.332353] TLT alerts running...
TLT=$87.14 CRUDE=$94.7
Alerts fired: 0
[2026-03-12T01:02:32.499504] TLT alerts running...
TLT=$87.14 CRUDE=$94.7
Alerts fired: 0
[2026-03-12T01:17:32.681282] TLT alerts running...
TLT=$87.14 CRUDE=$94.37
Alerts fired: 0
[2026-03-12T01:32:32.995352] TLT alerts running...
TLT=$87.14 CRUDE=$93.45
Alerts fired: 0
[2026-03-12T01:47:33.179609] TLT alerts running...
TLT=$87.14 CRUDE=$94.5
Alerts fired: 0
[2026-03-12T02:02:33.356970] TLT alerts running...
TLT=$87.14 CRUDE=$93.66
Alerts fired: 0
[2026-03-12T02:17:33.497154] TLT alerts running...
TLT=$87.14 CRUDE=$93.19
Alerts fired: 0
[2026-03-12T02:32:33.635348] TLT alerts running...
TLT=$87.14 CRUDE=$93.32
Alerts fired: 0
[2026-03-12T02:47:33.790634] TLT alerts running...
TLT=$87.14 CRUDE=$92.7
Alerts fired: 0
[2026-03-12T03:02:33.970355] TLT alerts running...
TLT=$87.14 CRUDE=$92.77
Alerts fired: 0
[2026-03-12T03:17:34.138057] TLT alerts running...
TLT=$87.14 CRUDE=$92.2
Alerts fired: 0
[2026-03-12T03:32:34.313472] TLT alerts running...
TLT=$87.14 CRUDE=$91.51
Alerts fired: 0
[2026-03-12T03:47:34.491200] TLT alerts running...
TLT=$87.14 CRUDE=$90.82
Alerts fired: 0
[2026-03-12T04:02:34.686855] TLT alerts running...
TLT=$87.14 CRUDE=$90.49
Alerts fired: 0
[2026-03-12T04:17:34.868304] TLT alerts running...
TLT=$87.14 CRUDE=$90.46
Alerts fired: 0
[2026-03-12T04:32:35.006310] TLT alerts running...
TLT=$87.14 CRUDE=$90.74
Alerts fired: 0
[2026-03-12T04:47:35.179691] TLT alerts running...
TLT=$87.14 CRUDE=$92.03
Alerts fired: 0
[2026-03-12T05:02:35.318211] TLT alerts running...
TLT=$87.14 CRUDE=$92.47
Alerts fired: 0
[2026-03-12T05:17:35.459526] TLT alerts running...
TLT=$87.14 CRUDE=$92.21
Alerts fired: 0
[2026-03-12T05:32:35.592834] TLT alerts running...
TLT=$87.14 CRUDE=$92.21
Alerts fired: 0
[2026-03-12T05:47:35.721482] TLT alerts running...
TLT=$87.14 CRUDE=$92.75
Alerts fired: 0
[2026-03-12T06:02:35.857664] TLT alerts running...
TLT=$87.14 CRUDE=$91.8
Alerts fired: 0
[2026-03-12T06:17:36.018238] TLT alerts running...
TLT=$87.14 CRUDE=$91.27
Alerts fired: 0
[2026-03-12T06:32:36.157385] TLT alerts running...
TLT=$87.14 CRUDE=$91.77
Alerts fired: 0
[2026-03-12T06:47:36.289422] TLT alerts running...
TLT=$87.14 CRUDE=$91.51
Alerts fired: 0
[2026-03-12T07:02:36.483281] TLT alerts running...
TLT=$87.14 CRUDE=$91.51
Alerts fired: 0
[2026-03-12T07:17:36.631971] TLT alerts running...
TLT=$87.14 CRUDE=$91.43
Alerts fired: 0
[2026-03-12T07:32:36.768809] TLT alerts running...
TLT=$87.14 CRUDE=$91.43
Alerts fired: 0
[2026-03-12T07:47:36.903099] TLT alerts running...
TLT=$87.14 CRUDE=$91.43
Alerts fired: 0
[2026-03-12T08:02:37.043575] TLT alerts running...
TLT=$87.14 CRUDE=$91.42
Alerts fired: 0
[2026-03-12T08:17:37.178489] TLT alerts running...
TLT=$87.14 CRUDE=$91.42
Alerts fired: 0
[2026-03-12T08:32:37.309066] TLT alerts running...
TLT=$87.14 CRUDE=$93.01
Alerts fired: 0
[2026-03-12T08:47:37.444498] TLT alerts running...
TLT=$87.14 CRUDE=$93.01
Alerts fired: 0
[2026-03-12T09:02:37.575317] TLT alerts running...
TLT=$87.14 CRUDE=$93.33
Alerts fired: 0
[2026-03-12T09:17:37.708079] TLT alerts running...
TLT=$87.14 CRUDE=$93.33
Alerts fired: 0
[2026-03-12T09:32:37.837605] TLT alerts running...
TLT=$86.92 CRUDE=$94.54
Alerts fired: 0
[2026-03-12T09:47:37.979237] TLT alerts running...
TLT=$86.92 CRUDE=$94.54
Alerts fired: 0
[2026-03-12T10:02:38.121191] TLT alerts running...
TLT=$87.08 CRUDE=$94.48
Alerts fired: 0
[2026-03-12T10:17:38.257769] TLT alerts running...
TLT=$87.08 CRUDE=$94.48
Alerts fired: 0
[2026-03-12T10:32:38.452125] TLT alerts running...
TLT=$87.08 CRUDE=$94.48
Alerts fired: 0
[2026-03-12T10:47:38.574793] TLT alerts running...
TLT=$87.055 CRUDE=$95.44
[FIRED] CRUDE_WATCH_95.0 = 95.44
[FIRED] SPX_SHORT_6700.0 = 6690.75
Alerts fired: 2
[2026-03-12T11:02:39.879130] TLT alerts running...
TLT=$87.055 CRUDE=$95.44
Alerts fired: 0
[2026-03-12T11:17:40.019632] TLT alerts running...
TLT=$86.92 CRUDE=$96.43
Alerts fired: 0
[2026-03-12T11:32:40.155852] TLT alerts running...
TLT=$86.92 CRUDE=$96.43
Alerts fired: 0
[2026-03-12T11:47:40.338671] TLT alerts running...
TLT=$86.92 CRUDE=$96.43
Alerts fired: 0
[2026-03-12T12:02:40.480971] TLT alerts running...
TLT=$87.045 CRUDE=$96.75
Alerts fired: 0
[2026-03-12T12:17:40.607724] TLT alerts running...
TLT=$87.045 CRUDE=$96.75
Alerts fired: 0
[2026-03-12T12:32:40.745956] TLT alerts running...
TLT=$87.0401 CRUDE=$95.61
Alerts fired: 0
[2026-03-12T12:47:40.878978] TLT alerts running...
TLT=$87.0401 CRUDE=$95.61
Alerts fired: 0
[2026-03-12T13:02:41.014236] TLT alerts running...
TLT=$87.01 CRUDE=$94.52
Alerts fired: 0
[2026-03-12T13:17:41.146827] TLT alerts running...
TLT=$87.01 CRUDE=$94.52
Alerts fired: 0
[2026-03-12T13:32:41.312074] TLT alerts running...
TLT=$87.01 CRUDE=$94.52
Alerts fired: 0
[2026-03-12T13:47:41.447142] TLT alerts running...
TLT=$87.21 CRUDE=$94.96
Alerts fired: 0
[2026-03-12T14:02:41.582574] TLT alerts running...
TLT=$87.21 CRUDE=$94.96
Alerts fired: 0
[2026-03-12T14:17:41.713803] TLT alerts running...
TLT=$87.09 CRUDE=$94.92
Alerts fired: 0
[2026-03-12T14:32:41.851212] TLT alerts running...
TLT=$87.09 CRUDE=$94.92
Alerts fired: 0
[2026-03-12T14:47:41.977958] TLT alerts running...
TLT=$87.105 CRUDE=$95.79
[FIRED] SPX_SHORT_6700.0 = 6688.48
Alerts fired: 1
[2026-03-12T15:02:42.732124] TLT alerts running...
TLT=$87.105 CRUDE=$95.79
Alerts fired: 0
[2026-03-12T15:17:42.871871] TLT alerts running...
TLT=$86.8999 CRUDE=$96.83
Alerts fired: 0
[2026-03-12T15:32:43.005521] TLT alerts running...
TLT=$86.8999 CRUDE=$96.83
Alerts fired: 0
[2026-03-12T15:47:43.170923] TLT alerts running...
TLT=$86.8999 CRUDE=$96.83
Alerts fired: 0
[2026-03-12T16:02:43.310161] TLT alerts running...
TLT=$87.06 CRUDE=$95.72
Alerts fired: 0
[2026-03-12T16:17:44.062826] TLT alerts running...
TLT=$87.06 CRUDE=$95.72
Alerts fired: 0
[2026-03-12T16:32:44.197250] TLT alerts running...
TLT=$87.06 CRUDE=$95.72
Alerts fired: 0
[2026-03-12T16:47:44.326359] TLT alerts running...
TLT=$86.97 CRUDE=$96.29
[FIRED] CRUDE_WATCH_95.0 = 96.29
Alerts fired: 1
[2026-03-12T17:02:45.072991] TLT alerts running...
TLT=$86.97 CRUDE=$96.29
Alerts fired: 0
[2026-03-12T17:17:45.212190] TLT alerts running...
TLT=$86.97 CRUDE=$96.39
Alerts fired: 0
[2026-03-12T17:32:45.343719] TLT alerts running...
TLT=$86.97 CRUDE=$96.39
Alerts fired: 0
[2026-03-12T17:47:45.475272] TLT alerts running...
TLT=$86.97 CRUDE=$96.39
Alerts fired: 0
[2026-03-12T18:02:45.615885] TLT alerts running...
TLT=$86.97 CRUDE=$96.39
Alerts fired: 0
[2026-03-12T18:17:45.820821] TLT alerts running...
TLT=$86.97 CRUDE=$96.39
Alerts fired: 0
[2026-03-12T18:32:45.954663] TLT alerts running...
TLT=$86.97 CRUDE=$97.52
Alerts fired: 0
[2026-03-12T18:47:46.089822] TLT alerts running...
TLT=$86.97 CRUDE=$97.52
[FIRED] SPX_SHORT_6700.0 = 6672.6201
Alerts fired: 1
[2026-03-12T19:02:46.789026] TLT alerts running...
TLT=$86.97 CRUDE=$96.7
Alerts fired: 0
[2026-03-12T19:17:46.957361] TLT alerts running...
TLT=$86.97 CRUDE=$96.7
Alerts fired: 0
[2026-03-12T19:32:47.106565] TLT alerts running...
TLT=$86.97 CRUDE=$96.7
Alerts fired: 0
[2026-03-12T19:47:47.238127] TLT alerts running...
TLT=$86.97 CRUDE=$97.15
Alerts fired: 0
[2026-03-12T20:02:47.362293] TLT alerts running...
TLT=$86.97 CRUDE=$97.15
Alerts fired: 0
[2026-03-12T20:17:47.491100] TLT alerts running...
TLT=$86.97 CRUDE=$96.78
Alerts fired: 0
[2026-03-12T20:32:47.628200] TLT alerts running...
TLT=$86.97 CRUDE=$96.78
Alerts fired: 0
[2026-03-12T20:47:47.794419] TLT alerts running...
TLT=$86.97 CRUDE=$96.78
Alerts fired: 0
[2026-03-12T21:02:47.970909] TLT alerts running...
TLT=$86.97 CRUDE=$95.1
Alerts fired: 0
[2026-03-12T21:17:48.151964] TLT alerts running...
TLT=$86.97 CRUDE=$95.25
Alerts fired: 0
[2026-03-12T21:32:48.332908] TLT alerts running...
TLT=$86.97 CRUDE=$94.94
Alerts fired: 0
[2026-03-12T21:47:48.499072] TLT alerts running...
TLT=$86.97 CRUDE=$95.1
Alerts fired: 0
[2026-03-12T22:02:48.635443] TLT alerts running...
TLT=$86.97 CRUDE=$95.69
Alerts fired: 0
[2026-03-12T22:17:48.766190] TLT alerts running...
TLT=$86.97 CRUDE=$95.43
Alerts fired: 0
[2026-03-12T22:32:48.895723] TLT alerts running...
TLT=$86.97 CRUDE=$95.52
Alerts fired: 0
[2026-03-12T22:47:49.038486] TLT alerts running...
TLT=$86.97 CRUDE=$95.53
[FIRED] CRUDE_WATCH_95.0 = 95.53
[FIRED] SPX_SHORT_6700.0 = 6672.6201
Alerts fired: 2
[2026-03-12T23:02:50.327947] TLT alerts running...
TLT=$86.97 CRUDE=$96.22
Alerts fired: 0
[2026-03-12T23:17:50.457902] TLT alerts running...
TLT=$86.97 CRUDE=$96.2
Alerts fired: 0
[2026-03-12T23:32:50.591066] TLT alerts running...
TLT=$86.97 CRUDE=$95.97
Alerts fired: 0
[2026-03-12T23:47:50.733236] TLT alerts running...
TLT=$86.97 CRUDE=$95.84
Alerts fired: 0
[2026-03-13T00:02:50.877490] TLT alerts running...
TLT=$86.97 CRUDE=$95.47
Alerts fired: 0
[2026-03-13T00:17:51.013178] TLT alerts running...
TLT=$86.97 CRUDE=$95.58
Alerts fired: 0
[2026-03-13T00:32:51.198586] TLT alerts running...
TLT=$86.97 CRUDE=$95.56
Alerts fired: 0
[2026-03-13T00:47:51.376705] TLT alerts running...
TLT=$86.97 CRUDE=$95.79
Alerts fired: 0
[2026-03-13T01:02:51.508696] TLT alerts running...
TLT=$86.97 CRUDE=$95.3
Alerts fired: 0
[2026-03-13T01:17:51.672339] TLT alerts running...
TLT=$86.97 CRUDE=$95.34
Alerts fired: 0
[2026-03-13T01:32:51.816922] TLT alerts running...
TLT=$86.97 CRUDE=$95.4
Alerts fired: 0
[2026-03-13T01:47:51.980866] TLT alerts running...
TLT=$86.97 CRUDE=$95.13
Alerts fired: 0
[2026-03-13T02:02:52.155459] TLT alerts running...
TLT=$86.97 CRUDE=$95.24
Alerts fired: 0
[2026-03-13T02:17:52.339475] TLT alerts running...
TLT=$86.97 CRUDE=$95.33
Alerts fired: 0
[2026-03-13T02:32:52.491413] TLT alerts running...
TLT=$86.97 CRUDE=$95.03
Alerts fired: 0
[2026-03-13T02:47:52.641502] TLT alerts running...
TLT=$86.97 CRUDE=$95.51
[FIRED] SPX_SHORT_6700.0 = 6672.6201
Alerts fired: 1
[2026-03-13T03:02:53.413508] TLT alerts running...
TLT=$86.97 CRUDE=$95.82
Alerts fired: 0
[2026-03-13T03:17:53.550511] TLT alerts running...
TLT=$86.97 CRUDE=$96.32
Alerts fired: 0
[2026-03-13T03:32:53.688886] TLT alerts running...
TLT=$86.97 CRUDE=$96.78
Alerts fired: 0
[2026-03-13T03:47:53.823702] TLT alerts running...
TLT=$86.97 CRUDE=$96.54
Alerts fired: 0
[2026-03-13T04:02:53.968643] TLT alerts running...
TLT=$86.97 CRUDE=$97.25
Alerts fired: 0
[2026-03-13T04:17:54.104791] TLT alerts running...
TLT=$86.97 CRUDE=$97.56
Alerts fired: 0
[2026-03-13T04:32:54.238668] TLT alerts running...
TLT=$86.97 CRUDE=$97.47
Alerts fired: 0
[2026-03-13T04:47:54.371149] TLT alerts running...
TLT=$86.97 CRUDE=$96.69
[FIRED] CRUDE_WATCH_95.0 = 96.69
Alerts fired: 1
[2026-03-13T05:02:55.107016] TLT alerts running...
TLT=$86.97 CRUDE=$96.19
Alerts fired: 0
[2026-03-13T05:17:55.235493] TLT alerts running...
TLT=$86.97 CRUDE=$95.85
Alerts fired: 0
[2026-03-13T05:32:55.369719] TLT alerts running...
TLT=$86.97 CRUDE=$95.85
Alerts fired: 0
[2026-03-13T05:47:55.498743] TLT alerts running...
TLT=$86.97 CRUDE=$95.75
Alerts fired: 0
[2026-03-13T06:02:55.635319] TLT alerts running...
TLT=$86.97 CRUDE=$95.8
Alerts fired: 0
[2026-03-13T06:17:55.771526] TLT alerts running...
TLT=$86.97 CRUDE=$95.8
Alerts fired: 0
[2026-03-13T06:32:55.905433] TLT alerts running...
TLT=$86.97 CRUDE=$95.8
Alerts fired: 0
[2026-03-13T06:47:56.037615] TLT alerts running...
TLT=$86.97 CRUDE=$95.12
[FIRED] SPX_SHORT_6700.0 = 6672.6201
Alerts fired: 1
[2026-03-13T07:02:56.738571] TLT alerts running...
TLT=$86.97 CRUDE=$95.12
Alerts fired: 0
[2026-03-17T20:01:47.477075] TLT alerts running...
TLT=$87.45 CRUDE=$95.55
TG error: HTTPSConnectionPool(host='api.telegram.org', port=443): Max retries exceeded with url: /bot8320091698:AAEDPuqw9o-14aI04cYHP-ByxzsTz2LktvY/sendMessage (Caused by NameResolutionError("HTTPSConnection(host='api.telegram.org', port=443): Failed to resolve 'api.telegram.org' ([Errno 8] nodename nor servname provided, or not known)"))
Alerts fired: 0
[2026-03-17T20:16:47.662217] TLT alerts running...
TLT=$87.45 CRUDE=$95.17
[FIRED] CRUDE_WATCH_95.0 = 95.17
Alerts fired: 1
[2026-03-17T20:31:51.469917] TLT alerts running...
TLT=$87.45 CRUDE=$95.17
Alerts fired: 0
[2026-03-17T20:46:51.639356] TLT alerts running...
TLT=$87.45 CRUDE=$94.83
Alerts fired: 0
[2026-03-17T21:01:51.809940] TLT alerts running...
TLT=$87.45 CRUDE=$94.83
Alerts fired: 0
[2026-03-17T21:16:51.945455] TLT alerts running...
TLT=$87.45 CRUDE=$94.1
Alerts fired: 0
[2026-03-17T21:31:52.081159] TLT alerts running...
TLT=$87.45 CRUDE=$94.23
Alerts fired: 0
[2026-03-17T21:46:52.217335] TLT alerts running...
TLT=$87.45 CRUDE=$94.35
Alerts fired: 0
[2026-03-17T22:01:52.355017] TLT alerts running...
TLT=$87.45 CRUDE=$94.28
Alerts fired: 0
[2026-03-17T22:16:52.484519] TLT alerts running...
TLT=$87.45 CRUDE=$94.37
Alerts fired: 0
[2026-03-17T22:31:52.617498] TLT alerts running...
TLT=$87.45 CRUDE=$94.08
Alerts fired: 0
[2026-03-17T22:46:52.748677] TLT alerts running...
TLT=$87.45 CRUDE=$93.89
Alerts fired: 0
[2026-03-17T23:01:52.881154] TLT alerts running...
TLT=$87.45 CRUDE=$93.63
Alerts fired: 0
[2026-03-17T23:16:53.020385] TLT alerts running...
TLT=$87.45 CRUDE=$93.59
Alerts fired: 0
[2026-03-17T23:31:53.164467] TLT alerts running...
TLT=$87.45 CRUDE=$93.8
Alerts fired: 0
[2026-03-17T23:46:53.295969] TLT alerts running...
TLT=$87.45 CRUDE=$93.52
Alerts fired: 0
[2026-03-18T00:01:53.430412] TLT alerts running...
TLT=$87.45 CRUDE=$96.21
Alerts fired: 0
[2026-03-18T00:16:53.563273] TLT alerts running...
TLT=$87.45 CRUDE=$92.41
Alerts fired: 0
[2026-03-18T00:31:53.664682] TLT alerts running...
TLT=$87.45 CRUDE=$92.38
Alerts fired: 0
[2026-03-18T00:46:53.799735] TLT alerts running...
TLT=$87.45 CRUDE=$92.48
Alerts fired: 0
[2026-03-18T01:01:53.931393] TLT alerts running...
TLT=$87.45 CRUDE=$92.48
Alerts fired: 0
[2026-03-18T01:16:54.069516] TLT alerts running...
TLT=$87.45 CRUDE=$92.52
Alerts fired: 0
[2026-03-18T01:31:54.200382] TLT alerts running...
TLT=$87.45 CRUDE=$92.39
Alerts fired: 0
[2026-03-18T01:46:54.327536] TLT alerts running...
TLT=$87.45 CRUDE=$92.27
Alerts fired: 0
[2026-03-18T02:01:54.455293] TLT alerts running...
TLT=$87.45 CRUDE=$92.34
Alerts fired: 0
[2026-03-18T02:16:54.589481] TLT alerts running...
TLT=$87.45 CRUDE=$92.51
Alerts fired: 0
[2026-03-18T02:31:54.724613] TLT alerts running...
TLT=$87.45 CRUDE=$91.66
Alerts fired: 0
[2026-03-18T02:46:54.861040] TLT alerts running...
TLT=$87.45 CRUDE=$92.12
Alerts fired: 0
[2026-03-18T03:01:55.000964] TLT alerts running...
TLT=$87.45 CRUDE=$92.5
Alerts fired: 0
[2026-03-18T03:16:55.134780] TLT alerts running...
TLT=$87.45 CRUDE=$92.84
Alerts fired: 0
[2026-03-18T03:31:55.270682] TLT alerts running...
TLT=$87.45 CRUDE=$92.72
Alerts fired: 0
[2026-03-18T03:46:55.403732] TLT alerts running...
TLT=$87.45 CRUDE=$93.09
Alerts fired: 0
[2026-03-18T04:01:55.526929] TLT alerts running...
TLT=$87.45 CRUDE=$93.22
Alerts fired: 0
[2026-03-18T04:16:55.650656] TLT alerts running...
TLT=$87.45 CRUDE=$93.22
Alerts fired: 0
[2026-03-18T04:31:55.779147] TLT alerts running...
TLT=$87.45 CRUDE=$93.39
Alerts fired: 0
[2026-03-18T04:46:55.915880] TLT alerts running...
TLT=$87.45 CRUDE=$94.12
Alerts fired: 0
[2026-03-18T05:01:56.050033] TLT alerts running...
TLT=$87.45 CRUDE=$93.87
Alerts fired: 0
[2026-03-18T05:16:56.195655] TLT alerts running...
TLT=$87.45 CRUDE=$93.87
Alerts fired: 0
[2026-03-18T05:31:56.328238] TLT alerts running...
TLT=$87.45 CRUDE=$94.17
Alerts fired: 0
[2026-03-18T05:46:56.456435] TLT alerts running...
TLT=$87.45 CRUDE=$94.17
Alerts fired: 0
[2026-03-18T06:01:56.591386] TLT alerts running...
TLT=$87.45 CRUDE=$94.24
Alerts fired: 0
[2026-03-18T06:16:56.728382] TLT alerts running...
TLT=$87.45 CRUDE=$94.24
Alerts fired: 0
[2026-03-18T06:31:56.863593] TLT alerts running...
TLT=$87.45 CRUDE=$94.24
Alerts fired: 0
[2026-03-18T06:46:56.997593] TLT alerts running...
TLT=$87.45 CRUDE=$94.32
Alerts fired: 0
[2026-03-18T07:01:57.126061] TLT alerts running...
TLT=$87.45 CRUDE=$94.32
Alerts fired: 0
[2026-03-18T07:16:57.251297] TLT alerts running...
TLT=$87.45 CRUDE=$94.38
Alerts fired: 0
[2026-03-18T07:31:57.382965] TLT alerts running...
TLT=$87.45 CRUDE=$94.38
Alerts fired: 0
[2026-03-18T07:46:57.547966] TLT alerts running...
TLT=$87.45 CRUDE=$94.25
Alerts fired: 0
[2026-03-18T08:01:57.694418] TLT alerts running...
TLT=$87.45 CRUDE=$94.25
Alerts fired: 0
[2026-03-18T08:16:57.845874] TLT alerts running...
TLT=$87.45 CRUDE=$94.65
Alerts fired: 0
[2026-03-18T08:31:57.980913] TLT alerts running...
TLT=$87.45 CRUDE=$94.65
Alerts fired: 0
[2026-03-18T08:46:58.116784] TLT alerts running...
TLT=$87.45 CRUDE=$95.57
Alerts fired: 0
[2026-03-18T09:01:58.239241] TLT alerts running...
TLT=$87.45 CRUDE=$95.57
Alerts fired: 0
[2026-03-18T09:16:58.377313] TLT alerts running...
TLT=$87.45 CRUDE=$97.13
Alerts fired: 0
[2026-03-18T09:31:58.501135] TLT alerts running...
TLT=$87.45 CRUDE=$97.13
Alerts fired: 0
[2026-03-18T09:46:58.628550] TLT alerts running...
TLT=$87.345 CRUDE=$97.22
Alerts fired: 0
[2026-03-18T10:01:58.762907] TLT alerts running...
TLT=$87.345 CRUDE=$97.22
Alerts fired: 0
[2026-03-18T10:16:58.896383] TLT alerts running...
TLT=$87.275 CRUDE=$97.93
[FIRED] SPX_SHORT_6700.0 = 6692.1802
Alerts fired: 1
[2026-03-18T10:31:59.655777] TLT alerts running...
TLT=$87.275 CRUDE=$97.93
Alerts fired: 0
[2026-03-18T10:46:59.784502] TLT alerts running...
TLT=$87.191 CRUDE=$98.23
Alerts fired: 0
[2026-03-18T11:01:59.915125] TLT alerts running...
TLT=$87.191 CRUDE=$98.23
Alerts fired: 0
[2026-03-18T11:17:00.046004] TLT alerts running...
TLT=$87.29 CRUDE=$97.65
Alerts fired: 0
[2026-03-18T11:32:00.182885] TLT alerts running...
TLT=$87.29 CRUDE=$97.65
Alerts fired: 0
[2026-03-18T11:47:00.313359] TLT alerts running...
TLT=$87.29 CRUDE=$98.08
Alerts fired: 0
[2026-03-18T12:02:00.442651] TLT alerts running...
TLT=$87.29 CRUDE=$98.08
Alerts fired: 0
[2026-03-18T12:17:00.573145] TLT alerts running...
TLT=$87.2499 CRUDE=$97.4
Alerts fired: 0
[2026-03-18T12:32:00.699069] TLT alerts running...
TLT=$87.2499 CRUDE=$97.4
Alerts fired: 0
[2026-03-18T12:47:00.834191] TLT alerts running...
TLT=$87.2499 CRUDE=$97.4
Alerts fired: 0
[2026-03-18T13:02:00.969100] TLT alerts running...
TLT=$87.3201 CRUDE=$97.13
Alerts fired: 0
[2026-03-18T13:17:01.096979] TLT alerts running...
TLT=$87.3201 CRUDE=$97.13
Alerts fired: 0
[2026-03-18T13:32:01.232622] TLT alerts running...
TLT=$87.235 CRUDE=$97.22
Alerts fired: 0
[2026-03-18T13:47:01.364700] TLT alerts running...
TLT=$87.235 CRUDE=$97.22
Alerts fired: 0
[2026-03-18T14:02:01.503451] TLT alerts running...
TLT=$87.335 CRUDE=$96.57
Alerts fired: 0
[2026-03-18T14:17:01.635396] TLT alerts running...
TLT=$87.335 CRUDE=$96.57
Alerts fired: 0
[2026-03-18T14:32:01.762776] TLT alerts running...
TLT=$87.4 CRUDE=$94.76
Alerts fired: 0
[2026-03-18T14:47:01.887821] TLT alerts running...
TLT=$87.4 CRUDE=$94.76
Alerts fired: 0
[2026-03-18T15:02:02.020719] TLT alerts running...
TLT=$87.1224 CRUDE=$96.2
Alerts fired: 0
[2026-03-18T15:17:02.151135] TLT alerts running...
TLT=$87.1224 CRUDE=$96.2
Alerts fired: 0
[2026-03-18T15:32:02.284934] TLT alerts running...
TLT=$86.9899 CRUDE=$96.39
Alerts fired: 0
[2026-03-18T15:47:02.409471] TLT alerts running...
TLT=$86.9899 CRUDE=$96.39
Alerts fired: 0
[2026-03-18T16:02:02.541140] TLT alerts running...
TLT=$86.97 CRUDE=$97.56
Alerts fired: 0
[2026-03-18T16:17:03.271828] TLT alerts running...
TLT=$86.97 CRUDE=$97.56
Alerts fired: 0
[2026-03-18T16:32:03.407170] TLT alerts running...
TLT=$86.955 CRUDE=$98.71
Alerts fired: 0
[2026-03-18T16:47:03.539851] TLT alerts running...
TLT=$86.955 CRUDE=$98.71
Alerts fired: 0
[2026-03-18T17:02:03.748883] TLT alerts running...
TLT=$86.955 CRUDE=$98.92
Alerts fired: 0
[2026-03-18T17:17:03.881740] TLT alerts running...
TLT=$86.955 CRUDE=$99.05
Alerts fired: 0
[2026-03-18T17:32:04.011436] TLT alerts running...
TLT=$86.955 CRUDE=$99.05
Alerts fired: 0
[2026-03-18T17:47:04.146010] TLT alerts running...
TLT=$86.955 CRUDE=$99.05
Alerts fired: 0
[2026-03-18T18:02:04.267518] TLT alerts running...
TLT=$86.955 CRUDE=$99.05
Alerts fired: 0
[2026-03-18T18:17:04.393732] TLT alerts running...
TLT=$86.955 CRUDE=$99.05
Alerts fired: 0
[2026-03-18T18:32:04.523912] TLT alerts running...
TLT=$86.955 CRUDE=$98.31
Alerts fired: 0
[2026-03-18T18:47:04.653561] TLT alerts running...
TLT=$86.955 CRUDE=$98.31
Alerts fired: 0
[2026-03-18T19:02:04.785976] TLT alerts running...
TLT=$86.955 CRUDE=$98.16
Alerts fired: 0
[2026-03-18T19:17:04.915648] TLT alerts running...
TLT=$86.955 CRUDE=$98.16
Alerts fired: 0
[2026-03-18T19:32:05.038107] TLT alerts running...
TLT=$86.955 CRUDE=$98.16
Alerts fired: 0
[2026-03-18T19:47:05.164256] TLT alerts running...
TLT=$86.955 CRUDE=$98.43
Alerts fired: 0
[2026-03-18T20:02:05.355927] TLT alerts running...
TLT=$86.955 CRUDE=$98.43
Alerts fired: 0
[2026-03-18T20:17:05.494291] TLT alerts running...
TLT=$86.955 CRUDE=$98.49
Alerts fired: 0
[2026-03-18T20:32:05.632296] TLT alerts running...
TLT=$86.955 CRUDE=$98.49
Alerts fired: 0
[2026-03-18T20:47:05.763039] TLT alerts running...
TLT=$86.955 CRUDE=$99.0
Alerts fired: 0
[2026-03-18T21:02:05.900624] TLT alerts running...
TLT=$86.955 CRUDE=$98.23
Alerts fired: 0
[2026-03-18T21:17:06.037988] TLT alerts running...
TLT=$86.955 CRUDE=$98.32
Alerts fired: 0
[2026-03-18T21:32:06.174188] TLT alerts running...
TLT=$86.955 CRUDE=$97.98
Alerts fired: 0
[2026-03-18T21:47:06.305955] TLT alerts running...
TLT=$86.955 CRUDE=$97.78
Alerts fired: 0
[2026-03-18T22:02:06.440420] TLT alerts running...
TLT=$86.955 CRUDE=$98.05
Alerts fired: 0
[2026-03-18T22:17:06.580246] TLT alerts running...
TLT=$86.955 CRUDE=$97.84
Alerts fired: 0
[2026-03-18T22:32:06.719067] TLT alerts running...
TLT=$86.955 CRUDE=$96.5
Alerts fired: 0
[2026-03-18T22:47:06.876130] TLT alerts running...
TLT=$86.955 CRUDE=$96.38
Alerts fired: 0
[2026-03-18T23:02:07.042191] TLT alerts running...
TLT=$86.955 CRUDE=$96.23
Alerts fired: 0
[2026-03-18T23:17:07.170737] TLT alerts running...
TLT=$86.955 CRUDE=$96.31
Alerts fired: 0
[2026-03-18T23:32:07.300572] TLT alerts running...
TLT=$86.955 CRUDE=$95.99
Alerts fired: 0
[2026-03-18T23:47:07.435513] TLT alerts running...
TLT=$86.955 CRUDE=$96.36
Alerts fired: 0
[2026-03-19T00:02:07.575541] TLT alerts running...
TLT=$86.955 CRUDE=$96.32
Alerts fired: 0
[2026-03-19T00:17:07.713323] TLT alerts running...
TLT=$86.955 CRUDE=$96.48
Alerts fired: 0
[2026-03-19T00:32:07.842153] TLT alerts running...
TLT=$86.955 CRUDE=$96.65
Alerts fired: 0
[2026-03-19T00:47:07.985440] TLT alerts running...
TLT=$86.955 CRUDE=$96.44
Alerts fired: 0
[2026-03-19T01:02:08.118631] TLT alerts running...
TLT=$86.955 CRUDE=$96.7
Alerts fired: 0
[2026-03-19T01:17:08.253741] TLT alerts running...
TLT=$86.955 CRUDE=$96.41
Alerts fired: 0
[2026-03-19T01:32:08.380100] TLT alerts running...
TLT=$86.955 CRUDE=$96.18
Alerts fired: 0
[2026-03-19T01:47:08.511818] TLT alerts running...
TLT=$86.955 CRUDE=$96.58
Alerts fired: 0
[2026-03-19T02:02:08.648804] TLT alerts running...
TLT=$86.955 CRUDE=$96.5
Alerts fired: 0
[2026-03-19T02:17:08.783838] TLT alerts running...
TLT=$86.955 CRUDE=$96.52
Alerts fired: 0
[2026-03-19T02:32:08.915295] TLT alerts running...
TLT=$86.955 CRUDE=$96.27
Alerts fired: 0
[2026-03-19T02:47:09.049576] TLT alerts running...
TLT=$86.955 CRUDE=$96.74
Alerts fired: 0
[2026-03-19T03:02:09.178494] TLT alerts running...
TLT=$86.955 CRUDE=$96.48
Alerts fired: 0
[2026-03-19T03:17:09.299881] TLT alerts running...
TLT=$86.955 CRUDE=$96.5
Alerts fired: 0
[2026-03-19T03:32:09.441047] TLT alerts running...
TLT=$86.955 CRUDE=$95.73
Alerts fired: 0
[2026-03-19T03:47:09.575291] TLT alerts running...
TLT=$86.955 CRUDE=$96.33
Alerts fired: 0
[2026-03-19T04:02:09.714019] TLT alerts running...
TLT=$86.955 CRUDE=$96.37
Alerts fired: 0
[2026-03-19T04:17:09.853325] TLT alerts running...
TLT=$86.955 CRUDE=$96.56
Alerts fired: 0
[2026-03-19T04:32:10.002843] TLT alerts running...
TLT=$86.955 CRUDE=$96.06
Alerts fired: 0
[2026-03-19T04:47:10.146353] TLT alerts running...
TLT=$86.955 CRUDE=$96.48
Alerts fired: 0
[2026-03-19T05:02:10.278841] TLT alerts running...
TLT=$86.955 CRUDE=$96.65
Alerts fired: 0
[2026-03-19T05:17:10.410473] TLT alerts running...
TLT=$86.955 CRUDE=$96.65
Alerts fired: 0
[2026-03-19T05:32:10.547652] TLT alerts running...
TLT=$86.955 CRUDE=$97.0
Alerts fired: 0
[2026-03-19T05:47:10.684737] TLT alerts running...
TLT=$86.955 CRUDE=$97.0
Alerts fired: 0
[2026-03-19T06:02:10.817994] TLT alerts running...
TLT=$86.955 CRUDE=$95.68
Alerts fired: 0
[2026-03-19T06:17:10.947574] TLT alerts running...
TLT=$86.955 CRUDE=$95.68
Alerts fired: 0
[2026-03-19T06:32:11.079949] TLT alerts running...
TLT=$86.955 CRUDE=$95.81
Alerts fired: 0
[2026-03-19T06:47:11.215873] TLT alerts running...
TLT=$86.955 CRUDE=$95.81
Alerts fired: 0
[2026-03-19T07:02:11.350795] TLT alerts running...
TLT=$86.955 CRUDE=$95.81
Alerts fired: 0
[2026-03-19T07:17:11.479833] TLT alerts running...
TLT=$86.955 CRUDE=$96.3
Alerts fired: 0
[2026-03-19T07:32:11.616044] TLT alerts running...
TLT=$86.955 CRUDE=$96.3
Alerts fired: 0
[2026-03-19T07:47:11.748492] TLT alerts running...
TLT=$86.955 CRUDE=$96.83
Alerts fired: 0
[2026-03-19T08:02:11.979587] TLT alerts running...
TLT=$86.955 CRUDE=$96.83
Alerts fired: 0
[2026-03-19T08:17:12.123813] TLT alerts running...
TLT=$86.955 CRUDE=$96.81
Alerts fired: 0
[2026-03-19T08:32:12.254958] TLT alerts running...
TLT=$86.955 CRUDE=$96.81
Alerts fired: 0
[2026-03-19T08:47:12.381412] TLT alerts running...
TLT=$86.955 CRUDE=$96.31
Alerts fired: 0
[2026-03-19T09:02:12.512394] TLT alerts running...
TLT=$86.955 CRUDE=$96.31
Alerts fired: 0
[2026-03-19T09:17:12.647306] TLT alerts running...
TLT=$86.955 CRUDE=$96.1
Alerts fired: 0
[2026-03-19T09:32:12.769021] TLT alerts running...
TLT=$86.955 CRUDE=$96.1
Alerts fired: 0
[2026-03-19T09:47:12.899064] TLT alerts running...
TLT=$87.095 CRUDE=$97.06
Alerts fired: 0
[2026-03-19T10:02:13.029553] TLT alerts running...
TLT=$87.095 CRUDE=$97.06
Alerts fired: 0
[2026-03-19T10:17:13.161273] TLT alerts running...
TLT=$87.38 CRUDE=$95.91
Alerts fired: 0
[2026-03-19T10:32:13.295128] TLT alerts running...
TLT=$87.38 CRUDE=$95.91
Alerts fired: 0
[2026-03-19T10:47:13.422960] TLT alerts running...
TLT=$87.39 CRUDE=$96.68
Alerts fired: 0
[2026-03-19T11:02:13.551880] TLT alerts running...
TLT=$87.39 CRUDE=$96.68
Alerts fired: 0
[2026-03-19T11:17:13.681480] TLT alerts running...
TLT=$87.4499 CRUDE=$96.39
Alerts fired: 0
[2026-03-19T11:32:13.809060] TLT alerts running...
TLT=$87.4499 CRUDE=$96.39
Alerts fired: 0
[2026-03-19T11:47:13.941248] TLT alerts running...
TLT=$87.3899 CRUDE=$96.38
Alerts fired: 0
[2026-03-19T12:02:14.070342] TLT alerts running...
TLT=$87.3899 CRUDE=$96.38
Alerts fired: 0
[2026-03-19T12:17:14.203391] TLT alerts running...
TLT=$87.605 CRUDE=$97.53
Alerts fired: 0
[2026-03-19T12:32:14.337764] TLT alerts running...
TLT=$87.605 CRUDE=$97.53
Alerts fired: 0
[2026-03-19T12:47:14.472054] TLT alerts running...
TLT=$87.605 CRUDE=$97.53
Alerts fired: 0
[2026-03-19T13:02:14.607266] TLT alerts running...
TLT=$87.62 CRUDE=$98.37
Alerts fired: 0
[2026-03-19T13:17:14.736178] TLT alerts running...
TLT=$87.62 CRUDE=$98.37
Alerts fired: 0
[2026-03-19T13:32:14.870758] TLT alerts running...
TLT=$87.485 CRUDE=$96.88
Alerts fired: 0
[2026-03-19T13:47:14.998577] TLT alerts running...
TLT=$87.485 CRUDE=$96.88
Alerts fired: 0
[2026-03-19T14:02:15.135310] TLT alerts running...
TLT=$87.425 CRUDE=$96.02
Alerts fired: 0
[2026-03-19T14:17:15.262202] TLT alerts running...
TLT=$87.425 CRUDE=$96.02
Alerts fired: 0
[2026-03-19T14:32:15.395423] TLT alerts running...
TLT=$87.33 CRUDE=$94.52
Alerts fired: 0
[2026-03-19T14:47:15.520808] TLT alerts running...
TLT=$87.33 CRUDE=$94.52
Alerts fired: 0
[2026-03-19T15:02:15.652612] TLT alerts running...
TLT=$87.3325 CRUDE=$95.82
Alerts fired: 0
[2026-03-19T15:17:15.783475] TLT alerts running...
TLT=$87.3325 CRUDE=$95.82
Alerts fired: 0
[2026-03-19T15:32:15.916764] TLT alerts running...
TLT=$87.615 CRUDE=$93.12
Alerts fired: 0
[2026-03-19T15:47:16.053016] TLT alerts running...
TLT=$87.615 CRUDE=$93.12
Alerts fired: 0
[2026-03-19T16:02:16.184041] TLT alerts running...
TLT=$87.555 CRUDE=$93.82
Alerts fired: 0
[2026-03-19T16:17:16.959539] TLT alerts running...
TLT=$87.555 CRUDE=$93.82
Alerts fired: 0
[2026-03-19T16:32:17.083972] TLT alerts running...
TLT=$87.49 CRUDE=$94.43
Alerts fired: 0
[2026-03-19T16:47:17.212961] TLT alerts running...
TLT=$87.49 CRUDE=$94.43
Alerts fired: 0
[2026-03-19T17:02:17.346957] TLT alerts running...
TLT=$87.49 CRUDE=$94.48
Alerts fired: 0
[2026-03-19T17:17:17.472277] TLT alerts running...
TLT=$87.49 CRUDE=$94.59
Alerts fired: 0
[2026-03-19T17:32:17.598078] TLT alerts running...
TLT=$87.49 CRUDE=$94.59
Alerts fired: 0
[2026-03-19T17:47:17.725169] TLT alerts running...
TLT=$87.49 CRUDE=$94.59
Alerts fired: 0
[2026-03-19T18:02:17.860809] TLT alerts running...
TLT=$87.49 CRUDE=$94.59
Alerts fired: 0
[2026-03-19T18:17:17.964745] TLT alerts running...
TLT=$87.49 CRUDE=$94.59
Alerts fired: 0
[2026-03-19T18:32:18.096513] TLT alerts running...
TLT=$87.49 CRUDE=$94.39
Alerts fired: 0
[2026-03-19T18:47:18.227372] TLT alerts running...
TLT=$87.49 CRUDE=$94.39
Alerts fired: 0
[2026-03-19T19:02:18.355440] TLT alerts running...
TLT=$87.49 CRUDE=$94.1
Alerts fired: 0
[2026-03-19T19:17:18.490089] TLT alerts running...
TLT=$87.49 CRUDE=$94.1
Alerts fired: 0
[2026-03-19T19:32:18.619916] TLT alerts running...
TLT=$87.49 CRUDE=$93.99
Alerts fired: 0
[2026-03-19T19:47:18.752689] TLT alerts running...
TLT=$87.49 CRUDE=$93.99
Alerts fired: 0
[2026-03-19T20:02:18.877416] TLT alerts running...
TLT=$87.49 CRUDE=$93.99
Alerts fired: 0
[2026-03-19T20:17:19.044857] TLT alerts running...
TLT=$87.49 CRUDE=$94.07
Alerts fired: 0
[2026-03-19T20:32:19.174673] TLT alerts running...
TLT=$87.49 CRUDE=$94.07
Alerts fired: 0
[2026-03-19T20:47:19.338366] TLT alerts running...
TLT=$87.49 CRUDE=$93.99
Alerts fired: 0
[2026-03-19T21:02:19.482224] TLT alerts running...
TLT=$87.49 CRUDE=$93.99
Alerts fired: 0
[2026-03-19T21:17:19.612739] TLT alerts running...
TLT=$87.49 CRUDE=$94.24
Alerts fired: 0
[2026-03-19T21:32:19.741099] TLT alerts running...
TLT=$87.49 CRUDE=$92.91
Alerts fired: 0
[2026-03-19T21:47:19.927986] TLT alerts running...
TLT=$87.49 CRUDE=$92.79
Alerts fired: 0
[2026-03-19T22:02:20.060106] TLT alerts running...
TLT=$87.49 CRUDE=$92.69
Alerts fired: 0
[2026-03-19T22:17:20.189306] TLT alerts running...
TLT=$87.49 CRUDE=$93.25
Alerts fired: 0
[2026-03-19T22:32:20.327749] TLT alerts running...
TLT=$87.49 CRUDE=$93.05
Alerts fired: 0
[2026-03-19T22:47:20.461309] TLT alerts running...
TLT=$87.49 CRUDE=$93.53
Alerts fired: 0
[2026-03-19T23:02:20.589761] TLT alerts running...
TLT=$87.49 CRUDE=$93.65
Alerts fired: 0
[2026-03-19T23:17:20.724826] TLT alerts running...
TLT=$87.49 CRUDE=$93.52
Alerts fired: 0
[2026-03-19T23:32:20.858341] TLT alerts running...
TLT=$87.49 CRUDE=$93.78
Alerts fired: 0
