
=== WEEKLY TOP-SIGNAL READOUT (2026-04-20T13:15:04.894654Z) ===

TKR         WKS           WINDOW   SCORE   THR  RATIO     STATUS       TIER
---------------------------------------------------------------------------
DJI       21.2w        22.0-31.0w    3.29   4.1   0.80  PRE_WINDOW   WARN (robust)
GOLD       4.6w               ---                      too early
GLD        4.6w               ---                      too early
TLT        4.0w               ---                      too early
SLV        4.2w               ---                      too early
XAGUSD     4.6w               ---                      too early
BTC        4.0w               ---                      too early

⚠ 1 instrument(s) approaching weekly top (70%+ of threshold)
  • DJI: week 21.2, score 3.294 / thr 4.1 (80% of threshold)

Wrote /Users/zekezirk/zeke-portfolio/state/weekly-top-signal-live.json

=== WEEKLY TOP-SIGNAL READOUT (2026-04-24T20:30:03.836242Z) ===

TKR         WKS           WINDOW   SCORE   THR  RATIO     STATUS       TIER
---------------------------------------------------------------------------
GOLD       5.4w               ---                      too early
GLD        5.8w               ---                      too early
TLT        5.2w               ---                      too early
DJI        5.0w               ---                      too early
SLV        5.4w               ---                      too early
XAGUSD     5.4w               ---                      too early
BTC        4.8w               ---                      too early

Wrote /Users/zekezirk/zeke-portfolio/state/weekly-top-signal-live.json

=== WEEKLY TOP-SIGNAL READOUT (2026-04-27T13:15:01.522427Z) ===

TKR         WKS           WINDOW   SCORE   THR  RATIO     STATUS       TIER
---------------------------------------------------------------------------
GOLD       6.6w               ---                      too early
GLD        7.4w               ---                      too early
TLT        6.8w               ---                      too early
DJI        6.6w               ---                      too early
SLV        7.0w               ---                      too early
XAGUSD     6.6w               ---                      too early
BTC        5.6w               ---                      too early

Wrote /Users/zekezirk/zeke-portfolio/state/weekly-top-signal-live.json
